Archive member included to satisfy reference by file (symbol)

c:/users/fons/.eclipse/com.st.stm32cube.ide.mcu.rcp.product_1.1.0_1296977402_win32_win32_x86_64/plugins/com.st.stm32cube.ide.mcu.externaltools.gnu-tools-for-stm32.7-2018-q2-update.win32_1.4.0.202007081208/tools/bin/../lib/gcc/arm-none-eabi/7.3.1/../../../../arm-none-eabi/lib/thumb/v7e-m/fpv5/hard\libc_nano.a(lib_a-errno.o)
                              Core/Src/syscalls.o (__errno)
c:/users/fons/.eclipse/com.st.stm32cube.ide.mcu.rcp.product_1.1.0_1296977402_win32_win32_x86_64/plugins/com.st.stm32cube.ide.mcu.externaltools.gnu-tools-for-stm32.7-2018-q2-update.win32_1.4.0.202007081208/tools/bin/../lib/gcc/arm-none-eabi/7.3.1/../../../../arm-none-eabi/lib/thumb/v7e-m/fpv5/hard\libc_nano.a(lib_a-exit.o)
                              c:/users/fons/.eclipse/com.st.stm32cube.ide.mcu.rcp.product_1.1.0_1296977402_win32_win32_x86_64/plugins/com.st.stm32cube.ide.mcu.externaltools.gnu-tools-for-stm32.7-2018-q2-update.win32_1.4.0.202007081208/tools/bin/../lib/gcc/arm-none-eabi/7.3.1/../../../../arm-none-eabi/lib/thumb/v7e-m/fpv5/hard/crt0.o (exit)
c:/users/fons/.eclipse/com.st.stm32cube.ide.mcu.rcp.product_1.1.0_1296977402_win32_win32_x86_64/plugins/com.st.stm32cube.ide.mcu.externaltools.gnu-tools-for-stm32.7-2018-q2-update.win32_1.4.0.202007081208/tools/bin/../lib/gcc/arm-none-eabi/7.3.1/../../../../arm-none-eabi/lib/thumb/v7e-m/fpv5/hard\libc_nano.a(lib_a-impure.o)
                              c:/users/fons/.eclipse/com.st.stm32cube.ide.mcu.rcp.product_1.1.0_1296977402_win32_win32_x86_64/plugins/com.st.stm32cube.ide.mcu.externaltools.gnu-tools-for-stm32.7-2018-q2-update.win32_1.4.0.202007081208/tools/bin/../lib/gcc/arm-none-eabi/7.3.1/../../../../arm-none-eabi/lib/thumb/v7e-m/fpv5/hard\libc_nano.a(lib_a-exit.o) (_global_impure_ptr)
c:/users/fons/.eclipse/com.st.stm32cube.ide.mcu.rcp.product_1.1.0_1296977402_win32_win32_x86_64/plugins/com.st.stm32cube.ide.mcu.externaltools.gnu-tools-for-stm32.7-2018-q2-update.win32_1.4.0.202007081208/tools/bin/../lib/gcc/arm-none-eabi/7.3.1/../../../../arm-none-eabi/lib/thumb/v7e-m/fpv5/hard\libc_nano.a(lib_a-init.o)
                              c:/users/fons/.eclipse/com.st.stm32cube.ide.mcu.rcp.product_1.1.0_1296977402_win32_win32_x86_64/plugins/com.st.stm32cube.ide.mcu.externaltools.gnu-tools-for-stm32.7-2018-q2-update.win32_1.4.0.202007081208/tools/bin/../lib/gcc/arm-none-eabi/7.3.1/../../../../arm-none-eabi/lib/thumb/v7e-m/fpv5/hard/crt0.o (__libc_init_array)
c:/users/fons/.eclipse/com.st.stm32cube.ide.mcu.rcp.product_1.1.0_1296977402_win32_win32_x86_64/plugins/com.st.stm32cube.ide.mcu.externaltools.gnu-tools-for-stm32.7-2018-q2-update.win32_1.4.0.202007081208/tools/bin/../lib/gcc/arm-none-eabi/7.3.1/../../../../arm-none-eabi/lib/thumb/v7e-m/fpv5/hard\libc_nano.a(lib_a-malloc.o)
                              Core/Src/fsm.o (malloc)
c:/users/fons/.eclipse/com.st.stm32cube.ide.mcu.rcp.product_1.1.0_1296977402_win32_win32_x86_64/plugins/com.st.stm32cube.ide.mcu.externaltools.gnu-tools-for-stm32.7-2018-q2-update.win32_1.4.0.202007081208/tools/bin/../lib/gcc/arm-none-eabi/7.3.1/../../../../arm-none-eabi/lib/thumb/v7e-m/fpv5/hard\libc_nano.a(lib_a-memset.o)
                              c:/users/fons/.eclipse/com.st.stm32cube.ide.mcu.rcp.product_1.1.0_1296977402_win32_win32_x86_64/plugins/com.st.stm32cube.ide.mcu.externaltools.gnu-tools-for-stm32.7-2018-q2-update.win32_1.4.0.202007081208/tools/bin/../lib/gcc/arm-none-eabi/7.3.1/../../../../arm-none-eabi/lib/thumb/v7e-m/fpv5/hard/crt0.o (memset)
c:/users/fons/.eclipse/com.st.stm32cube.ide.mcu.rcp.product_1.1.0_1296977402_win32_win32_x86_64/plugins/com.st.stm32cube.ide.mcu.externaltools.gnu-tools-for-stm32.7-2018-q2-update.win32_1.4.0.202007081208/tools/bin/../lib/gcc/arm-none-eabi/7.3.1/../../../../arm-none-eabi/lib/thumb/v7e-m/fpv5/hard\libc_nano.a(lib_a-nano-freer.o)
                              c:/users/fons/.eclipse/com.st.stm32cube.ide.mcu.rcp.product_1.1.0_1296977402_win32_win32_x86_64/plugins/com.st.stm32cube.ide.mcu.externaltools.gnu-tools-for-stm32.7-2018-q2-update.win32_1.4.0.202007081208/tools/bin/../lib/gcc/arm-none-eabi/7.3.1/../../../../arm-none-eabi/lib/thumb/v7e-m/fpv5/hard\libc_nano.a(lib_a-malloc.o) (_free_r)
c:/users/fons/.eclipse/com.st.stm32cube.ide.mcu.rcp.product_1.1.0_1296977402_win32_win32_x86_64/plugins/com.st.stm32cube.ide.mcu.externaltools.gnu-tools-for-stm32.7-2018-q2-update.win32_1.4.0.202007081208/tools/bin/../lib/gcc/arm-none-eabi/7.3.1/../../../../arm-none-eabi/lib/thumb/v7e-m/fpv5/hard\libc_nano.a(lib_a-nano-mallocr.o)
                              c:/users/fons/.eclipse/com.st.stm32cube.ide.mcu.rcp.product_1.1.0_1296977402_win32_win32_x86_64/plugins/com.st.stm32cube.ide.mcu.externaltools.gnu-tools-for-stm32.7-2018-q2-update.win32_1.4.0.202007081208/tools/bin/../lib/gcc/arm-none-eabi/7.3.1/../../../../arm-none-eabi/lib/thumb/v7e-m/fpv5/hard\libc_nano.a(lib_a-malloc.o) (_malloc_r)
[...]
Memory Configuration

Name             Origin             Length             Attributes
RAM              0x0000000020000000 0x0000000000080000 xrw
FLASH            0x0000000008000000 0x0000000000200000 xr
*default*        0x0000000000000000 0xffffffffffffffff

Linker script and memory map

LOAD c:/users/fons/.eclipse/com.st.stm32cube.ide.mcu.rcp.product_1.1.0_1296977402_win32_win32_x86_64/plugins/com.st.stm32cube.ide.mcu.externaltools.gnu-tools-for-stm32.7-2018-q2-update.win32_1.4.0.202007081208/tools/bin/../lib/gcc/arm-none-eabi/7.3.1/thumb/v7e-m/fpv5/hard/crti.o
LOAD c:/users/fons/.eclipse/com.st.stm32cube.ide.mcu.rcp.product_1.1.0_1296977402_win32_win32_x86_64/plugins/com.st.stm32cube.ide.mcu.externaltools.gnu-tools-for-stm32.7-2018-q2-update.win32_1.4.0.202007081208/tools/bin/../lib/gcc/arm-none-eabi/7.3.1/thumb/v7e-m/fpv5/hard/crtbegin.o
LOAD c:/users/fons/.eclipse/com.st.stm32cube.ide.mcu.rcp.product_1.1.0_1296977402_win32_win32_x86_64/plugins/com.st.stm32cube.ide.mcu.externaltools.gnu-tools-for-stm32.7-2018-q2-update.win32_1.4.0.202007081208/tools/bin/../lib/gcc/arm-none-eabi/7.3.1/../../../../arm-none-eabi/lib/thumb/v7e-m/fpv5/hard/crt0.o
LOAD Core/Src/adc.o
LOAD Core/Src/driver_HC_SR04.o
LOAD Core/Src/driver_temperature.o
LOAD Core/Src/eth.o
LOAD Core/Src/fsm.o
LOAD Core/Src/gpio.o
LOAD Core/Src/keypad.o
LOAD Core/Src/main.o
LOAD Core/Src/stm32f7xx_hal_msp.o
LOAD Core/Src/stm32f7xx_it.o
LOAD Core/Src/syscalls.o
LOAD Core/Src/sysmem.o
LOAD Core/Src/system_stm32f7xx.o
LOAD Core/Src/tim.o
LOAD Core/Src/usart.o
LOAD Core/Src/usb_otg.o
LOAD Core/Startup/startup_stm32f767zitx.o
LOAD Drivers/STM32F7xx_HAL_Driver/Src/stm32f7xx_hal.o
LOAD Drivers/STM32F7xx_HAL_Driver/Src/stm32f7xx_hal_adc.o
LOAD Drivers/STM32F7xx_HAL_Driver/Src/stm32f7xx_hal_adc_ex.o
LOAD Drivers/STM32F7xx_HAL_Driver/Src/stm32f7xx_hal_cortex.o
LOAD Drivers/STM32F7xx_HAL_Driver/Src/stm32f7xx_hal_dma.o
LOAD Drivers/STM32F7xx_HAL_Driver/Src/stm32f7xx_hal_dma_ex.o
LOAD Drivers/STM32F7xx_HAL_Driver/Src/stm32f7xx_hal_eth.o
LOAD Drivers/STM32F7xx_HAL_Driver/Src/stm32f7xx_hal_exti.o
LOAD Drivers/STM32F7xx_HAL_Driver/Src/stm32f7xx_hal_flash.o
LOAD Drivers/STM32F7xx_HAL_Driver/Src/stm32f7xx_hal_flash_ex.o
LOAD Drivers/STM32F7xx_HAL_Driver/Src/stm32f7xx_hal_gpio.o
LOAD Drivers/STM32F7xx_HAL_Driver/Src/stm32f7xx_hal_i2c.o
LOAD Drivers/STM32F7xx_HAL_Driver/Src/stm32f7xx_hal_i2c_ex.o
LOAD Drivers/STM32F7xx_HAL_Driver/Src/stm32f7xx_hal_pcd.o
LOAD Drivers/STM32F7xx_HAL_Driver/Src/stm32f7xx_hal_pcd_ex.o
LOAD Drivers/STM32F7xx_HAL_Driver/Src/stm32f7xx_hal_pwr.o
LOAD Drivers/STM32F7xx_HAL_Driver/Src/stm32f7xx_hal_pwr_ex.o
LOAD Drivers/STM32F7xx_HAL_Driver/Src/stm32f7xx_hal_rcc.o
LOAD Drivers/STM32F7xx_HAL_Driver/Src/stm32f7xx_hal_rcc_ex.o
LOAD Drivers/STM32F7xx_HAL_Driver/Src/stm32f7xx_hal_tim.o
LOAD Drivers/STM32F7xx_HAL_Driver/Src/stm32f7xx_hal_tim_ex.o
LOAD Drivers/STM32F7xx_HAL_Driver/Src/stm32f7xx_hal_uart.o
LOAD Drivers/STM32F7xx_HAL_Driver/Src/stm32f7xx_hal_uart_ex.o
LOAD Drivers/STM32F7xx_HAL_Driver/Src/stm32f7xx_ll_usb.o
START GROUP
LOAD c:/users/fons/.eclipse/com.st.stm32cube.ide.mcu.rcp.product_1.1.0_1296977402_win32_win32_x86_64/plugins/com.st.stm32cube.ide.mcu.externaltools.gnu-tools-for-stm32.7-2018-q2-update.win32_1.4.0.202007081208/tools/bin/../lib/gcc/arm-none-eabi/7.3.1/../../../../arm-none-eabi/lib/thumb/v7e-m/fpv5/hard\libc_nano.a
LOAD c:/users/fons/.eclipse/com.st.stm32cube.ide.mcu.rcp.product_1.1.0_1296977402_win32_win32_x86_64/plugins/com.st.stm32cube.ide.mcu.externaltools.gnu-tools-for-stm32.7-2018-q2-update.win32_1.4.0.202007081208/tools/bin/../lib/gcc/arm-none-eabi/7.3.1/../../../../arm-none-eabi/lib/thumb/v7e-m/fpv5/hard\libm.a
END GROUP
START GROUP
LOAD c:/users/fons/.eclipse/com.st.stm32cube.ide.mcu.rcp.product_1.1.0_1296977402_win32_win32_x86_64/plugins/com.st.stm32cube.ide.mcu.externaltools.gnu-tools-for-stm32.7-2018-q2-update.win32_1.4.0.202007081208/tools/bin/../lib/gcc/arm-none-eabi/7.3.1/thumb/v7e-m/fpv5/hard\libgcc.a
LOAD c:/users/fons/.eclipse/com.st.stm32cube.ide.mcu.rcp.product_1.1.0_1296977402_win32_win32_x86_64/plugins/com.st.stm32cube.ide.mcu.externaltools.gnu-tools-for-stm32.7-2018-q2-update.win32_1.4.0.202007081208/tools/bin/../lib/gcc/arm-none-eabi/7.3.1/../../../../arm-none-eabi/lib/thumb/v7e-m/fpv5/hard\libc_nano.a
END GROUP
START GROUP
LOAD c:/users/fons/.eclipse/com.st.stm32cube.ide.mcu.rcp.product_1.1.0_1296977402_win32_win32_x86_64/plugins/com.st.stm32cube.ide.mcu.externaltools.gnu-tools-for-stm32.7-2018-q2-update.win32_1.4.0.202007081208/tools/bin/../lib/gcc/arm-none-eabi/7.3.1/thumb/v7e-m/fpv5/hard\libgcc.a
LOAD c:/users/fons/.eclipse/com.st.stm32cube.ide.mcu.rcp.product_1.1.0_1296977402_win32_win32_x86_64/plugins/com.st.stm32cube.ide.mcu.externaltools.gnu-tools-for-stm32.7-2018-q2-update.win32_1.4.0.202007081208/tools/bin/../lib/gcc/arm-none-eabi/7.3.1/../../../../arm-none-eabi/lib/thumb/v7e-m/fpv5/hard\libc_nano.a
LOAD c:/users/fons/.eclipse/com.st.stm32cube.ide.mcu.rcp.product_1.1.0_1296977402_win32_win32_x86_64/plugins/com.st.stm32cube.ide.mcu.externaltools.gnu-tools-for-stm32.7-2018-q2-update.win32_1.4.0.202007081208/tools/bin/../lib/gcc/arm-none-eabi/7.3.1/../../../../arm-none-eabi/lib/thumb/v7e-m/fpv5/hard\libnosys.a
END GROUP
START GROUP
LOAD c:/users/fons/.eclipse/com.st.stm32cube.ide.mcu.rcp.product_1.1.0_1296977402_win32_win32_x86_64/plugins/com.st.stm32cube.ide.mcu.externaltools.gnu-tools-for-stm32.7-2018-q2-update.win32_1.4.0.202007081208/tools/bin/../lib/gcc/arm-none-eabi/7.3.1/thumb/v7e-m/fpv5/hard\libgcc.a
LOAD c:/users/fons/.eclipse/com.st.stm32cube.ide.mcu.rcp.product_1.1.0_1296977402_win32_win32_x86_64/plugins/com.st.stm32cube.ide.mcu.externaltools.gnu-tools-for-stm32.7-2018-q2-update.win32_1.4.0.202007081208/tools/bin/../lib/gcc/arm-none-eabi/7.3.1/../../../../arm-none-eabi/lib/thumb/v7e-m/fpv5/hard\libc_nano.a
LOAD c:/users/fons/.eclipse/com.st.stm32cube.ide.mcu.rcp.product_1.1.0_1296977402_win32_win32_x86_64/plugins/com.st.stm32cube.ide.mcu.externaltools.gnu-tools-for-stm32.7-2018-q2-update.win32_1.4.0.202007081208/tools/bin/../lib/gcc/arm-none-eabi/7.3.1/../../../../arm-none-eabi/lib/thumb/v7e-m/fpv5/hard\libnosys.a
END GROUP
LOAD c:/users/fons/.eclipse/com.st.stm32cube.ide.mcu.rcp.product_1.1.0_1296977402_win32_win32_x86_64/plugins/com.st.stm32cube.ide.mcu.externaltools.gnu-tools-for-stm32.7-2018-q2-update.win32_1.4.0.202007081208/tools/bin/../lib/gcc/arm-none-eabi/7.3.1/thumb/v7e-m/fpv5/hard/crtend.o
LOAD c:/users/fons/.eclipse/com.st.stm32cube.ide.mcu.rcp.product_1.1.0_1296977402_win32_win32_x86_64/plugins/com.st.stm32cube.ide.mcu.externaltools.gnu-tools-for-stm32.7-2018-q2-update.win32_1.4.0.202007081208/tools/bin/../lib/gcc/arm-none-eabi/7.3.1/thumb/v7e-m/fpv5/hard/crtn.o
                0x0000000020080000                _estack = (ORIGIN (RAM) + LENGTH (RAM))
                0x0000000000000200                _Min_Heap_Size = 0x200
                0x0000000000000400                _Min_Stack_Size = 0x400

.isr_vector     0x0000000008000000      0x1f8
                0x0000000008000000                . = ALIGN (0x4)
 *(.isr_vector)
 .isr_vector    0x0000000008000000      0x1f8 Core/Startup/startup_stm32f767zitx.o
                0x0000000008000000                g_pfnVectors
                0x00000000080001f8                . = ALIGN (0x4)

.text           0x0000000008000200     0x8100
                0x0000000008000200                . = ALIGN (0x4)
 *(.text)
 .text          0x0000000008000200       0x40 c:/users/fons/.eclipse/com.st.stm32cube.ide.mcu.rcp.product_1.1.0_1296977402_win32_win32_x86_64/plugins/com.st.stm32cube.ide.mcu.externaltools.gnu-tools-for-stm32.7-2018-q2-update.win32_1.4.0.202007081208/tools/bin/../lib/gcc/arm-none-eabi/7.3.1/thumb/v7e-m/fpv5/hard/crtbegin.o
 .text          0x0000000008000240       0x10 c:/users/fons/.eclipse/com.st.stm32cube.ide.mcu.rcp.product_1.1.0_1296977402_win32_win32_x86_64/plugins/com.st.stm32cube.ide.mcu.externaltools.gnu-tools-for-stm32.7-2018-q2-update.win32_1.4.0.202007081208/tools/bin/../lib/gcc/arm-none-eabi/7.3.1/../../../../arm-none-eabi/lib/thumb/v7e-m/fpv5/hard\libc_nano.a(lib_a-strlen.o)
                0x0000000008000240                strlen
 .text          0x0000000008000250       0xa0 c:/users/fons/.eclipse/com.st.stm32cube.ide.mcu.rcp.product_1.1.0_1296977402_win32_win32_x86_64/plugins/com.st.stm32cube.ide.mcu.externaltools.gnu-tools-for-stm32.7-2018-q2-update.win32_1.4.0.202007081208/tools/bin/../lib/gcc/arm-none-eabi/7.3.1/../../../../arm-none-eabi/lib/thumb/v7e-m/fpv5/hard\libc_nano.a(lib_a-memchr.o)
                0x0000000008000250                memchr
 .text          0x00000000080002f0       0x30 c:/users/fons/.eclipse/com.st.stm32cube.ide.mcu.rcp.product_1.1.0_1296977402_win32_win32_x86_64/plugins/com.st.stm32cube.ide.mcu.externaltools.gnu-tools-for-stm32.7-2018-q2-update.win32_1.4.0.202007081208/tools/bin/../lib/gcc/arm-none-eabi/7.3.1/thumb/v7e-m/fpv5/hard\libgcc.a(_aeabi_uldivmod.o)
                0x00000000080002f0                __aeabi_uldivmod
 .text          0x0000000008000320      0x2cc c:/users/fons/.eclipse/com.st.stm32cube.ide.mcu.rcp.product_1.1.0_1296977402_win32_win32_x86_64/plugins/com.st.stm32cube.ide.mcu.externaltools.gnu-tools-for-stm32.7-2018-q2-update.win32_1.4.0.202007081208/tools/bin/../lib/gcc/arm-none-eabi/7.3.1/thumb/v7e-m/fpv5/hard\libgcc.a(_udivmoddi4.o)
                0x0000000008000320                __udivmoddi4
 .text          0x00000000080005ec        0x4 c:/users/fons/.eclipse/com.st.stm32cube.ide.mcu.rcp.product_1.1.0_1296977402_win32_win32_x86_64/plugins/com.st.stm32cube.ide.mcu.externaltools.gnu-tools-for-stm32.7-2018-q2-update.win32_1.4.0.202007081208/tools/bin/../lib/gcc/arm-none-eabi/7.3.1/thumb/v7e-m/fpv5/hard\libgcc.a(_dvmd_tls.o)
                0x00000000080005ec                __aeabi_idiv0
                0x00000000080005ec                __aeabi_ldiv0
 *(.text*)
 .text.MX_ADC1_Init
                0x00000000080005f0       0xa8 Core/Src/adc.o
                0x00000000080005f0                MX_ADC1_Init
 .text.HAL_ADC_MspInit
                0x0000000008000698       0x4c Core/Src/adc.o
                0x0000000008000698                HAL_ADC_MspInit
 .text.HC_SR04_Stop_trigger
                0x00000000080006e4       0x30 Core/Src/driver_HC_SR04.o
                0x00000000080006e4                HC_SR04_Stop_trigger
 *fill*         0x0000000008000714        0x4 
 .text.HC_SR04_get_distance
                0x0000000008000718       0xbc Core/Src/driver_HC_SR04.o
                0x0000000008000718                HC_SR04_get_distance
 *fill*         0x00000000080007d4        0x4 
 .text.get_temperature_value
                0x00000000080007d8       0xac Core/Src/driver_temperature.o
                0x00000000080007d8                get_temperature_value
 .text.MX_ETH_Init
                0x0000000008000884       0x80 Core/Src/eth.o
                0x0000000008000884                MX_ETH_Init
 .text.HAL_ETH_MspInit
                0x0000000008000904      0x170 Core/Src/eth.o
                0x0000000008000904                HAL_ETH_MspInit
 .text.MX_GPIO_Init
                0x0000000008000a74      0x26c Core/Src/gpio.o
                0x0000000008000a74                MX_GPIO_Init
 .text.next_col
                0x0000000008000ce0       0xc4 Core/Src/keypad.o
                0x0000000008000ce0                next_col
 .text.main     0x0000000008000da4       0x98 Core/Src/main.o
                0x0000000008000da4                main
 .text.SystemClock_Config
                0x0000000008000e3c      0x12c Core/Src/main.o
                0x0000000008000e3c                SystemClock_Config
 .text.enviar   0x0000000008000f68       0x34 Core/Src/main.o
                0x0000000008000f68                enviar
 .text.HAL_GPIO_EXTI_Callback
                0x0000000008000f9c       0xa0 Core/Src/main.o
                0x0000000008000f9c                HAL_GPIO_EXTI_Callback
 .text.HAL_TIM_IC_CaptureCallback
                0x000000000800103c       0xc8 Core/Src/main.o
                0x000000000800103c                HAL_TIM_IC_CaptureCallback
 .text.HAL_TIM_PeriodElapsedCallback
                0x0000000008001104       0xa4 Core/Src/main.o
                0x0000000008001104                HAL_TIM_PeriodElapsedCallback
 .text.Error_Handler
                0x00000000080011a8        0xe Core/Src/main.o
                0x00000000080011a8                Error_Handler
 *fill*         0x00000000080011b6        0x2 
 .text.HAL_MspInit
                0x00000000080011b8       0x48 Core/Src/stm32f7xx_hal_msp.o
                0x00000000080011b8                HAL_MspInit
 .text.NMI_Handler
                0x0000000008001200        0xe Core/Src/stm32f7xx_it.o
                0x0000000008001200                NMI_Handler
 .text.HardFault_Handler
                0x000000000800120e        0x6 Core/Src/stm32f7xx_it.o
                0x000000000800120e                HardFault_Handler
 .text.MemManage_Handler
                0x0000000008001214        0x6 Core/Src/stm32f7xx_it.o
                0x0000000008001214                MemManage_Handler
 .text.BusFault_Handler
                0x000000000800121a        0x6 Core/Src/stm32f7xx_it.o
                0x000000000800121a                BusFault_Handler
 .text.UsageFault_Handler
                0x0000000008001220        0x6 Core/Src/stm32f7xx_it.o
                0x0000000008001220                UsageFault_Handler
 .text.SVC_Handler
                0x0000000008001226        0xe Core/Src/stm32f7xx_it.o
                0x0000000008001226                SVC_Handler
 .text.DebugMon_Handler
                0x0000000008001234        0xe Core/Src/stm32f7xx_it.o
                0x0000000008001234                DebugMon_Handler
 .text.PendSV_Handler
                0x0000000008001242        0xe Core/Src/stm32f7xx_it.o
                0x0000000008001242                PendSV_Handler
 .text.SysTick_Handler
                0x0000000008001250        0xc Core/Src/stm32f7xx_it.o
                0x0000000008001250                SysTick_Handler
 .text.ADC_IRQHandler
                0x000000000800125c       0x14 Core/Src/stm32f7xx_it.o
                0x000000000800125c                ADC_IRQHandler
 .text.EXTI9_5_IRQHandler
                0x0000000008001270       0x10 Core/Src/stm32f7xx_it.o
                0x0000000008001270                EXTI9_5_IRQHandler
 .text.TIM3_IRQHandler
                0x0000000008001280       0x14 Core/Src/stm32f7xx_it.o
                0x0000000008001280                TIM3_IRQHandler
 .text.EXTI15_10_IRQHandler
                0x0000000008001294       0x28 Core/Src/stm32f7xx_it.o
                0x0000000008001294                EXTI15_10_IRQHandler
 .text.TIM6_DAC_IRQHandler
                0x00000000080012bc       0x14 Core/Src/stm32f7xx_it.o
                0x00000000080012bc                TIM6_DAC_IRQHandler
 .text.TIM7_IRQHandler
                0x00000000080012d0       0x14 Core/Src/stm32f7xx_it.o
                0x00000000080012d0                TIM7_IRQHandler
 .text._sbrk    0x00000000080012e4       0x6c Core/Src/sysmem.o
                0x00000000080012e4                _sbrk
 .text.SystemInit
                0x0000000008001350       0x2c Core/Src/system_stm32f7xx.o
                0x0000000008001350                SystemInit
 .text.MX_TIM3_Init
                0x000000000800137c       0xa8 Core/Src/tim.o
                0x000000000800137c                MX_TIM3_Init
 .text.MX_TIM6_Init
                0x0000000008001424       0x6c Core/Src/tim.o
                0x0000000008001424                MX_TIM6_Init
 .text.MX_TIM7_Init
                0x0000000008001490       0x6c Core/Src/tim.o
                0x0000000008001490                MX_TIM7_Init
 .text.HAL_TIM_IC_MspInit
                0x00000000080014fc       0x98 Core/Src/tim.o
                0x00000000080014fc                HAL_TIM_IC_MspInit
 .text.HAL_TIM_Base_MspInit
                0x0000000008001594       0x84 Core/Src/tim.o
                0x0000000008001594                HAL_TIM_Base_MspInit
 .text.MX_USART3_UART_Init
                0x0000000008001618       0x60 Core/Src/usart.o
                0x0000000008001618                MX_USART3_UART_Init
 .text.HAL_UART_MspInit
                0x0000000008001678       0x88 Core/Src/usart.o
                0x0000000008001678                HAL_UART_MspInit
 .text.MX_USB_OTG_FS_PCD_Init
                0x0000000008001700       0x5c Core/Src/usb_otg.o
                0x0000000008001700                MX_USB_OTG_FS_PCD_Init
 .text.HAL_PCD_MspInit
                0x000000000800175c       0xb8 Core/Src/usb_otg.o
                0x000000000800175c                HAL_PCD_MspInit
 .text.Reset_Handler
                0x0000000008001814       0x50 Core/Startup/startup_stm32f767zitx.o
                0x0000000008001814                Reset_Handler
 .text.Default_Handler
                0x0000000008001864        0x2 Core/Startup/startup_stm32f767zitx.o
                0x0000000008001864                RTC_Alarm_IRQHandler
                0x0000000008001864                EXTI2_IRQHandler
                0x0000000008001864                TIM8_CC_IRQHandler
                0x0000000008001864                UART8_IRQHandler
                0x0000000008001864                SPI4_IRQHandler
                0x0000000008001864                TIM1_CC_IRQHandler
                0x0000000008001864                DMA2_Stream5_IRQHandler
                0x0000000008001864                JPEG_IRQHandler
                0x0000000008001864                DMA1_Stream5_IRQHandler
                0x0000000008001864                CAN3_RX1_IRQHandler
                0x0000000008001864                PVD_IRQHandler
                0x0000000008001864                TAMP_STAMP_IRQHandler
                0x0000000008001864                CAN2_RX1_IRQHandler
                0x0000000008001864                EXTI3_IRQHandler
                0x0000000008001864                TIM8_TRG_COM_TIM14_IRQHandler
                0x0000000008001864                DFSDM1_FLT1_IRQHandler
                0x0000000008001864                TIM1_UP_TIM10_IRQHandler
                0x0000000008001864                TIM8_UP_TIM13_IRQHandler
                0x0000000008001864                I2C3_ER_IRQHandler
                0x0000000008001864                DFSDM1_FLT2_IRQHandler
                0x0000000008001864                EXTI0_IRQHandler
                0x0000000008001864                I2C2_EV_IRQHandler
                0x0000000008001864                DMA1_Stream2_IRQHandler
                0x0000000008001864                CAN1_RX0_IRQHandler
                0x0000000008001864                FPU_IRQHandler
                0x0000000008001864                OTG_HS_WKUP_IRQHandler
                0x0000000008001864                CAN3_SCE_IRQHandler
                0x0000000008001864                LTDC_ER_IRQHandler
                0x0000000008001864                CAN2_SCE_IRQHandler
                0x0000000008001864                DMA2_Stream2_IRQHandler
                0x0000000008001864                SPI1_IRQHandler
                0x0000000008001864                TIM1_BRK_TIM9_IRQHandler
                0x0000000008001864                DCMI_IRQHandler
                0x0000000008001864                CAN2_RX0_IRQHandler
                0x0000000008001864                DMA2_Stream3_IRQHandler
                0x0000000008001864                SAI2_IRQHandler
                0x0000000008001864                DFSDM1_FLT3_IRQHandler
                0x0000000008001864                USART6_IRQHandler
                0x0000000008001864                CAN3_RX0_IRQHandler
                0x0000000008001864                USART3_IRQHandler
                0x0000000008001864                CAN1_RX1_IRQHandler
                0x0000000008001864                UART5_IRQHandler
                0x0000000008001864                DMA2_Stream0_IRQHandler
                0x0000000008001864                TIM4_IRQHandler
                0x0000000008001864                QUADSPI_IRQHandler
                0x0000000008001864                I2C1_EV_IRQHandler
                0x0000000008001864                DMA1_Stream6_IRQHandler
                0x0000000008001864                DMA1_Stream1_IRQHandler
                0x0000000008001864                UART4_IRQHandler
                0x0000000008001864                RCC_IRQHandler
                0x0000000008001864                TIM8_BRK_TIM12_IRQHandler
                0x0000000008001864                Default_Handler
                0x0000000008001864                CEC_IRQHandler
                0x0000000008001864                DMA1_Stream7_IRQHandler
                0x0000000008001864                SPI5_IRQHandler
                0x0000000008001864                SDMMC1_IRQHandler
                0x0000000008001864                CAN2_TX_IRQHandler
                0x0000000008001864                TIM5_IRQHandler
                0x0000000008001864                DMA2_Stream7_IRQHandler
                0x0000000008001864                I2C3_EV_IRQHandler
                0x0000000008001864                RTC_WKUP_IRQHandler
                0x0000000008001864                LTDC_IRQHandler
                0x0000000008001864                ETH_WKUP_IRQHandler
                0x0000000008001864                SPDIF_RX_IRQHandler
                0x0000000008001864                SPI2_IRQHandler
                0x0000000008001864                OTG_HS_EP1_IN_IRQHandler
                0x0000000008001864                DMA1_Stream0_IRQHandler
                0x0000000008001864                CAN1_TX_IRQHandler
                0x0000000008001864                EXTI4_IRQHandler
                0x0000000008001864                RNG_IRQHandler
                0x0000000008001864                ETH_IRQHandler
                0x0000000008001864                OTG_HS_EP1_OUT_IRQHandler
                0x0000000008001864                WWDG_IRQHandler
                0x0000000008001864                SPI6_IRQHandler
                0x0000000008001864                MDIOS_IRQHandler
                0x0000000008001864                I2C4_EV_IRQHandler
                0x0000000008001864                CAN3_TX_IRQHandler
                0x0000000008001864                TIM2_IRQHandler
                0x0000000008001864                OTG_FS_WKUP_IRQHandler
                0x0000000008001864                TIM1_TRG_COM_TIM11_IRQHandler
                0x0000000008001864                OTG_HS_IRQHandler
                0x0000000008001864                DMA2D_IRQHandler
                0x0000000008001864                EXTI1_IRQHandler
                0x0000000008001864                SDMMC2_IRQHandler
                0x0000000008001864                UART7_IRQHandler
                0x0000000008001864                USART2_IRQHandler
                0x0000000008001864                DFSDM1_FLT0_IRQHandler
                0x0000000008001864                I2C2_ER_IRQHandler
                0x0000000008001864                DMA2_Stream1_IRQHandler
                0x0000000008001864                CAN1_SCE_IRQHandler
                0x0000000008001864                FLASH_IRQHandler
                0x0000000008001864                DMA2_Stream4_IRQHandler
                0x0000000008001864                USART1_IRQHandler
                0x0000000008001864                OTG_FS_IRQHandler
                0x0000000008001864                SPI3_IRQHandler
                0x0000000008001864                DMA1_Stream4_IRQHandler
                0x0000000008001864                I2C1_ER_IRQHandler
                0x0000000008001864                FMC_IRQHandler
                0x0000000008001864                LPTIM1_IRQHandler
                0x0000000008001864                I2C4_ER_IRQHandler
                0x0000000008001864                DMA2_Stream6_IRQHandler
                0x0000000008001864                SAI1_IRQHandler
                0x0000000008001864                DMA1_Stream3_IRQHandler
 .text.HAL_Init
                0x0000000008001866       0x1a Drivers/STM32F7xx_HAL_Driver/Src/stm32f7xx_hal.o
                0x0000000008001866                HAL_Init
 .text.HAL_InitTick
                0x0000000008001880       0x60 Drivers/STM32F7xx_HAL_Driver/Src/stm32f7xx_hal.o
                0x0000000008001880                HAL_InitTick
 .text.HAL_IncTick
                0x00000000080018e0       0x28 Drivers/STM32F7xx_HAL_Driver/Src/stm32f7xx_hal.o
                0x00000000080018e0                HAL_IncTick
 .text.HAL_GetTick
                0x0000000008001908       0x18 Drivers/STM32F7xx_HAL_Driver/Src/stm32f7xx_hal.o
                0x0000000008001908                HAL_GetTick
 .text.HAL_Delay
                0x0000000008001920       0x44 Drivers/STM32F7xx_HAL_Driver/Src/stm32f7xx_hal.o
                0x0000000008001920                HAL_Delay
 .text.HAL_ADC_Init
                0x0000000008001964       0x88 Drivers/STM32F7xx_HAL_Driver/Src/stm32f7xx_hal_adc.o
                0x0000000008001964                HAL_ADC_Init
 .text.HAL_ADC_Start
                0x00000000080019ec      0x180 Drivers/STM32F7xx_HAL_Driver/Src/stm32f7xx_hal_adc.o
                0x00000000080019ec                HAL_ADC_Start
 .text.HAL_ADC_PollForConversion
                0x0000000008001b6c      0x108 Drivers/STM32F7xx_HAL_Driver/Src/stm32f7xx_hal_adc.o
                0x0000000008001b6c                HAL_ADC_PollForConversion
 .text.HAL_ADC_IRQHandler
                0x0000000008001c74      0x282 Drivers/STM32F7xx_HAL_Driver/Src/stm32f7xx_hal_adc.o
                0x0000000008001c74                HAL_ADC_IRQHandler
 .text.HAL_ADC_GetValue
                0x0000000008001ef6       0x1a Drivers/STM32F7xx_HAL_Driver/Src/stm32f7xx_hal_adc.o
                0x0000000008001ef6                HAL_ADC_GetValue
 .text.HAL_ADC_ConvCpltCallback
                0x0000000008001f10       0x14 Drivers/STM32F7xx_HAL_Driver/Src/stm32f7xx_hal_adc.o
                0x0000000008001f10                HAL_ADC_ConvCpltCallback
 .text.HAL_ADC_LevelOutOfWindowCallback
                0x0000000008001f24       0x14 Drivers/STM32F7xx_HAL_Driver/Src/stm32f7xx_hal_adc.o
                0x0000000008001f24                HAL_ADC_LevelOutOfWindowCallback
 .text.HAL_ADC_ErrorCallback
                0x0000000008001f38       0x14 Drivers/STM32F7xx_HAL_Driver/Src/stm32f7xx_hal_adc.o
                0x0000000008001f38                HAL_ADC_ErrorCallback
 .text.HAL_ADC_ConfigChannel
                0x0000000008001f4c      0x294 Drivers/STM32F7xx_HAL_Driver/Src/stm32f7xx_hal_adc.o
                0x0000000008001f4c                HAL_ADC_ConfigChannel
 .text.ADC_Init
                0x00000000080021e0      0x1f4 Drivers/STM32F7xx_HAL_Driver/Src/stm32f7xx_hal_adc.o
 .text.HAL_ADCEx_InjectedConvCpltCallback
                0x00000000080023d4       0x14 Drivers/STM32F7xx_HAL_Driver/Src/stm32f7xx_hal_adc_ex.o
                0x00000000080023d4                HAL_ADCEx_InjectedConvCpltCallback
 .text.__NVIC_SetPriorityGrouping
                0x00000000080023e8       0x48 Drivers/STM32F7xx_HAL_Driver/Src/stm32f7xx_hal_cortex.o
 .text.__NVIC_GetPriorityGrouping
                0x0000000008002430       0x1c Drivers/STM32F7xx_HAL_Driver/Src/stm32f7xx_hal_cortex.o
 .text.__NVIC_EnableIRQ
                0x000000000800244c       0x3c Drivers/STM32F7xx_HAL_Driver/Src/stm32f7xx_hal_cortex.o
 .text.__NVIC_SetPriority
                0x0000000008002488       0x54 Drivers/STM32F7xx_HAL_Driver/Src/stm32f7xx_hal_cortex.o
 .text.NVIC_EncodePriority
                0x00000000080024dc       0x66 Drivers/STM32F7xx_HAL_Driver/Src/stm32f7xx_hal_cortex.o
 *fill*         0x0000000008002542        0x2 
 .text.SysTick_Config
                0x0000000008002544       0x44 Drivers/STM32F7xx_HAL_Driver/Src/stm32f7xx_hal_cortex.o
 .text.HAL_NVIC_SetPriorityGrouping
                0x0000000008002588       0x16 Drivers/STM32F7xx_HAL_Driver/Src/stm32f7xx_hal_cortex.o
                0x0000000008002588                HAL_NVIC_SetPriorityGrouping
 .text.HAL_NVIC_SetPriority
                0x000000000800259e       0x38 Drivers/STM32F7xx_HAL_Driver/Src/stm32f7xx_hal_cortex.o
                0x000000000800259e                HAL_NVIC_SetPriority
 .text.HAL_NVIC_EnableIRQ
                0x00000000080025d6       0x1c Drivers/STM32F7xx_HAL_Driver/Src/stm32f7xx_hal_cortex.o
                0x00000000080025d6                HAL_NVIC_EnableIRQ
 .text.HAL_SYSTICK_Config
                0x00000000080025f2       0x18 Drivers/STM32F7xx_HAL_Driver/Src/stm32f7xx_hal_cortex.o
                0x00000000080025f2                HAL_SYSTICK_Config
 *fill*         0x000000000800260a        0x2 
 .text.HAL_ETH_Init
                0x000000000800260c      0x338 Drivers/STM32F7xx_HAL_Driver/Src/stm32f7xx_hal_eth.o
                0x000000000800260c                HAL_ETH_Init
 .text.HAL_ETH_ReadPHYRegister
                0x0000000008002944       0xd0 Drivers/STM32F7xx_HAL_Driver/Src/stm32f7xx_hal_eth.o
                0x0000000008002944                HAL_ETH_ReadPHYRegister
 .text.HAL_ETH_WritePHYRegister
                0x0000000008002a14       0xcc Drivers/STM32F7xx_HAL_Driver/Src/stm32f7xx_hal_eth.o
                0x0000000008002a14                HAL_ETH_WritePHYRegister
 .text.ETH_MACDMAConfig
                0x0000000008002ae0      0x394 Drivers/STM32F7xx_HAL_Driver/Src/stm32f7xx_hal_eth.o
 .text.ETH_MACAddressConfig
                0x0000000008002e74       0x70 Drivers/STM32F7xx_HAL_Driver/Src/stm32f7xx_hal_eth.o
 .text.HAL_GPIO_Init
                0x0000000008002ee4      0x354 Drivers/STM32F7xx_HAL_Driver/Src/stm32f7xx_hal_gpio.o
                0x0000000008002ee4                HAL_GPIO_Init
 .text.HAL_GPIO_WritePin
                0x0000000008003238       0x32 Drivers/STM32F7xx_HAL_Driver/Src/stm32f7xx_hal_gpio.o
                0x0000000008003238                HAL_GPIO_WritePin
 .text.HAL_GPIO_TogglePin
                0x000000000800326a       0x34 Drivers/STM32F7xx_HAL_Driver/Src/stm32f7xx_hal_gpio.o
                0x000000000800326a                HAL_GPIO_TogglePin
 *fill*         0x000000000800329e        0x2 
 .text.HAL_GPIO_EXTI_IRQHandler
                0x00000000080032a0       0x30 Drivers/STM32F7xx_HAL_Driver/Src/stm32f7xx_hal_gpio.o
                0x00000000080032a0                HAL_GPIO_EXTI_IRQHandler
 .text.HAL_PCD_Init
                0x00000000080032d0      0x248 Drivers/STM32F7xx_HAL_Driver/Src/stm32f7xx_hal_pcd.o
                0x00000000080032d0                HAL_PCD_Init
 .text.HAL_PCDEx_ActivateLPM
                0x0000000008003518       0x48 Drivers/STM32F7xx_HAL_Driver/Src/stm32f7xx_hal_pcd_ex.o
                0x0000000008003518                HAL_PCDEx_ActivateLPM
 .text.HAL_PWR_EnableBkUpAccess
                0x0000000008003560       0x20 Drivers/STM32F7xx_HAL_Driver/Src/stm32f7xx_hal_pwr.o
                0x0000000008003560                HAL_PWR_EnableBkUpAccess
 .text.HAL_PWREx_EnableOverDrive
                0x0000000008003580       0xa0 Drivers/STM32F7xx_HAL_Driver/Src/stm32f7xx_hal_pwr_ex.o
                0x0000000008003580                HAL_PWREx_EnableOverDrive
 .text.HAL_RCC_OscConfig
                0x0000000008003620      0x55c Drivers/STM32F7xx_HAL_Driver/Src/stm32f7xx_hal_rcc.o
                0x0000000008003620                HAL_RCC_OscConfig
 .text.HAL_RCC_ClockConfig
                0x0000000008003b7c      0x1d8 Drivers/STM32F7xx_HAL_Driver/Src/stm32f7xx_hal_rcc.o
                0x0000000008003b7c                HAL_RCC_ClockConfig
 .text.HAL_RCC_GetSysClockFreq
                0x0000000008003d54      0x1b0 Drivers/STM32F7xx_HAL_Driver/Src/stm32f7xx_hal_rcc.o
                0x0000000008003d54                HAL_RCC_GetSysClockFreq
 .text.HAL_RCC_GetHCLKFreq
                0x0000000008003f04       0x18 Drivers/STM32F7xx_HAL_Driver/Src/stm32f7xx_hal_rcc.o
                0x0000000008003f04                HAL_RCC_GetHCLKFreq
 .text.HAL_RCC_GetPCLK1Freq
                0x0000000008003f1c       0x28 Drivers/STM32F7xx_HAL_Driver/Src/stm32f7xx_hal_rcc.o
                0x0000000008003f1c                HAL_RCC_GetPCLK1Freq
 .text.HAL_RCC_GetPCLK2Freq
                0x0000000008003f44       0x28 Drivers/STM32F7xx_HAL_Driver/Src/stm32f7xx_hal_rcc.o
                0x0000000008003f44                HAL_RCC_GetPCLK2Freq
 .text.HAL_RCCEx_PeriphCLKConfig
                0x0000000008003f6c      0x84c Drivers/STM32F7xx_HAL_Driver/Src/stm32f7xx_hal_rcc_ex.o
                0x0000000008003f6c                HAL_RCCEx_PeriphCLKConfig
 .text.HAL_TIM_Base_Init
                0x00000000080047b8       0x56 Drivers/STM32F7xx_HAL_Driver/Src/stm32f7xx_hal_tim.o
                0x00000000080047b8                HAL_TIM_Base_Init
 .text.HAL_TIM_Base_Stop_IT
                0x000000000800480e       0x56 Drivers/STM32F7xx_HAL_Driver/Src/stm32f7xx_hal_tim.o
                0x000000000800480e                HAL_TIM_Base_Stop_IT
 .text.HAL_TIM_IC_Init
                0x0000000008004864       0x56 Drivers/STM32F7xx_HAL_Driver/Src/stm32f7xx_hal_tim.o
                0x0000000008004864                HAL_TIM_IC_Init
 *fill*         0x00000000080048ba        0x2 
 .text.HAL_TIM_IC_Start_IT
                0x00000000080048bc       0xdc Drivers/STM32F7xx_HAL_Driver/Src/stm32f7xx_hal_tim.o
                0x00000000080048bc                HAL_TIM_IC_Start_IT
 .text.HAL_TIM_IC_Stop_IT
                0x0000000008004998       0xe0 Drivers/STM32F7xx_HAL_Driver/Src/stm32f7xx_hal_tim.o
                0x0000000008004998                HAL_TIM_IC_Stop_IT
 .text.HAL_TIM_IRQHandler
                0x0000000008004a78      0x23e Drivers/STM32F7xx_HAL_Driver/Src/stm32f7xx_hal_tim.o
                0x0000000008004a78                HAL_TIM_IRQHandler
 .text.HAL_TIM_IC_ConfigChannel
                0x0000000008004cb6      0x138 Drivers/STM32F7xx_HAL_Driver/Src/stm32f7xx_hal_tim.o
                0x0000000008004cb6                HAL_TIM_IC_ConfigChannel
 *fill*         0x0000000008004dee        0x2 
 .text.HAL_TIM_ReadCapturedValue
                0x0000000008004df0       0x88 Drivers/STM32F7xx_HAL_Driver/Src/stm32f7xx_hal_tim.o
                0x0000000008004df0                HAL_TIM_ReadCapturedValue
 .text.HAL_TIM_OC_DelayElapsedCallback
                0x0000000008004e78       0x14 Drivers/STM32F7xx_HAL_Driver/Src/stm32f7xx_hal_tim.o
                0x0000000008004e78                HAL_TIM_OC_DelayElapsedCallback
 .text.HAL_TIM_PWM_PulseFinishedCallback
                0x0000000008004e8c       0x14 Drivers/STM32F7xx_HAL_Driver/Src/stm32f7xx_hal_tim.o
                0x0000000008004e8c                HAL_TIM_PWM_PulseFinishedCallback
 .text.HAL_TIM_TriggerCallback
                0x0000000008004ea0       0x14 Drivers/STM32F7xx_HAL_Driver/Src/stm32f7xx_hal_tim.o
                0x0000000008004ea0                HAL_TIM_TriggerCallback
 .text.TIM_Base_SetConfig
                0x0000000008004eb4      0x140 Drivers/STM32F7xx_HAL_Driver/Src/stm32f7xx_hal_tim.o
                0x0000000008004eb4                TIM_Base_SetConfig
 .text.TIM_TI1_SetConfig
                0x0000000008004ff4       0xe8 Drivers/STM32F7xx_HAL_Driver/Src/stm32f7xx_hal_tim.o
                0x0000000008004ff4                TIM_TI1_SetConfig
 .text.TIM_TI2_SetConfig
                0x00000000080050dc       0x7a Drivers/STM32F7xx_HAL_Driver/Src/stm32f7xx_hal_tim.o
 .text.TIM_TI3_SetConfig
                0x0000000008005156       0x78 Drivers/STM32F7xx_HAL_Driver/Src/stm32f7xx_hal_tim.o
 .text.TIM_TI4_SetConfig
                0x00000000080051ce       0x7a Drivers/STM32F7xx_HAL_Driver/Src/stm32f7xx_hal_tim.o
 .text.TIM_CCxChannelCmd
                0x0000000008005248       0x4a Drivers/STM32F7xx_HAL_Driver/Src/stm32f7xx_hal_tim.o
                0x0000000008005248                TIM_CCxChannelCmd
 *fill*         0x0000000008005292        0x2 
 .text.HAL_TIMEx_MasterConfigSynchronization
                0x0000000008005294      0x11c Drivers/STM32F7xx_HAL_Driver/Src/stm32f7xx_hal_tim_ex.o
                0x0000000008005294                HAL_TIMEx_MasterConfigSynchronization
 .text.HAL_TIMEx_CommutCallback
                0x00000000080053b0       0x14 Drivers/STM32F7xx_HAL_Driver/Src/stm32f7xx_hal_tim_ex.o
                0x00000000080053b0                HAL_TIMEx_CommutCallback
 .text.HAL_TIMEx_BreakCallback
                0x00000000080053c4       0x14 Drivers/STM32F7xx_HAL_Driver/Src/stm32f7xx_hal_tim_ex.o
                0x00000000080053c4                HAL_TIMEx_BreakCallback
 .text.HAL_TIMEx_Break2Callback
                0x00000000080053d8       0x14 Drivers/STM32F7xx_HAL_Driver/Src/stm32f7xx_hal_tim_ex.o
                0x00000000080053d8                HAL_TIMEx_Break2Callback
 .text.HAL_UART_Init
                0x00000000080053ec       0x9c Drivers/STM32F7xx_HAL_Driver/Src/stm32f7xx_hal_uart.o
                0x00000000080053ec                HAL_UART_Init
 .text.HAL_UART_Transmit
                0x0000000008005488      0x122 Drivers/STM32F7xx_HAL_Driver/Src/stm32f7xx_hal_uart.o
                0x0000000008005488                HAL_UART_Transmit
 *fill*         0x00000000080055aa        0x2 
 .text.UART_SetConfig
                0x00000000080055ac      0x554 Drivers/STM32F7xx_HAL_Driver/Src/stm32f7xx_hal_uart.o
                0x00000000080055ac                UART_SetConfig
 .text.UART_AdvFeatureConfig
                0x0000000008005b00      0x144 Drivers/STM32F7xx_HAL_Driver/Src/stm32f7xx_hal_uart.o
                0x0000000008005b00                UART_AdvFeatureConfig
 .text.UART_CheckIdleState
                0x0000000008005c44       0x8a Drivers/STM32F7xx_HAL_Driver/Src/stm32f7xx_hal_uart.o
                0x0000000008005c44                UART_CheckIdleState
 .text.UART_WaitOnFlagUntilTimeout
                0x0000000008005cce       0xf6 Drivers/STM32F7xx_HAL_Driver/Src/stm32f7xx_hal_uart.o
                0x0000000008005cce                UART_WaitOnFlagUntilTimeout
 .text.USB_CoreInit
                0x0000000008005dc4       0xb0 Drivers/STM32F7xx_HAL_Driver/Src/stm32f7xx_ll_usb.o
                0x0000000008005dc4                USB_CoreInit
 .text.USB_DisableGlobalInt
                0x0000000008005e74       0x22 Drivers/STM32F7xx_HAL_Driver/Src/stm32f7xx_ll_usb.o
                0x0000000008005e74                USB_DisableGlobalInt
 .text.USB_SetCurrentMode
                0x0000000008005e96       0x54 Drivers/STM32F7xx_HAL_Driver/Src/stm32f7xx_ll_usb.o
                0x0000000008005e96                USB_SetCurrentMode
 *fill*         0x0000000008005eea        0x2 
 .text.USB_DevInit
                0x0000000008005eec      0x2dc Drivers/STM32F7xx_HAL_Driver/Src/stm32f7xx_ll_usb.o
                0x0000000008005eec                USB_DevInit
 .text.USB_FlushTxFifo
                0x00000000080061c8       0x4c Drivers/STM32F7xx_HAL_Driver/Src/stm32f7xx_ll_usb.o
                0x00000000080061c8                USB_FlushTxFifo
 .text.USB_FlushRxFifo
                0x0000000008006214       0x44 Drivers/STM32F7xx_HAL_Driver/Src/stm32f7xx_ll_usb.o
                0x0000000008006214                USB_FlushRxFifo
 .text.USB_SetDevSpeed
                0x0000000008006258       0x32 Drivers/STM32F7xx_HAL_Driver/Src/stm32f7xx_ll_usb.o
                0x0000000008006258                USB_SetDevSpeed
 .text.USB_DevDisconnect
                0x000000000800628a       0x30 Drivers/STM32F7xx_HAL_Driver/Src/stm32f7xx_ll_usb.o
                0x000000000800628a                USB_DevDisconnect
 *fill*         0x00000000080062ba        0x2 
 .text.USB_CoreReset
                0x00000000080062bc       0x68 Drivers/STM32F7xx_HAL_Driver/Src/stm32f7xx_ll_usb.o
 .text.__errno  0x0000000008006324        0xc c:/users/fons/.eclipse/com.st.stm32cube.ide.mcu.rcp.product_1.1.0_1296977402_win32_win32_x86_64/plugins/com.st.stm32cube.ide.mcu.externaltools.gnu-tools-for-stm32.7-2018-q2-update.win32_1.4.0.202007081208/tools/bin/../lib/gcc/arm-none-eabi/7.3.1/../../../../arm-none-eabi/lib/thumb/v7e-m/fpv5/hard\libc_nano.a(lib_a-errno.o)
                0x0000000008006324                __errno
 .text.__libc_init_array
                0x0000000008006330       0x48 c:/users/fons/.eclipse/com.st.stm32cube.ide.mcu.rcp.product_1.1.0_1296977402_win32_win32_x86_64/plugins/com.st.stm32cube.ide.mcu.externaltools.gnu-tools-for-stm32.7-2018-q2-update.win32_1.4.0.202007081208/tools/bin/../lib/gcc/arm-none-eabi/7.3.1/../../../../arm-none-eabi/lib/thumb/v7e-m/fpv5/hard\libc_nano.a(lib_a-init.o)
                0x0000000008006330                __libc_init_array
 .text.malloc   0x0000000008006378       0x10 c:/users/fons/.eclipse/com.st.stm32cube.ide.mcu.rcp.product_1.1.0_1296977402_win32_win32_x86_64/plugins/com.st.stm32cube.ide.mcu.externaltools.gnu-tools-for-stm32.7-2018-q2-update.win32_1.4.0.202007081208/tools/bin/../lib/gcc/arm-none-eabi/7.3.1/../../../../arm-none-eabi/lib/thumb/v7e-m/fpv5/hard\libc_nano.a(lib_a-malloc.o)
                0x0000000008006378                malloc
 .text.memset   0x0000000008006388       0x10 c:/users/fons/.eclipse/com.st.stm32cube.ide.mcu.rcp.product_1.1.0_1296977402_win32_win32_x86_64/plugins/com.st.stm32cube.ide.mcu.externaltools.gnu-tools-for-stm32.7-2018-q2-update.win32_1.4.0.202007081208/tools/bin/../lib/gcc/arm-none-eabi/7.3.1/../../../../arm-none-eabi/lib/thumb/v7e-m/fpv5/hard\libc_nano.a(lib_a-memset.o)
                0x0000000008006388                memset
 .text._free_r  0x0000000008006398       0x9c c:/users/fons/.eclipse/com.st.stm32cube.ide.mcu.rcp.product_1.1.0_1296977402_win32_win32_x86_64/plugins/com.st.stm32cube.ide.mcu.externaltools.gnu-tools-for-stm32.7-2018-q2-update.win32_1.4.0.202007081208/tools/bin/../lib/gcc/arm-none-eabi/7.3.1/../../../../arm-none-eabi/lib/thumb/v7e-m/fpv5/hard\libc_nano.a(lib_a-nano-freer.o)
                0x0000000008006398                _free_r
 .text._malloc_r
                0x0000000008006434       0xb4 c:/users/fons/.eclipse/com.st.stm32cube.ide.mcu.rcp.product_1.1.0_1296977402_win32_win32_x86_64/plugins/com.st.stm32cube.ide.mcu.externaltools.gnu-tools-for-stm32.7-2018-q2-update.win32_1.4.0.202007081208/tools/bin/../lib/gcc/arm-none-eabi/7.3.1/../../../../arm-none-eabi/lib/thumb/v7e-m/fpv5/hard\libc_nano.a(lib_a-nano-mallocr.o)
                0x0000000008006434                _malloc_r
 .text.__cvt    0x00000000080064e8       0xa4 c:/users/fons/.eclipse/com.st.stm32cube.ide.mcu.rcp.product_1.1.0_1296977402_win32_win32_x86_64/plugins/com.st.stm32cube.ide.mcu.externaltools.gnu-tools-for-stm32.7-2018-q2-update.win32_1.4.0.202007081208/tools/bin/../lib/gcc/arm-none-eabi/7.3.1/../../../../arm-none-eabi/lib/thumb/v7e-m/fpv5/hard\libc_nano.a(lib_a-nano-vfprintf_float.o)
                0x00000000080064e8                __cvt
 .text.__exponent
                0x000000000800658c       0x66 c:/users/fons/.eclipse/com.st.stm32cube.ide.mcu.rcp.product_1.1.0_1296977402_win32_win32_x86_64/plugins/com.st.stm32cube.ide.mcu.externaltools.gnu-tools-for-stm32.7-2018-q2-update.win32_1.4.0.202007081208/tools/bin/../lib/gcc/arm-none-eabi/7.3.1/../../../../arm-none-eabi/lib/thumb/v7e-m/fpv5/hard\libc_nano.a(lib_a-nano-vfprintf_float.o)
                0x000000000800658c                __exponent
 *fill*         0x00000000080065f2        0x6 
 .text._printf_float
                0x00000000080065f8      0x458 c:/users/fons/.eclipse/com.st.stm32cube.ide.mcu.rcp.product_1.1.0_1296977402_win32_win32_x86_64/plugins/com.st.stm32cube.ide.mcu.externaltools.gnu-tools-for-stm32.7-2018-q2-update.win32_1.4.0.202007081208/tools/bin/../lib/gcc/arm-none-eabi/7.3.1/../../../../arm-none-eabi/lib/thumb/v7e-m/fpv5/hard\libc_nano.a(lib_a-nano-vfprintf_float.o)
                0x00000000080065f8                _printf_float
 .text._printf_common
                0x0000000008006a50       0xea c:/users/fons/.eclipse/com.st.stm32cube.ide.mcu.rcp.product_1.1.0_1296977402_win32_win32_x86_64/plugins/com.st.stm32cube.ide.mcu.externaltools.gnu-tools-for-stm32.7-2018-q2-update.win32_1.4.0.202007081208/tools/bin/../lib/gcc/arm-none-eabi/7.3.1/../../../../arm-none-eabi/lib/thumb/v7e-m/fpv5/hard\libc_nano.a(lib_a-nano-vfprintf_i.o)
                0x0000000008006a50                _printf_common
 *fill*         0x0000000008006b3a        0x2 
 .text._printf_i
                0x0000000008006b3c      0x224 c:/users/fons/.eclipse/com.st.stm32cube.ide.mcu.rcp.product_1.1.0_1296977402_win32_win32_x86_64/plugins/com.st.stm32cube.ide.mcu.externaltools.gnu-tools-for-stm32.7-2018-q2-update.win32_1.4.0.202007081208/tools/bin/../lib/gcc/arm-none-eabi/7.3.1/../../../../arm-none-eabi/lib/thumb/v7e-m/fpv5/hard\libc_nano.a(lib_a-nano-vfprintf_i.o)
                0x0000000008006b3c                _printf_i
 .text._sbrk_r  0x0000000008006d60       0x20 c:/users/fons/.eclipse/com.st.stm32cube.ide.mcu.rcp.product_1.1.0_1296977402_win32_win32_x86_64/plugins/com.st.stm32cube.ide.mcu.externaltools.gnu-tools-for-stm32.7-2018-q2-update.win32_1.4.0.202007081208/tools/bin/../lib/gcc/arm-none-eabi/7.3.1/../../../../arm-none-eabi/lib/thumb/v7e-m/fpv5/hard\libc_nano.a(lib_a-sbrkr.o)
                0x0000000008006d60                _sbrk_r
 .text.sprintf  0x0000000008006d80       0x40 c:/users/fons/.eclipse/com.st.stm32cube.ide.mcu.rcp.product_1.1.0_1296977402_win32_win32_x86_64/plugins/com.st.stm32cube.ide.mcu.externaltools.gnu-tools-for-stm32.7-2018-q2-update.win32_1.4.0.202007081208/tools/bin/../lib/gcc/arm-none-eabi/7.3.1/../../../../arm-none-eabi/lib/thumb/v7e-m/fpv5/hard\libc_nano.a(lib_a-sprintf.o)
                0x0000000008006d80                siprintf
                0x0000000008006d80                sprintf
 .text.quorem   0x0000000008006dc0      0x118 c:/users/fons/.eclipse/com.st.stm32cube.ide.mcu.rcp.product_1.1.0_1296977402_win32_win32_x86_64/plugins/com.st.stm32cube.ide.mcu.externaltools.gnu-tools-for-stm32.7-2018-q2-update.win32_1.4.0.202007081208/tools/bin/../lib/gcc/arm-none-eabi/7.3.1/../../../../arm-none-eabi/lib/thumb/v7e-m/fpv5/hard\libc_nano.a(lib_a-dtoa.o)
 .text._dtoa_r  0x0000000008006ed8      0xa98 c:/users/fons/.eclipse/com.st.stm32cube.ide.mcu.rcp.product_1.1.0_1296977402_win32_win32_x86_64/plugins/com.st.stm32cube.ide.mcu.externaltools.gnu-tools-for-stm32.7-2018-q2-update.win32_1.4.0.202007081208/tools/bin/../lib/gcc/arm-none-eabi/7.3.1/../../../../arm-none-eabi/lib/thumb/v7e-m/fpv5/hard\libc_nano.a(lib_a-dtoa.o)
                0x0000000008006ed8                _dtoa_r
 .text._localeconv_r
                0x0000000008007970       0x1c c:/users/fons/.eclipse/com.st.stm32cube.ide.mcu.rcp.product_1.1.0_1296977402_win32_win32_x86_64/plugins/com.st.stm32cube.ide.mcu.externaltools.gnu-tools-for-stm32.7-2018-q2-update.win32_1.4.0.202007081208/tools/bin/../lib/gcc/arm-none-eabi/7.3.1/../../../../arm-none-eabi/lib/thumb/v7e-m/fpv5/hard\libc_nano.a(lib_a-localeconv.o)
                0x0000000008007970                _localeconv_r
 .text.memcpy   0x000000000800798c       0x16 c:/users/fons/.eclipse/com.st.stm32cube.ide.mcu.rcp.product_1.1.0_1296977402_win32_win32_x86_64/plugins/com.st.stm32cube.ide.mcu.externaltools.gnu-tools-for-stm32.7-2018-q2-update.win32_1.4.0.202007081208/tools/bin/../lib/gcc/arm-none-eabi/7.3.1/../../../../arm-none-eabi/lib/thumb/v7e-m/fpv5/hard\libc_nano.a(lib_a-memcpy-stub.o)
                0x000000000800798c                memcpy
 .text.__malloc_lock
                0x00000000080079a2        0x2 c:/users/fons/.eclipse/com.st.stm32cube.ide.mcu.rcp.product_1.1.0_1296977402_win32_win32_x86_64/plugins/com.st.stm32cube.ide.mcu.externaltools.gnu-tools-for-stm32.7-2018-q2-update.win32_1.4.0.202007081208/tools/bin/../lib/gcc/arm-none-eabi/7.3.1/../../../../arm-none-eabi/lib/thumb/v7e-m/fpv5/hard\libc_nano.a(lib_a-mlock.o)
                0x00000000080079a2                __malloc_lock
 .text.__malloc_unlock
                0x00000000080079a4        0x2 c:/users/fons/.eclipse/com.st.stm32cube.ide.mcu.rcp.product_1.1.0_1296977402_win32_win32_x86_64/plugins/com.st.stm32cube.ide.mcu.externaltools.gnu-tools-for-stm32.7-2018-q2-update.win32_1.4.0.202007081208/tools/bin/../lib/gcc/arm-none-eabi/7.3.1/../../../../arm-none-eabi/lib/thumb/v7e-m/fpv5/hard\libc_nano.a(lib_a-mlock.o)
                0x00000000080079a4                __malloc_unlock
 .text._Balloc  0x00000000080079a6       0x68 c:/users/fons/.eclipse/com.st.stm32cube.ide.mcu.rcp.product_1.1.0_1296977402_win32_win32_x86_64/plugins/com.st.stm32cube.ide.mcu.externaltools.gnu-tools-for-stm32.7-2018-q2-update.win32_1.4.0.202007081208/tools/bin/../lib/gcc/arm-none-eabi/7.3.1/../../../../arm-none-eabi/lib/thumb/v7e-m/fpv5/hard\libc_nano.a(lib_a-mprec.o)
                0x00000000080079a6                _Balloc
 .text._Bfree   0x0000000008007a0e       0x2e c:/users/fons/.eclipse/com.st.stm32cube.ide.mcu.rcp.product_1.1.0_1296977402_win32_win32_x86_64/plugins/com.st.stm32cube.ide.mcu.externaltools.gnu-tools-for-stm32.7-2018-q2-update.win32_1.4.0.202007081208/tools/bin/../lib/gcc/arm-none-eabi/7.3.1/../../../../arm-none-eabi/lib/thumb/v7e-m/fpv5/hard\libc_nano.a(lib_a-mprec.o)
                0x0000000008007a0e                _Bfree
 .text.__multadd
                0x0000000008007a3c       0x76 c:/users/fons/.eclipse/com.st.stm32cube.ide.mcu.rcp.product_1.1.0_1296977402_win32_win32_x86_64/plugins/com.st.stm32cube.ide.mcu.externaltools.gnu-tools-for-stm32.7-2018-q2-update.win32_1.4.0.202007081208/tools/bin/../lib/gcc/arm-none-eabi/7.3.1/../../../../arm-none-eabi/lib/thumb/v7e-m/fpv5/hard\libc_nano.a(lib_a-mprec.o)
                0x0000000008007a3c                __multadd
 .text.__hi0bits
                0x0000000008007ab2       0x3e c:/users/fons/.eclipse/com.st.stm32cube.ide.mcu.rcp.product_1.1.0_1296977402_win32_win32_x86_64/plugins/com.st.stm32cube.ide.mcu.externaltools.gnu-tools-for-stm32.7-2018-q2-update.win32_1.4.0.202007081208/tools/bin/../lib/gcc/arm-none-eabi/7.3.1/../../../../arm-none-eabi/lib/thumb/v7e-m/fpv5/hard\libc_nano.a(lib_a-mprec.o)
                0x0000000008007ab2                __hi0bits
 .text.__lo0bits
                0x0000000008007af0       0x5e c:/users/fons/.eclipse/com.st.stm32cube.ide.mcu.rcp.product_1.1.0_1296977402_win32_win32_x86_64/plugins/com.st.stm32cube.ide.mcu.externaltools.gnu-tools-for-stm32.7-2018-q2-update.win32_1.4.0.202007081208/tools/bin/../lib/gcc/arm-none-eabi/7.3.1/../../../../arm-none-eabi/lib/thumb/v7e-m/fpv5/hard\libc_nano.a(lib_a-mprec.o)
                0x0000000008007af0                __lo0bits
 .text.__i2b    0x0000000008007b4e       0x12 c:/users/fons/.eclipse/com.st.stm32cube.ide.mcu.rcp.product_1.1.0_1296977402_win32_win32_x86_64/plugins/com.st.stm32cube.ide.mcu.externaltools.gnu-tools-for-stm32.7-2018-q2-update.win32_1.4.0.202007081208/tools/bin/../lib/gcc/arm-none-eabi/7.3.1/../../../../arm-none-eabi/lib/thumb/v7e-m/fpv5/hard\libc_nano.a(lib_a-mprec.o)
                0x0000000008007b4e                __i2b
 .text.__multiply
                0x0000000008007b60      0x12c c:/users/fons/.eclipse/com.st.stm32cube.ide.mcu.rcp.product_1.1.0_1296977402_win32_win32_x86_64/plugins/com.st.stm32cube.ide.mcu.externaltools.gnu-tools-for-stm32.7-2018-q2-update.win32_1.4.0.202007081208/tools/bin/../lib/gcc/arm-none-eabi/7.3.1/../../../../arm-none-eabi/lib/thumb/v7e-m/fpv5/hard\libc_nano.a(lib_a-mprec.o)
                0x0000000008007b60                __multiply
 .text.__pow5mult
                0x0000000008007c8c       0x9c c:/users/fons/.eclipse/com.st.stm32cube.ide.mcu.rcp.product_1.1.0_1296977402_win32_win32_x86_64/plugins/com.st.stm32cube.ide.mcu.externaltools.gnu-tools-for-stm32.7-2018-q2-update.win32_1.4.0.202007081208/tools/bin/../lib/gcc/arm-none-eabi/7.3.1/../../../../arm-none-eabi/lib/thumb/v7e-m/fpv5/hard\libc_nano.a(lib_a-mprec.o)
                0x0000000008007c8c                __pow5mult
 .text.__lshift
                0x0000000008007d28       0xa8 c:/users/fons/.eclipse/com.st.stm32cube.ide.mcu.rcp.product_1.1.0_1296977402_win32_win32_x86_64/plugins/com.st.stm32cube.ide.mcu.externaltools.gnu-tools-for-stm32.7-2018-q2-update.win32_1.4.0.202007081208/tools/bin/../lib/gcc/arm-none-eabi/7.3.1/../../../../arm-none-eabi/lib/thumb/v7e-m/fpv5/hard\libc_nano.a(lib_a-mprec.o)
                0x0000000008007d28                __lshift
 .text.__mcmp   0x0000000008007dd0       0x34 c:/users/fons/.eclipse/com.st.stm32cube.ide.mcu.rcp.product_1.1.0_1296977402_win32_win32_x86_64/plugins/com.st.stm32cube.ide.mcu.externaltools.gnu-tools-for-stm32.7-2018-q2-update.win32_1.4.0.202007081208/tools/bin/../lib/gcc/arm-none-eabi/7.3.1/../../../../arm-none-eabi/lib/thumb/v7e-m/fpv5/hard\libc_nano.a(lib_a-mprec.o)
                0x0000000008007dd0                __mcmp
 .text.__mdiff  0x0000000008007e04       0xba c:/users/fons/.eclipse/com.st.stm32cube.ide.mcu.rcp.product_1.1.0_1296977402_win32_win32_x86_64/plugins/com.st.stm32cube.ide.mcu.externaltools.gnu-tools-for-stm32.7-2018-q2-update.win32_1.4.0.202007081208/tools/bin/../lib/gcc/arm-none-eabi/7.3.1/../../../../arm-none-eabi/lib/thumb/v7e-m/fpv5/hard\libc_nano.a(lib_a-mprec.o)
                0x0000000008007e04                __mdiff
 .text.__d2b    0x0000000008007ebe       0x9e c:/users/fons/.eclipse/com.st.stm32cube.ide.mcu.rcp.product_1.1.0_1296977402_win32_win32_x86_64/plugins/com.st.stm32cube.ide.mcu.externaltools.gnu-tools-for-stm32.7-2018-q2-update.win32_1.4.0.202007081208/tools/bin/../lib/gcc/arm-none-eabi/7.3.1/../../../../arm-none-eabi/lib/thumb/v7e-m/fpv5/hard\libc_nano.a(lib_a-mprec.o)
                0x0000000008007ebe                __d2b
 .text._calloc_r
                0x0000000008007f5c       0x1c c:/users/fons/.eclipse/com.st.stm32cube.ide.mcu.rcp.product_1.1.0_1296977402_win32_win32_x86_64/plugins/com.st.stm32cube.ide.mcu.externaltools.gnu-tools-for-stm32.7-2018-q2-update.win32_1.4.0.202007081208/tools/bin/../lib/gcc/arm-none-eabi/7.3.1/../../../../arm-none-eabi/lib/thumb/v7e-m/fpv5/hard\libc_nano.a(lib_a-nano-callocr.o)
                0x0000000008007f5c                _calloc_r
 .text.__ssputs_r
                0x0000000008007f78       0xb4 c:/users/fons/.eclipse/com.st.stm32cube.ide.mcu.rcp.product_1.1.0_1296977402_win32_win32_x86_64/plugins/com.st.stm32cube.ide.mcu.externaltools.gnu-tools-for-stm32.7-2018-q2-update.win32_1.4.0.202007081208/tools/bin/../lib/gcc/arm-none-eabi/7.3.1/../../../../arm-none-eabi/lib/thumb/v7e-m/fpv5/hard\libc_nano.a(lib_a-nano-svfprintf.o)
                0x0000000008007f78                __ssputs_r
 .text._svfprintf_r
                0x000000000800802c      0x1f0 c:/users/fons/.eclipse/com.st.stm32cube.ide.mcu.rcp.product_1.1.0_1296977402_win32_win32_x86_64/plugins/com.st.stm32cube.ide.mcu.externaltools.gnu-tools-for-stm32.7-2018-q2-update.win32_1.4.0.202007081208/tools/bin/../lib/gcc/arm-none-eabi/7.3.1/../../../../arm-none-eabi/lib/thumb/v7e-m/fpv5/hard\libc_nano.a(lib_a-nano-svfprintf.o)
                0x000000000800802c                _svfiprintf_r
                0x000000000800802c                _svfprintf_r
 .text.__ascii_mbtowc
                0x000000000800821c       0x24 c:/users/fons/.eclipse/com.st.stm32cube.ide.mcu.rcp.product_1.1.0_1296977402_win32_win32_x86_64/plugins/com.st.stm32cube.ide.mcu.externaltools.gnu-tools-for-stm32.7-2018-q2-update.win32_1.4.0.202007081208/tools/bin/../lib/gcc/arm-none-eabi/7.3.1/../../../../arm-none-eabi/lib/thumb/v7e-m/fpv5/hard\libc_nano.a(lib_a-mbtowc_r.o)
                0x000000000800821c                __ascii_mbtowc
 .text.memmove  0x0000000008008240       0x32 c:/users/fons/.eclipse/com.st.stm32cube.ide.mcu.rcp.product_1.1.0_1296977402_win32_win32_x86_64/plugins/com.st.stm32cube.ide.mcu.externaltools.gnu-tools-for-stm32.7-2018-q2-update.win32_1.4.0.202007081208/tools/bin/../lib/gcc/arm-none-eabi/7.3.1/../../../../arm-none-eabi/lib/thumb/v7e-m/fpv5/hard\libc_nano.a(lib_a-memmove.o)
                0x0000000008008240                memmove
 .text._realloc_r
                0x0000000008008272       0x4c c:/users/fons/.eclipse/com.st.stm32cube.ide.mcu.rcp.product_1.1.0_1296977402_win32_win32_x86_64/plugins/com.st.stm32cube.ide.mcu.externaltools.gnu-tools-for-stm32.7-2018-q2-update.win32_1.4.0.202007081208/tools/bin/../lib/gcc/arm-none-eabi/7.3.1/../../../../arm-none-eabi/lib/thumb/v7e-m/fpv5/hard\libc_nano.a(lib_a-nano-reallocr.o)
                0x0000000008008272                _realloc_r
 .text.__ascii_wctomb
                0x00000000080082be       0x1a c:/users/fons/.eclipse/com.st.stm32cube.ide.mcu.rcp.product_1.1.0_1296977402_win32_win32_x86_64/plugins/com.st.stm32cube.ide.mcu.externaltools.gnu-tools-for-stm32.7-2018-q2-update.win32_1.4.0.202007081208/tools/bin/../lib/gcc/arm-none-eabi/7.3.1/../../../../arm-none-eabi/lib/thumb/v7e-m/fpv5/hard\libc_nano.a(lib_a-wctomb_r.o)
                0x00000000080082be                __ascii_wctomb
 .text._malloc_usable_size_r
                0x00000000080082d8       0x10 c:/users/fons/.eclipse/com.st.stm32cube.ide.mcu.rcp.product_1.1.0_1296977402_win32_win32_x86_64/plugins/com.st.stm32cube.ide.mcu.externaltools.gnu-tools-for-stm32.7-2018-q2-update.win32_1.4.0.202007081208/tools/bin/../lib/gcc/arm-none-eabi/7.3.1/../../../../arm-none-eabi/lib/thumb/v7e-m/fpv5/hard\libc_nano.a(lib_a-nano-msizer.o)
                0x00000000080082d8                _malloc_usable_size_r
 *(.glue_7)
 .glue_7        0x00000000080082e8        0x0 linker stubs
 *(.glue_7t)
 .glue_7t       0x00000000080082e8        0x0 linker stubs
 *(.eh_frame)
 .eh_frame      0x00000000080082e8        0x0 c:/users/fons/.eclipse/com.st.stm32cube.ide.mcu.rcp.product_1.1.0_1296977402_win32_win32_x86_64/plugins/com.st.stm32cube.ide.mcu.externaltools.gnu-tools-for-stm32.7-2018-q2-update.win32_1.4.0.202007081208/tools/bin/../lib/gcc/arm-none-eabi/7.3.1/thumb/v7e-m/fpv5/hard/crtbegin.o
 *(.init)
 .init          0x00000000080082e8        0x4 c:/users/fons/.eclipse/com.st.stm32cube.ide.mcu.rcp.product_1.1.0_1296977402_win32_win32_x86_64/plugins/com.st.stm32cube.ide.mcu.externaltools.gnu-tools-for-stm32.7-2018-q2-update.win32_1.4.0.202007081208/tools/bin/../lib/gcc/arm-none-eabi/7.3.1/thumb/v7e-m/fpv5/hard/crti.o
                0x00000000080082e8                _init
 .init          0x00000000080082ec        0x8 c:/users/fons/.eclipse/com.st.stm32cube.ide.mcu.rcp.product_1.1.0_1296977402_win32_win32_x86_64/plugins/com.st.stm32cube.ide.mcu.externaltools.gnu-tools-for-stm32.7-2018-q2-update.win32_1.4.0.202007081208/tools/bin/../lib/gcc/arm-none-eabi/7.3.1/thumb/v7e-m/fpv5/hard/crtn.o
 *(.fini)
 .fini          0x00000000080082f4        0x4 c:/users/fons/.eclipse/com.st.stm32cube.ide.mcu.rcp.product_1.1.0_1296977402_win32_win32_x86_64/plugins/com.st.stm32cube.ide.mcu.externaltools.gnu-tools-for-stm32.7-2018-q2-update.win32_1.4.0.202007081208/tools/bin/../lib/gcc/arm-none-eabi/7.3.1/thumb/v7e-m/fpv5/hard/crti.o
                0x00000000080082f4                _fini
 .fini          0x00000000080082f8        0x8 c:/users/fons/.eclipse/com.st.stm32cube.ide.mcu.rcp.product_1.1.0_1296977402_win32_win32_x86_64/plugins/com.st.stm32cube.ide.mcu.externaltools.gnu-tools-for-stm32.7-2018-q2-update.win32_1.4.0.202007081208/tools/bin/../lib/gcc/arm-none-eabi/7.3.1/thumb/v7e-m/fpv5/hard/crtn.o
                0x0000000008008300                . = ALIGN (0x4)
                0x0000000008008300                _etext = .

.vfp11_veneer   0x0000000008008300        0x0
 .vfp11_veneer  0x0000000008008300        0x0 linker stubs

.v4_bx          0x0000000008008300        0x0
 .v4_bx         0x0000000008008300        0x0 linker stubs

.iplt           0x0000000008008300        0x0
 .iplt          0x0000000008008300        0x0 c:/users/fons/.eclipse/com.st.stm32cube.ide.mcu.rcp.product_1.1.0_1296977402_win32_win32_x86_64/plugins/com.st.stm32cube.ide.mcu.externaltools.gnu-tools-for-stm32.7-2018-q2-update.win32_1.4.0.202007081208/tools/bin/../lib/gcc/arm-none-eabi/7.3.1/thumb/v7e-m/fpv5/hard/crtbegin.o

.rodata         0x0000000008008300      0x2a8
                0x0000000008008300                . = ALIGN (0x4)
 *(.rodata)
 .rodata        0x0000000008008300       0x32 Core/Src/main.o
 *(.rodata*)
 *fill*         0x0000000008008332        0x2 
 .rodata.AHBPrescTable
                0x0000000008008334       0x10 Core/Src/system_stm32f7xx.o
                0x0000000008008334                AHBPrescTable
 .rodata.APBPrescTable
                0x0000000008008344        0x8 Core/Src/system_stm32f7xx.o
                0x0000000008008344                APBPrescTable
 .rodata._printf_float.str1.1
                0x000000000800834c       0x12 c:/users/fons/.eclipse/com.st.stm32cube.ide.mcu.rcp.product_1.1.0_1296977402_win32_win32_x86_64/plugins/com.st.stm32cube.ide.mcu.externaltools.gnu-tools-for-stm32.7-2018-q2-update.win32_1.4.0.202007081208/tools/bin/../lib/gcc/arm-none-eabi/7.3.1/../../../../arm-none-eabi/lib/thumb/v7e-m/fpv5/hard\libc_nano.a(lib_a-nano-vfprintf_float.o)
 .rodata._printf_i.str1.1
                0x000000000800835e       0x22 c:/users/fons/.eclipse/com.st.stm32cube.ide.mcu.rcp.product_1.1.0_1296977402_win32_win32_x86_64/plugins/com.st.stm32cube.ide.mcu.externaltools.gnu-tools-for-stm32.7-2018-q2-update.win32_1.4.0.202007081208/tools/bin/../lib/gcc/arm-none-eabi/7.3.1/../../../../arm-none-eabi/lib/thumb/v7e-m/fpv5/hard\libc_nano.a(lib_a-nano-vfprintf_i.o)
 .rodata._dtoa_r.str1.1
                0x0000000008008380        0xd c:/users/fons/.eclipse/com.st.stm32cube.ide.mcu.rcp.product_1.1.0_1296977402_win32_win32_x86_64/plugins/com.st.stm32cube.ide.mcu.externaltools.gnu-tools-for-stm32.7-2018-q2-update.win32_1.4.0.202007081208/tools/bin/../lib/gcc/arm-none-eabi/7.3.1/../../../../arm-none-eabi/lib/thumb/v7e-m/fpv5/hard\libc_nano.a(lib_a-dtoa.o)
                                          0xf (size before relaxing)
 *fill*         0x000000000800838d        0x3 
 .rodata.__mprec_bigtens
                0x0000000008008390       0x28 c:/users/fons/.eclipse/com.st.stm32cube.ide.mcu.rcp.product_1.1.0_1296977402_win32_win32_x86_64/plugins/com.st.stm32cube.ide.mcu.externaltools.gnu-tools-for-stm32.7-2018-q2-update.win32_1.4.0.202007081208/tools/bin/../lib/gcc/arm-none-eabi/7.3.1/../../../../arm-none-eabi/lib/thumb/v7e-m/fpv5/hard\libc_nano.a(lib_a-mprec.o)
                0x0000000008008390                __mprec_bigtens
 .rodata.__mprec_tens
                0x00000000080083b8       0xc8 c:/users/fons/.eclipse/com.st.stm32cube.ide.mcu.rcp.product_1.1.0_1296977402_win32_win32_x86_64/plugins/com.st.stm32cube.ide.mcu.externaltools.gnu-tools-for-stm32.7-2018-q2-update.win32_1.4.0.202007081208/tools/bin/../lib/gcc/arm-none-eabi/7.3.1/../../../../arm-none-eabi/lib/thumb/v7e-m/fpv5/hard\libc_nano.a(lib_a-mprec.o)
                0x00000000080083b8                __mprec_tens
 .rodata.p05.7359
                0x0000000008008480        0xc c:/users/fons/.eclipse/com.st.stm32cube.ide.mcu.rcp.product_1.1.0_1296977402_win32_win32_x86_64/plugins/com.st.stm32cube.ide.mcu.externaltools.gnu-tools-for-stm32.7-2018-q2-update.win32_1.4.0.202007081208/tools/bin/../lib/gcc/arm-none-eabi/7.3.1/../../../../arm-none-eabi/lib/thumb/v7e-m/fpv5/hard\libc_nano.a(lib_a-mprec.o)
 .rodata._svfprintf_r.str1.1
                0x000000000800848c       0x11 c:/users/fons/.eclipse/com.st.stm32cube.ide.mcu.rcp.product_1.1.0_1296977402_win32_win32_x86_64/plugins/com.st.stm32cube.ide.mcu.externaltools.gnu-tools-for-stm32.7-2018-q2-update.win32_1.4.0.202007081208/tools/bin/../lib/gcc/arm-none-eabi/7.3.1/../../../../arm-none-eabi/lib/thumb/v7e-m/fpv5/hard\libc_nano.a(lib_a-nano-svfprintf.o)
 .rodata._setlocale_r.str1.1
                0x000000000800849d        0x8 c:/users/fons/.eclipse/com.st.stm32cube.ide.mcu.rcp.product_1.1.0_1296977402_win32_win32_x86_64/plugins/com.st.stm32cube.ide.mcu.externaltools.gnu-tools-for-stm32.7-2018-q2-update.win32_1.4.0.202007081208/tools/bin/../lib/gcc/arm-none-eabi/7.3.1/../../../../arm-none-eabi/lib/thumb/v7e-m/fpv5/hard\libc_nano.a(lib_a-locale.o)
                                          0x9 (size before relaxing)
 .rodata.str1.1
                0x00000000080084a5        0x2 c:/users/fons/.eclipse/com.st.stm32cube.ide.mcu.rcp.product_1.1.0_1296977402_win32_win32_x86_64/plugins/com.st.stm32cube.ide.mcu.externaltools.gnu-tools-for-stm32.7-2018-q2-update.win32_1.4.0.202007081208/tools/bin/../lib/gcc/arm-none-eabi/7.3.1/../../../../arm-none-eabi/lib/thumb/v7e-m/fpv5/hard\libc_nano.a(lib_a-locale.o)
 .rodata._ctype_
                0x00000000080084a7      0x101 c:/users/fons/.eclipse/com.st.stm32cube.ide.mcu.rcp.product_1.1.0_1296977402_win32_win32_x86_64/plugins/com.st.stm32cube.ide.mcu.externaltools.gnu-tools-for-stm32.7-2018-q2-update.win32_1.4.0.202007081208/tools/bin/../lib/gcc/arm-none-eabi/7.3.1/../../../../arm-none-eabi/lib/thumb/v7e-m/fpv5/hard\libc_nano.a(lib_a-ctype_.o)
                0x00000000080084a7                _ctype_
                0x00000000080085a8                . = ALIGN (0x4)

.ARM.extab      0x00000000080085a8        0x0
                0x00000000080085a8                . = ALIGN (0x4)
 *(.ARM.extab* .gnu.linkonce.armextab.*)
                0x00000000080085a8                . = ALIGN (0x4)

.ARM            0x00000000080085a8        0x8
                0x00000000080085a8                . = ALIGN (0x4)
                0x00000000080085a8                __exidx_start = .
 *(.ARM.exidx*)
 .ARM.exidx     0x00000000080085a8        0x8 c:/users/fons/.eclipse/com.st.stm32cube.ide.mcu.rcp.product_1.1.0_1296977402_win32_win32_x86_64/plugins/com.st.stm32cube.ide.mcu.externaltools.gnu-tools-for-stm32.7-2018-q2-update.win32_1.4.0.202007081208/tools/bin/../lib/gcc/arm-none-eabi/7.3.1/thumb/v7e-m/fpv5/hard\libgcc.a(_udivmoddi4.o)
                0x00000000080085b0                __exidx_end = .
                0x00000000080085b0                . = ALIGN (0x4)

.rel.dyn        0x00000000080085b0        0x0
 .rel.iplt      0x00000000080085b0        0x0 c:/users/fons/.eclipse/com.st.stm32cube.ide.mcu.rcp.product_1.1.0_1296977402_win32_win32_x86_64/plugins/com.st.stm32cube.ide.mcu.externaltools.gnu-tools-for-stm32.7-2018-q2-update.win32_1.4.0.202007081208/tools/bin/../lib/gcc/arm-none-eabi/7.3.1/thumb/v7e-m/fpv5/hard/crtbegin.o

.preinit_array  0x00000000080085b0        0x0
                0x00000000080085b0                . = ALIGN (0x4)
                0x00000000080085b0                PROVIDE (__preinit_array_start = .)
 *(.preinit_array*)
                0x00000000080085b0                PROVIDE (__preinit_array_end = .)
                0x00000000080085b0                . = ALIGN (0x4)

.init_array     0x00000000080085b0        0x4
                0x00000000080085b0                . = ALIGN (0x4)
                0x00000000080085b0                PROVIDE (__init_array_start = .)
 *(SORT_BY_NAME(.init_array.*))
 *(.init_array*)
 .init_array    0x00000000080085b0        0x4 c:/users/fons/.eclipse/com.st.stm32cube.ide.mcu.rcp.product_1.1.0_1296977402_win32_win32_x86_64/plugins/com.st.stm32cube.ide.mcu.externaltools.gnu-tools-for-stm32.7-2018-q2-update.win32_1.4.0.202007081208/tools/bin/../lib/gcc/arm-none-eabi/7.3.1/thumb/v7e-m/fpv5/hard/crtbegin.o
                0x00000000080085b4                PROVIDE (__init_array_end = .)
                0x00000000080085b4                . = ALIGN (0x4)

.fini_array     0x00000000080085b4        0x4
                0x00000000080085b4                . = ALIGN (0x4)
                [!provide]                        PROVIDE (__fini_array_start = .)
 *(SORT_BY_NAME(.fini_array.*))
 *(.fini_array*)
 .fini_array    0x00000000080085b4        0x4 c:/users/fons/.eclipse/com.st.stm32cube.ide.mcu.rcp.product_1.1.0_1296977402_win32_win32_x86_64/plugins/com.st.stm32cube.ide.mcu.externaltools.gnu-tools-for-stm32.7-2018-q2-update.win32_1.4.0.202007081208/tools/bin/../lib/gcc/arm-none-eabi/7.3.1/thumb/v7e-m/fpv5/hard/crtbegin.o
                [!provide]                        PROVIDE (__fini_array_end = .)
                0x00000000080085b8                . = ALIGN (0x4)
                0x00000000080085b8                _sidata = LOADADDR (.data)

.data           0x0000000020000000      0x1dc load address 0x00000000080085b8
                0x0000000020000000                . = ALIGN (0x4)
                0x0000000020000000                _sdata = .
 *(.data)
 *(.data*)
 .data.SystemCoreClock
                0x0000000020000000        0x4 Core/Src/system_stm32f7xx.o
                0x0000000020000000                SystemCoreClock
 .data.uwTickPrio
                0x0000000020000004        0x4 Drivers/STM32F7xx_HAL_Driver/Src/stm32f7xx_hal.o
                0x0000000020000004                uwTickPrio
 .data.uwTickFreq
                0x0000000020000008        0x1 Drivers/STM32F7xx_HAL_Driver/Src/stm32f7xx_hal.o
                0x0000000020000008                uwTickFreq
 *fill*         0x0000000020000009        0x3 
 .data._impure_ptr
                0x000000002000000c        0x4 c:/users/fons/.eclipse/com.st.stm32cube.ide.mcu.rcp.product_1.1.0_1296977402_win32_win32_x86_64/plugins/com.st.stm32cube.ide.mcu.externaltools.gnu-tools-for-stm32.7-2018-q2-update.win32_1.4.0.202007081208/tools/bin/../lib/gcc/arm-none-eabi/7.3.1/../../../../arm-none-eabi/lib/thumb/v7e-m/fpv5/hard\libc_nano.a(lib_a-impure.o)
                0x000000002000000c                _impure_ptr
 .data.impure_data
                0x0000000020000010       0x60 c:/users/fons/.eclipse/com.st.stm32cube.ide.mcu.rcp.product_1.1.0_1296977402_win32_win32_x86_64/plugins/com.st.stm32cube.ide.mcu.externaltools.gnu-tools-for-stm32.7-2018-q2-update.win32_1.4.0.202007081208/tools/bin/../lib/gcc/arm-none-eabi/7.3.1/../../../../arm-none-eabi/lib/thumb/v7e-m/fpv5/hard\libc_nano.a(lib_a-impure.o)
 .data.__global_locale
                0x0000000020000070      0x16c c:/users/fons/.eclipse/com.st.stm32cube.ide.mcu.rcp.product_1.1.0_1296977402_win32_win32_x86_64/plugins/com.st.stm32cube.ide.mcu.externaltools.gnu-tools-for-stm32.7-2018-q2-update.win32_1.4.0.202007081208/tools/bin/../lib/gcc/arm-none-eabi/7.3.1/../../../../arm-none-eabi/lib/thumb/v7e-m/fpv5/hard\libc_nano.a(lib_a-locale.o)
                0x0000000020000070                __global_locale
                0x00000000200001dc                . = ALIGN (0x4)
                0x00000000200001dc                _edata = .

.igot.plt       0x00000000200001dc        0x0 load address 0x0000000008008794
 .igot.plt      0x00000000200001dc        0x0 c:/users/fons/.eclipse/com.st.stm32cube.ide.mcu.rcp.product_1.1.0_1296977402_win32_win32_x86_64/plugins/com.st.stm32cube.ide.mcu.externaltools.gnu-tools-for-stm32.7-2018-q2-update.win32_1.4.0.202007081208/tools/bin/../lib/gcc/arm-none-eabi/7.3.1/thumb/v7e-m/fpv5/hard/crtbegin.o
                0x00000000200001dc                . = ALIGN (0x4)

.bss            0x00000000200001e0      0x6b4 load address 0x0000000008008794
                0x00000000200001e0                _sbss = .
                0x00000000200001e0                __bss_start__ = _sbss
 *(.bss)
 .bss           0x00000000200001e0       0x1c c:/users/fons/.eclipse/com.st.stm32cube.ide.mcu.rcp.product_1.1.0_1296977402_win32_win32_x86_64/plugins/com.st.stm32cube.ide.mcu.externaltools.gnu-tools-for-stm32.7-2018-q2-update.win32_1.4.0.202007081208/tools/bin/../lib/gcc/arm-none-eabi/7.3.1/thumb/v7e-m/fpv5/hard/crtbegin.o
 *(.bss*)
 *fill*         0x00000000200001fc        0x4 
 .bss.frequency
                0x0000000020000200        0x8 Core/Src/driver_HC_SR04.o
                0x0000000020000200                frequency
 .bss.distanciacm
                0x0000000020000208        0x8 Core/Src/driver_HC_SR04.o
                0x0000000020000208                distanciacm
 .bss.cuenta    0x0000000020000210        0x4 Core/Src/main.o
                0x0000000020000210                cuenta
 .bss.FLAG_ENVIO
                0x0000000020000214        0x1 Core/Src/main.o
                0x0000000020000214                FLAG_ENVIO
 .bss.Is_First_Captured
                0x0000000020000215        0x1 Core/Src/main.o
                0x0000000020000215                Is_First_Captured
 .bss.diffCapture
                0x0000000020000216        0x2 Core/Src/main.o
                0x0000000020000216                diffCapture
 .bss.captureDone
                0x0000000020000218        0x1 Core/Src/main.o
                0x0000000020000218                captureDone
 *fill*         0x0000000020000219        0x7 
 .bss.distanciam
                0x0000000020000220        0x8 Core/Src/main.o
                0x0000000020000220                distanciam
 .bss.temperatura
                0x0000000020000228        0x4 Core/Src/main.o
                0x0000000020000228                temperatura
 .bss.__sbrk_heap_end
                0x000000002000022c        0x4 Core/Src/sysmem.o
 .bss.__malloc_free_list
                0x0000000020000230        0x4 c:/users/fons/.eclipse/com.st.stm32cube.ide.mcu.rcp.product_1.1.0_1296977402_win32_win32_x86_64/plugins/com.st.stm32cube.ide.mcu.externaltools.gnu-tools-for-stm32.7-2018-q2-update.win32_1.4.0.202007081208/tools/bin/../lib/gcc/arm-none-eabi/7.3.1/../../../../arm-none-eabi/lib/thumb/v7e-m/fpv5/hard\libc_nano.a(lib_a-nano-mallocr.o)
                0x0000000020000230                __malloc_free_list
 .bss.__malloc_sbrk_start
                0x0000000020000234        0x4 c:/users/fons/.eclipse/com.st.stm32cube.ide.mcu.rcp.product_1.1.0_1296977402_win32_win32_x86_64/plugins/com.st.stm32cube.ide.mcu.externaltools.gnu-tools-for-stm32.7-2018-q2-update.win32_1.4.0.202007081208/tools/bin/../lib/gcc/arm-none-eabi/7.3.1/../../../../arm-none-eabi/lib/thumb/v7e-m/fpv5/hard\libc_nano.a(lib_a-nano-mallocr.o)
                0x0000000020000234                __malloc_sbrk_start
 *(COMMON)
 COMMON         0x0000000020000238       0x48 Core/Src/adc.o
                0x0000000020000238                hadc1
 COMMON         0x0000000020000280        0x8 Core/Src/driver_temperature.o
                0x0000000020000280                rawValue
                0x0000000020000284                temp
 COMMON         0x0000000020000288       0x48 Core/Src/eth.o
                0x0000000020000288                heth
 COMMON         0x00000000200002d0       0x78 Core/Src/main.o
                0x00000000200002d0                teclado
                0x00000000200002dc                captures
                0x00000000200002e4                str_name
 COMMON         0x0000000020000348       0xc0 Core/Src/tim.o
                0x0000000020000348                htim3
                0x0000000020000388                htim6
                0x00000000200003c8                htim7
 COMMON         0x0000000020000408       0x80 Core/Src/usart.o
                0x0000000020000408                huart3
 COMMON         0x0000000020000488      0x404 Core/Src/usb_otg.o
                0x0000000020000488                hpcd_USB_OTG_FS
 COMMON         0x000000002000088c        0x4 Drivers/STM32F7xx_HAL_Driver/Src/stm32f7xx_hal.o
                0x000000002000088c                uwTick
 COMMON         0x0000000020000890        0x4 c:/users/fons/.eclipse/com.st.stm32cube.ide.mcu.rcp.product_1.1.0_1296977402_win32_win32_x86_64/plugins/com.st.stm32cube.ide.mcu.externaltools.gnu-tools-for-stm32.7-2018-q2-update.win32_1.4.0.202007081208/tools/bin/../lib/gcc/arm-none-eabi/7.3.1/../../../../arm-none-eabi/lib/thumb/v7e-m/fpv5/hard\libc_nano.a(lib_a-reent.o)
                0x0000000020000890                errno
                0x0000000020000894                . = ALIGN (0x4)
                0x0000000020000894                _ebss = .
                0x0000000020000894                __bss_end__ = _ebss

._user_heap_stack
                0x0000000020000894      0x604 load address 0x0000000008008794
                0x0000000020000898                . = ALIGN (0x8)
 *fill*         0x0000000020000894        0x4 
                [!provide]                        PROVIDE (end = .)
                0x0000000020000898                PROVIDE (_end = .)
                0x0000000020000a98                . = (. + _Min_Heap_Size)
 *fill*         0x0000000020000898      0x200 
                0x0000000020000e98                . = (. + _Min_Stack_Size)
 *fill*         0x0000000020000a98      0x400 
                0x0000000020000e98                . = ALIGN (0x8)

/DISCARD/
 libc.a(*)
 libm.a(*)
 libgcc.a(*)

.ARM.attributes
                0x0000000000000000       0x2e
 *(.ARM.attributes)
 .ARM.attributes
                0x0000000000000000       0x20 c:/users/fons/.eclipse/com.st.stm32cube.ide.mcu.rcp.product_1.1.0_1296977402_win32_win32_x86_64/plugins/com.st.stm32cube.ide.mcu.externaltools.gnu-tools-for-stm32.7-2018-q2-update.win32_1.4.0.202007081208/tools/bin/../lib/gcc/arm-none-eabi/7.3.1/thumb/v7e-m/fpv5/hard/crti.o
 .ARM.attributes
                0x0000000000000020       0x32 c:/users/fons/.eclipse/com.st.stm32cube.ide.mcu.rcp.product_1.1.0_1296977402_win32_win32_x86_64/plugins/com.st.stm32cube.ide.mcu.externaltools.gnu-tools-for-stm32.7-2018-q2-update.win32_1.4.0.202007081208/tools/bin/../lib/gcc/arm-none-eabi/7.3.1/thumb/v7e-m/fpv5/hard/crtbegin.o
 .ARM.attributes
                0x0000000000000052       0x37 Core/Src/adc.o
 .ARM.attributes
                0x0000000000000089       0x37 Core/Src/driver_HC_SR04.o
 .ARM.attributes
                0x00000000000000c0       0x37 Core/Src/driver_temperature.o
 .ARM.attributes
                0x00000000000000f7       0x37 Core/Src/eth.o
 .ARM.attributes
                0x000000000000012e       0x37 Core/Src/gpio.o
 .ARM.attributes
                0x0000000000000165       0x37 Core/Src/keypad.o
 .ARM.attributes
                0x000000000000019c       0x37 Core/Src/main.o
 .ARM.attributes
                0x00000000000001d3       0x37 Core/Src/stm32f7xx_hal_msp.o
 .ARM.attributes
                0x000000000000020a       0x37 Core/Src/stm32f7xx_it.o
 .ARM.attributes
                0x0000000000000241       0x37 Core/Src/sysmem.o
 .ARM.attributes
                0x0000000000000278       0x37 Core/Src/system_stm32f7xx.o
 .ARM.attributes
                0x00000000000002af       0x37 Core/Src/tim.o
 .ARM.attributes
                0x00000000000002e6       0x37 Core/Src/usart.o
 .ARM.attributes
                0x000000000000031d       0x37 Core/Src/usb_otg.o
 .ARM.attributes
                0x0000000000000354       0x21 Core/Startup/startup_stm32f767zitx.o
 .ARM.attributes
                0x0000000000000375       0x37 Drivers/STM32F7xx_HAL_Driver/Src/stm32f7xx_hal.o
 .ARM.attributes
                0x00000000000003ac       0x37 Drivers/STM32F7xx_HAL_Driver/Src/stm32f7xx_hal_adc.o
 .ARM.attributes
                0x00000000000003e3       0x37 Drivers/STM32F7xx_HAL_Driver/Src/stm32f7xx_hal_adc_ex.o
 .ARM.attributes
                0x000000000000041a       0x37 Drivers/STM32F7xx_HAL_Driver/Src/stm32f7xx_hal_cortex.o
 .ARM.attributes
                0x0000000000000451       0x37 Drivers/STM32F7xx_HAL_Driver/Src/stm32f7xx_hal_eth.o
 .ARM.attributes
                0x0000000000000488       0x37 Drivers/STM32F7xx_HAL_Driver/Src/stm32f7xx_hal_gpio.o
 .ARM.attributes
                0x00000000000004bf       0x37 Drivers/STM32F7xx_HAL_Driver/Src/stm32f7xx_hal_pcd.o
 .ARM.attributes
                0x00000000000004f6       0x37 Drivers/STM32F7xx_HAL_Driver/Src/stm32f7xx_hal_pcd_ex.o
 .ARM.attributes
                0x000000000000052d       0x37 Drivers/STM32F7xx_HAL_Driver/Src/stm32f7xx_hal_pwr.o
 .ARM.attributes
                0x0000000000000564       0x37 Drivers/STM32F7xx_HAL_Driver/Src/stm32f7xx_hal_pwr_ex.o
 .ARM.attributes
                0x000000000000059b       0x37 Drivers/STM32F7xx_HAL_Driver/Src/stm32f7xx_hal_rcc.o
 .ARM.attributes
                0x00000000000005d2       0x37 Drivers/STM32F7xx_HAL_Driver/Src/stm32f7xx_hal_rcc_ex.o
 .ARM.attributes
                0x0000000000000609       0x37 Drivers/STM32F7xx_HAL_Driver/Src/stm32f7xx_hal_tim.o
 .ARM.attributes
                0x0000000000000640       0x37 Drivers/STM32F7xx_HAL_Driver/Src/stm32f7xx_hal_tim_ex.o
 .ARM.attributes
                0x0000000000000677       0x37 Drivers/STM32F7xx_HAL_Driver/Src/stm32f7xx_hal_uart.o
 .ARM.attributes
                0x00000000000006ae       0x37 Drivers/STM32F7xx_HAL_Driver/Src/stm32f7xx_ll_usb.o
 .ARM.attributes
                0x00000000000006e5       0x32 c:/users/fons/.eclipse/com.st.stm32cube.ide.mcu.rcp.product_1.1.0_1296977402_win32_win32_x86_64/plugins/com.st.stm32cube.ide.mcu.externaltools.gnu-tools-for-stm32.7-2018-q2-update.win32_1.4.0.202007081208/tools/bin/../lib/gcc/arm-none-eabi/7.3.1/../../../../arm-none-eabi/lib/thumb/v7e-m/fpv5/hard\libc_nano.a(lib_a-errno.o)
 .ARM.attributes
                0x0000000000000717       0x32 c:/users/fons/.eclipse/com.st.stm32cube.ide.mcu.rcp.product_1.1.0_1296977402_win32_win32_x86_64/plugins/com.st.stm32cube.ide.mcu.externaltools.gnu-tools-for-stm32.7-2018-q2-update.win32_1.4.0.202007081208/tools/bin/../lib/gcc/arm-none-eabi/7.3.1/../../../../arm-none-eabi/lib/thumb/v7e-m/fpv5/hard\libc_nano.a(lib_a-impure.o)
 .ARM.attributes
                0x0000000000000749       0x32 c:/users/fons/.eclipse/com.st.stm32cube.ide.mcu.rcp.product_1.1.0_1296977402_win32_win32_x86_64/plugins/com.st.stm32cube.ide.mcu.externaltools.gnu-tools-for-stm32.7-2018-q2-update.win32_1.4.0.202007081208/tools/bin/../lib/gcc/arm-none-eabi/7.3.1/../../../../arm-none-eabi/lib/thumb/v7e-m/fpv5/hard\libc_nano.a(lib_a-init.o)
 .ARM.attributes
                0x000000000000077b       0x32 c:/users/fons/.eclipse/com.st.stm32cube.ide.mcu.rcp.product_1.1.0_1296977402_win32_win32_x86_64/plugins/com.st.stm32cube.ide.mcu.externaltools.gnu-tools-for-stm32.7-2018-q2-update.win32_1.4.0.202007081208/tools/bin/../lib/gcc/arm-none-eabi/7.3.1/../../../../arm-none-eabi/lib/thumb/v7e-m/fpv5/hard\libc_nano.a(lib_a-malloc.o)
 .ARM.attributes
                0x00000000000007ad       0x32 c:/users/fons/.eclipse/com.st.stm32cube.ide.mcu.rcp.product_1.1.0_1296977402_win32_win32_x86_64/plugins/com.st.stm32cube.ide.mcu.externaltools.gnu-tools-for-stm32.7-2018-q2-update.win32_1.4.0.202007081208/tools/bin/../lib/gcc/arm-none-eabi/7.3.1/../../../../arm-none-eabi/lib/thumb/v7e-m/fpv5/hard\libc_nano.a(lib_a-memset.o)
 .ARM.attributes
                0x00000000000007df       0x32 c:/users/fons/.eclipse/com.st.stm32cube.ide.mcu.rcp.product_1.1.0_1296977402_win32_win32_x86_64/plugins/com.st.stm32cube.ide.mcu.externaltools.gnu-tools-for-stm32.7-2018-q2-update.win32_1.4.0.202007081208/tools/bin/../lib/gcc/arm-none-eabi/7.3.1/../../../../arm-none-eabi/lib/thumb/v7e-m/fpv5/hard\libc_nano.a(lib_a-nano-freer.o)
 .ARM.attributes
                0x0000000000000811       0x32 c:/users/fons/.eclipse/com.st.stm32cube.ide.mcu.rcp.product_1.1.0_1296977402_win32_win32_x86_64/plugins/com.st.stm32cube.ide.mcu.externaltools.gnu-tools-for-stm32.7-2018-q2-update.win32_1.4.0.202007081208/tools/bin/../lib/gcc/arm-none-eabi/7.3.1/../../../../arm-none-eabi/lib/thumb/v7e-m/fpv5/hard\libc_nano.a(lib_a-nano-mallocr.o)
 .ARM.attributes
                0x0000000000000843       0x32 c:/users/fons/.eclipse/com.st.stm32cube.ide.mcu.rcp.product_1.1.0_1296977402_win32_win32_x86_64/plugins/com.st.stm32cube.ide.mcu.externaltools.gnu-tools-for-stm32.7-2018-q2-update.win32_1.4.0.202007081208/tools/bin/../lib/gcc/arm-none-eabi/7.3.1/../../../../arm-none-eabi/lib/thumb/v7e-m/fpv5/hard\libc_nano.a(lib_a-nano-vfprintf_float.o)
 .ARM.attributes
                0x0000000000000875       0x32 c:/users/fons/.eclipse/com.st.stm32cube.ide.mcu.rcp.product_1.1.0_1296977402_win32_win32_x86_64/plugins/com.st.stm32cube.ide.mcu.externaltools.gnu-tools-for-stm32.7-2018-q2-update.win32_1.4.0.202007081208/tools/bin/../lib/gcc/arm-none-eabi/7.3.1/../../../../arm-none-eabi/lib/thumb/v7e-m/fpv5/hard\libc_nano.a(lib_a-nano-vfprintf_i.o)
 .ARM.attributes
                0x00000000000008a7       0x32 c:/users/fons/.eclipse/com.st.stm32cube.ide.mcu.rcp.product_1.1.0_1296977402_win32_win32_x86_64/plugins/com.st.stm32cube.ide.mcu.externaltools.gnu-tools-for-stm32.7-2018-q2-update.win32_1.4.0.202007081208/tools/bin/../lib/gcc/arm-none-eabi/7.3.1/../../../../arm-none-eabi/lib/thumb/v7e-m/fpv5/hard\libc_nano.a(lib_a-sbrkr.o)
 .ARM.attributes
                0x00000000000008d9       0x32 c:/users/fons/.eclipse/com.st.stm32cube.ide.mcu.rcp.product_1.1.0_1296977402_win32_win32_x86_64/plugins/com.st.stm32cube.ide.mcu.externaltools.gnu-tools-for-stm32.7-2018-q2-update.win32_1.4.0.202007081208/tools/bin/../lib/gcc/arm-none-eabi/7.3.1/../../../../arm-none-eabi/lib/thumb/v7e-m/fpv5/hard\libc_nano.a(lib_a-sprintf.o)
 .ARM.attributes
                0x000000000000090b       0x19 c:/users/fons/.eclipse/com.st.stm32cube.ide.mcu.rcp.product_1.1.0_1296977402_win32_win32_x86_64/plugins/com.st.stm32cube.ide.mcu.externaltools.gnu-tools-for-stm32.7-2018-q2-update.win32_1.4.0.202007081208/tools/bin/../lib/gcc/arm-none-eabi/7.3.1/../../../../arm-none-eabi/lib/thumb/v7e-m/fpv5/hard\libc_nano.a(lib_a-strlen.o)
 .ARM.attributes
                0x0000000000000924       0x32 c:/users/fons/.eclipse/com.st.stm32cube.ide.mcu.rcp.product_1.1.0_1296977402_win32_win32_x86_64/plugins/com.st.stm32cube.ide.mcu.externaltools.gnu-tools-for-stm32.7-2018-q2-update.win32_1.4.0.202007081208/tools/bin/../lib/gcc/arm-none-eabi/7.3.1/../../../../arm-none-eabi/lib/thumb/v7e-m/fpv5/hard\libc_nano.a(lib_a-dtoa.o)
 .ARM.attributes
                0x0000000000000956       0x32 c:/users/fons/.eclipse/com.st.stm32cube.ide.mcu.rcp.product_1.1.0_1296977402_win32_win32_x86_64/plugins/com.st.stm32cube.ide.mcu.externaltools.gnu-tools-for-stm32.7-2018-q2-update.win32_1.4.0.202007081208/tools/bin/../lib/gcc/arm-none-eabi/7.3.1/../../../../arm-none-eabi/lib/thumb/v7e-m/fpv5/hard\libc_nano.a(lib_a-localeconv.o)
 .ARM.attributes
                0x0000000000000988       0x1e c:/users/fons/.eclipse/com.st.stm32cube.ide.mcu.rcp.product_1.1.0_1296977402_win32_win32_x86_64/plugins/com.st.stm32cube.ide.mcu.externaltools.gnu-tools-for-stm32.7-2018-q2-update.win32_1.4.0.202007081208/tools/bin/../lib/gcc/arm-none-eabi/7.3.1/../../../../arm-none-eabi/lib/thumb/v7e-m/fpv5/hard\libc_nano.a(lib_a-memchr.o)
 .ARM.attributes
                0x00000000000009a6       0x32 c:/users/fons/.eclipse/com.st.stm32cube.ide.mcu.rcp.product_1.1.0_1296977402_win32_win32_x86_64/plugins/com.st.stm32cube.ide.mcu.externaltools.gnu-tools-for-stm32.7-2018-q2-update.win32_1.4.0.202007081208/tools/bin/../lib/gcc/arm-none-eabi/7.3.1/../../../../arm-none-eabi/lib/thumb/v7e-m/fpv5/hard\libc_nano.a(lib_a-memcpy-stub.o)
 .ARM.attributes
                0x00000000000009d8       0x32 c:/users/fons/.eclipse/com.st.stm32cube.ide.mcu.rcp.product_1.1.0_1296977402_win32_win32_x86_64/plugins/com.st.stm32cube.ide.mcu.externaltools.gnu-tools-for-stm32.7-2018-q2-update.win32_1.4.0.202007081208/tools/bin/../lib/gcc/arm-none-eabi/7.3.1/../../../../arm-none-eabi/lib/thumb/v7e-m/fpv5/hard\libc_nano.a(lib_a-mlock.o)
 .ARM.attributes
                0x0000000000000a0a       0x32 c:/users/fons/.eclipse/com.st.stm32cube.ide.mcu.rcp.product_1.1.0_1296977402_win32_win32_x86_64/plugins/com.st.stm32cube.ide.mcu.externaltools.gnu-tools-for-stm32.7-2018-q2-update.win32_1.4.0.202007081208/tools/bin/../lib/gcc/arm-none-eabi/7.3.1/../../../../arm-none-eabi/lib/thumb/v7e-m/fpv5/hard\libc_nano.a(lib_a-mprec.o)
 .ARM.attributes
                0x0000000000000a3c       0x32 c:/users/fons/.eclipse/com.st.stm32cube.ide.mcu.rcp.product_1.1.0_1296977402_win32_win32_x86_64/plugins/com.st.stm32cube.ide.mcu.externaltools.gnu-tools-for-stm32.7-2018-q2-update.win32_1.4.0.202007081208/tools/bin/../lib/gcc/arm-none-eabi/7.3.1/../../../../arm-none-eabi/lib/thumb/v7e-m/fpv5/hard\libc_nano.a(lib_a-nano-callocr.o)
 .ARM.attributes
                0x0000000000000a6e       0x32 c:/users/fons/.eclipse/com.st.stm32cube.ide.mcu.rcp.product_1.1.0_1296977402_win32_win32_x86_64/plugins/com.st.stm32cube.ide.mcu.externaltools.gnu-tools-for-stm32.7-2018-q2-update.win32_1.4.0.202007081208/tools/bin/../lib/gcc/arm-none-eabi/7.3.1/../../../../arm-none-eabi/lib/thumb/v7e-m/fpv5/hard\libc_nano.a(lib_a-nano-svfprintf.o)
 .ARM.attributes
                0x0000000000000aa0       0x32 c:/users/fons/.eclipse/com.st.stm32cube.ide.mcu.rcp.product_1.1.0_1296977402_win32_win32_x86_64/plugins/com.st.stm32cube.ide.mcu.externaltools.gnu-tools-for-stm32.7-2018-q2-update.win32_1.4.0.202007081208/tools/bin/../lib/gcc/arm-none-eabi/7.3.1/../../../../arm-none-eabi/lib/thumb/v7e-m/fpv5/hard\libc_nano.a(lib_a-reent.o)
 .ARM.attributes
                0x0000000000000ad2       0x32 c:/users/fons/.eclipse/com.st.stm32cube.ide.mcu.rcp.product_1.1.0_1296977402_win32_win32_x86_64/plugins/com.st.stm32cube.ide.mcu.externaltools.gnu-tools-for-stm32.7-2018-q2-update.win32_1.4.0.202007081208/tools/bin/../lib/gcc/arm-none-eabi/7.3.1/../../../../arm-none-eabi/lib/thumb/v7e-m/fpv5/hard\libc_nano.a(lib_a-locale.o)
 .ARM.attributes
                0x0000000000000b04       0x32 c:/users/fons/.eclipse/com.st.stm32cube.ide.mcu.rcp.product_1.1.0_1296977402_win32_win32_x86_64/plugins/com.st.stm32cube.ide.mcu.externaltools.gnu-tools-for-stm32.7-2018-q2-update.win32_1.4.0.202007081208/tools/bin/../lib/gcc/arm-none-eabi/7.3.1/../../../../arm-none-eabi/lib/thumb/v7e-m/fpv5/hard\libc_nano.a(lib_a-mbtowc_r.o)
 .ARM.attributes
                0x0000000000000b36       0x32 c:/users/fons/.eclipse/com.st.stm32cube.ide.mcu.rcp.product_1.1.0_1296977402_win32_win32_x86_64/plugins/com.st.stm32cube.ide.mcu.externaltools.gnu-tools-for-stm32.7-2018-q2-update.win32_1.4.0.202007081208/tools/bin/../lib/gcc/arm-none-eabi/7.3.1/../../../../arm-none-eabi/lib/thumb/v7e-m/fpv5/hard\libc_nano.a(lib_a-memmove.o)
 .ARM.attributes
                0x0000000000000b68       0x32 c:/users/fons/.eclipse/com.st.stm32cube.ide.mcu.rcp.product_1.1.0_1296977402_win32_win32_x86_64/plugins/com.st.stm32cube.ide.mcu.externaltools.gnu-tools-for-stm32.7-2018-q2-update.win32_1.4.0.202007081208/tools/bin/../lib/gcc/arm-none-eabi/7.3.1/../../../../arm-none-eabi/lib/thumb/v7e-m/fpv5/hard\libc_nano.a(lib_a-nano-reallocr.o)
 .ARM.attributes
                0x0000000000000b9a       0x32 c:/users/fons/.eclipse/com.st.stm32cube.ide.mcu.rcp.product_1.1.0_1296977402_win32_win32_x86_64/plugins/com.st.stm32cube.ide.mcu.externaltools.gnu-tools-for-stm32.7-2018-q2-update.win32_1.4.0.202007081208/tools/bin/../lib/gcc/arm-none-eabi/7.3.1/../../../../arm-none-eabi/lib/thumb/v7e-m/fpv5/hard\libc_nano.a(lib_a-wctomb_r.o)
 .ARM.attributes
                0x0000000000000bcc       0x32 c:/users/fons/.eclipse/com.st.stm32cube.ide.mcu.rcp.product_1.1.0_1296977402_win32_win32_x86_64/plugins/com.st.stm32cube.ide.mcu.externaltools.gnu-tools-for-stm32.7-2018-q2-update.win32_1.4.0.202007081208/tools/bin/../lib/gcc/arm-none-eabi/7.3.1/../../../../arm-none-eabi/lib/thumb/v7e-m/fpv5/hard\libc_nano.a(lib_a-ctype_.o)
 .ARM.attributes
                0x0000000000000bfe       0x32 c:/users/fons/.eclipse/com.st.stm32cube.ide.mcu.rcp.product_1.1.0_1296977402_win32_win32_x86_64/plugins/com.st.stm32cube.ide.mcu.externaltools.gnu-tools-for-stm32.7-2018-q2-update.win32_1.4.0.202007081208/tools/bin/../lib/gcc/arm-none-eabi/7.3.1/../../../../arm-none-eabi/lib/thumb/v7e-m/fpv5/hard\libc_nano.a(lib_a-nano-msizer.o)
 .ARM.attributes
                0x0000000000000c30       0x20 c:/users/fons/.eclipse/com.st.stm32cube.ide.mcu.rcp.product_1.1.0_1296977402_win32_win32_x86_64/plugins/com.st.stm32cube.ide.mcu.externaltools.gnu-tools-for-stm32.7-2018-q2-update.win32_1.4.0.202007081208/tools/bin/../lib/gcc/arm-none-eabi/7.3.1/thumb/v7e-m/fpv5/hard\libgcc.a(_aeabi_uldivmod.o)
 .ARM.attributes
                0x0000000000000c50       0x32 c:/users/fons/.eclipse/com.st.stm32cube.ide.mcu.rcp.product_1.1.0_1296977402_win32_win32_x86_64/plugins/com.st.stm32cube.ide.mcu.externaltools.gnu-tools-for-stm32.7-2018-q2-update.win32_1.4.0.202007081208/tools/bin/../lib/gcc/arm-none-eabi/7.3.1/thumb/v7e-m/fpv5/hard\libgcc.a(_udivmoddi4.o)
 .ARM.attributes
                0x0000000000000c82       0x20 c:/users/fons/.eclipse/com.st.stm32cube.ide.mcu.rcp.product_1.1.0_1296977402_win32_win32_x86_64/plugins/com.st.stm32cube.ide.mcu.externaltools.gnu-tools-for-stm32.7-2018-q2-update.win32_1.4.0.202007081208/tools/bin/../lib/gcc/arm-none-eabi/7.3.1/thumb/v7e-m/fpv5/hard\libgcc.a(_dvmd_tls.o)
 .ARM.attributes
                0x0000000000000ca2       0x20 c:/users/fons/.eclipse/com.st.stm32cube.ide.mcu.rcp.product_1.1.0_1296977402_win32_win32_x86_64/plugins/com.st.stm32cube.ide.mcu.externaltools.gnu-tools-for-stm32.7-2018-q2-update.win32_1.4.0.202007081208/tools/bin/../lib/gcc/arm-none-eabi/7.3.1/thumb/v7e-m/fpv5/hard/crtn.o
OUTPUT(Basic_driver_sensor.elf elf32-littlearm)

.debug_info     0x0000000000000000    0x1a5fe
 .debug_info    0x0000000000000000      0xb9d Core/Src/adc.o
 .debug_info    0x0000000000000b9d     0x1035 Core/Src/driver_HC_SR04.o
 .debug_info    0x0000000000001bd2      0xeaa Core/Src/driver_temperature.o
 .debug_info    0x0000000000002a7c      0xc33 Core/Src/eth.o
 .debug_info    0x00000000000036af      0x825 Core/Src/gpio.o
 .debug_info    0x0000000000003ed4      0x8d3 Core/Src/keypad.o
 .debug_info    0x00000000000047a7     0x2771 Core/Src/main.o
 .debug_info    0x0000000000006f18      0x389 Core/Src/stm32f7xx_hal_msp.o
 .debug_info    0x00000000000072a1      0x9ff Core/Src/stm32f7xx_it.o
 .debug_info    0x0000000000007ca0      0x985 Core/Src/sysmem.o
 .debug_info    0x0000000000008625      0x73d Core/Src/system_stm32f7xx.o
 .debug_info    0x0000000000008d62      0xe8d Core/Src/tim.o
 .debug_info    0x0000000000009bef      0xa48 Core/Src/usart.o
 .debug_info    0x000000000000a637      0x9d4 Core/Src/usb_otg.o
 .debug_info    0x000000000000b00b       0x22 Core/Startup/startup_stm32f767zitx.o
 .debug_info    0x000000000000b02d      0xa46 Drivers/STM32F7xx_HAL_Driver/Src/stm32f7xx_hal.o
 .debug_info    0x000000000000ba73      0xc9d Drivers/STM32F7xx_HAL_Driver/Src/stm32f7xx_hal_adc.o
 .debug_info    0x000000000000c710      0xaf9 Drivers/STM32F7xx_HAL_Driver/Src/stm32f7xx_hal_adc_ex.o
 .debug_info    0x000000000000d209     0x108c Drivers/STM32F7xx_HAL_Driver/Src/stm32f7xx_hal_cortex.o
 .debug_info    0x000000000000e295     0x14a9 Drivers/STM32F7xx_HAL_Driver/Src/stm32f7xx_hal_eth.o
 .debug_info    0x000000000000f73e      0x7e9 Drivers/STM32F7xx_HAL_Driver/Src/stm32f7xx_hal_gpio.o
 .debug_info    0x000000000000ff27     0x1147 Drivers/STM32F7xx_HAL_Driver/Src/stm32f7xx_hal_pcd.o
 .debug_info    0x000000000001106e      0x810 Drivers/STM32F7xx_HAL_Driver/Src/stm32f7xx_hal_pcd_ex.o
 .debug_info    0x000000000001187e      0x9b4 Drivers/STM32F7xx_HAL_Driver/Src/stm32f7xx_hal_pwr.o
 .debug_info    0x0000000000012232      0x96b Drivers/STM32F7xx_HAL_Driver/Src/stm32f7xx_hal_pwr_ex.o
 .debug_info    0x0000000000012b9d      0x996 Drivers/STM32F7xx_HAL_Driver/Src/stm32f7xx_hal_rcc.o
 .debug_info    0x0000000000013533      0x7d1 Drivers/STM32F7xx_HAL_Driver/Src/stm32f7xx_hal_rcc_ex.o