Archive member included to satisfy reference by file (symbol)

c:/users/fons/.eclipse/com.st.stm32cube.ide.mcu.rcp.product_1.1.0_1296977402_win32_win32_x86_64/plugins/com.st.stm32cube.ide.mcu.externaltools.gnu-tools-for-stm32.7-2018-q2-update.win32_1.4.0.202007081208/tools/bin/../lib/gcc/arm-none-eabi/7.3.1/../../../../arm-none-eabi/lib/thumb/v7e-m/fpv5/hard\libc_nano.a(lib_a-errno.o)
                              Core/Src/syscalls.o (__errno)
c:/users/fons/.eclipse/com.st.stm32cube.ide.mcu.rcp.product_1.1.0_1296977402_win32_win32_x86_64/plugins/com.st.stm32cube.ide.mcu.externaltools.gnu-tools-for-stm32.7-2018-q2-update.win32_1.4.0.202007081208/tools/bin/../lib/gcc/arm-none-eabi/7.3.1/../../../../arm-none-eabi/lib/thumb/v7e-m/fpv5/hard\libc_nano.a(lib_a-exit.o)
                              c:/users/fons/.eclipse/com.st.stm32cube.ide.mcu.rcp.product_1.1.0_1296977402_win32_win32_x86_64/plugins/com.st.stm32cube.ide.mcu.externaltools.gnu-tools-for-stm32.7-2018-q2-update.win32_1.4.0.202007081208/tools/bin/../lib/gcc/arm-none-eabi/7.3.1/../../../../arm-none-eabi/lib/thumb/v7e-m/fpv5/hard/crt0.o (exit)
c:/users/fons/.eclipse/com.st.stm32cube.ide.mcu.rcp.product_1.1.0_1296977402_win32_win32_x86_64/plugins/com.st.stm32cube.ide.mcu.externaltools.gnu-tools-for-stm32.7-2018-q2-update.win32_1.4.0.202007081208/tools/bin/../lib/gcc/arm-none-eabi/7.3.1/../../../../arm-none-eabi/lib/thumb/v7e-m/fpv5/hard\libc_nano.a(lib_a-impure.o)
                              c:/users/fons/.eclipse/com.st.stm32cube.ide.mcu.rcp.product_1.1.0_1296977402_win32_win32_x86_64/plugins/com.st.stm32cube.ide.mcu.externaltools.gnu-tools-for-stm32.7-2018-q2-update.win32_1.4.0.202007081208/tools/bin/../lib/gcc/arm-none-eabi/7.3.1/../../../../arm-none-eabi/lib/thumb/v7e-m/fpv5/hard\libc_nano.a(lib_a-exit.o) (_global_impure_ptr)
c:/users/fons/.eclipse/com.st.stm32cube.ide.mcu.rcp.product_1.1.0_1296977402_win32_win32_x86_64/plugins/com.st.stm32cube.ide.mcu.externaltools.gnu-tools-for-stm32.7-2018-q2-update.win32_1.4.0.202007081208/tools/bin/../lib/gcc/arm-none-eabi/7.3.1/../../../../arm-none-eabi/lib/thumb/v7e-m/fpv5/hard\libc_nano.a(lib_a-init.o)
                              c:/users/fons/.eclipse/com.st.stm32cube.ide.mcu.rcp.product_1.1.0_1296977402_win32_win32_x86_64/plugins/com.st.stm32cube.ide.mcu.externaltools.gnu-tools-for-stm32.7-2018-q2-update.win32_1.4.0.202007081208/tools/bin/../lib/gcc/arm-none-eabi/7.3.1/../../../../arm-none-eabi/lib/thumb/v7e-m/fpv5/hard/crt0.o (__libc_init_array)
c:/users/fons/.eclipse/com.st.stm32cube.ide.mcu.rcp.product_1.1.0_1296977402_win32_win32_x86_64/plugins/com.st.stm32cube.ide.mcu.externaltools.gnu-tools-for-stm32.7-2018-q2-update.win32_1.4.0.202007081208/tools/bin/../lib/gcc/arm-none-eabi/7.3.1/../../../../arm-none-eabi/lib/thumb/v7e-m/fpv5/hard\libc_nano.a(lib_a-malloc.o)
                              Core/Src/fsm.o (malloc)
c:/users/fons/.eclipse/com.st.stm32cube.ide.mcu.rcp.product_1.1.0_1296977402_win32_win32_x86_64/plugins/com.st.stm32cube.ide.mcu.externaltools.gnu-tools-for-stm32.7-2018-q2-update.win32_1.4.0.202007081208/tools/bin/../lib/gcc/arm-none-eabi/7.3.1/../../../../arm-none-eabi/lib/thumb/v7e-m/fpv5/hard\libc_nano.a(lib_a-memset.o)
                              c:/users/fons/.eclipse/com.st.stm32cube.ide.mcu.rcp.product_1.1.0_1296977402_win32_win32_x86_64/plugins/com.st.stm32cube.ide.mcu.externaltools.gnu-tools-for-stm32.7-2018-q2-update.win32_1.4.0.202007081208/tools/bin/../lib/gcc/arm-none-eabi/7.3.1/../../../../arm-none-eabi/lib/thumb/v7e-m/fpv5/hard/crt0.o (memset)
c:/users/fons/.eclipse/com.st.stm32cube.ide.mcu.rcp.product_1.1.0_1296977402_win32_win32_x86_64/plugins/com.st.stm32cube.ide.mcu.externaltools.gnu-tools-for-stm32.7-2018-q2-update.win32_1.4.0.202007081208/tools/bin/../lib/gcc/arm-none-eabi/7.3.1/../../../../arm-none-eabi/lib/thumb/v7e-m/fpv5/hard\libc_nano.a(lib_a-nano-freer.o)
                              c:/users/fons/.eclipse/com.st.stm32cube.ide.mcu.rcp.product_1.1.0_1296977402_win32_win32_x86_64/plugins/com.st.stm32cube.ide.mcu.externaltools.gnu-tools-for-stm32.7-2018-q2-update.win32_1.4.0.202007081208/tools/bin/../lib/gcc/arm-none-eabi/7.3.1/../../../../arm-none-eabi/lib/thumb/v7e-m/fpv5/hard\libc_nano.a(lib_a-malloc.o) (_free_r)
c:/users/fons/.eclipse/com.st.stm32cube.ide.mcu.rcp.product_1.1.0_1296977402_win32_win32_x86_64/plugins/com.st.stm32cube.ide.mcu.externaltools.gnu-tools-for-stm32.7-2018-q2-update.win32_1.4.0.202007081208/tools/bin/../lib/gcc/arm-none-eabi/7.3.1/../../../../arm-none-eabi/lib/thumb/v7e-m/fpv5/hard\libc_nano.a(lib_a-nano-mallocr.o)
                              c:/users/fons/.eclipse/com.st.stm32cube.ide.mcu.rcp.product_1.1.0_1296977402_win32_win32_x86_64/plugins/com.st.stm32cube.ide.mcu.externaltools.gnu-tools-for-stm32.7-2018-q2-update.win32_1.4.0.202007081208/tools/bin/../lib/gcc/arm-none-eabi/7.3.1/../../../../arm-none-eabi/lib/thumb/v7e-m/fpv5/hard\libc_nano.a(lib_a-malloc.o) (_malloc_r)
[...]
Memory Configuration

Name             Origin             Length             Attributes
RAM              0x0000000020000000 0x0000000000080000 xrw
FLASH            0x0000000008000000 0x0000000000200000 xr
*default*        0x0000000000000000 0xffffffffffffffff

Linker script and memory map

LOAD c:/users/fons/.eclipse/com.st.stm32cube.ide.mcu.rcp.product_1.1.0_1296977402_win32_win32_x86_64/plugins/com.st.stm32cube.ide.mcu.externaltools.gnu-tools-for-stm32.7-2018-q2-update.win32_1.4.0.202007081208/tools/bin/../lib/gcc/arm-none-eabi/7.3.1/thumb/v7e-m/fpv5/hard/crti.o
LOAD c:/users/fons/.eclipse/com.st.stm32cube.ide.mcu.rcp.product_1.1.0_1296977402_win32_win32_x86_64/plugins/com.st.stm32cube.ide.mcu.externaltools.gnu-tools-for-stm32.7-2018-q2-update.win32_1.4.0.202007081208/tools/bin/../lib/gcc/arm-none-eabi/7.3.1/thumb/v7e-m/fpv5/hard/crtbegin.o
LOAD c:/users/fons/.eclipse/com.st.stm32cube.ide.mcu.rcp.product_1.1.0_1296977402_win32_win32_x86_64/plugins/com.st.stm32cube.ide.mcu.externaltools.gnu-tools-for-stm32.7-2018-q2-update.win32_1.4.0.202007081208/tools/bin/../lib/gcc/arm-none-eabi/7.3.1/../../../../arm-none-eabi/lib/thumb/v7e-m/fpv5/hard/crt0.o
LOAD Core/Src/eth.o
LOAD Core/Src/fsm.o
LOAD Core/Src/gpio.o
LOAD Core/Src/keypad.o
LOAD Core/Src/main.o
LOAD Core/Src/stm32f7xx_hal_msp.o
LOAD Core/Src/stm32f7xx_it.o
LOAD Core/Src/syscalls.o
LOAD Core/Src/sysmem.o
LOAD Core/Src/system_stm32f7xx.o
LOAD Core/Src/tim.o
LOAD Core/Src/usart.o
LOAD Core/Src/usb_otg.o
LOAD Core/Startup/startup_stm32f767zitx.o
LOAD Drivers/STM32F7xx_HAL_Driver/Src/stm32f7xx_hal.o
LOAD Drivers/STM32F7xx_HAL_Driver/Src/stm32f7xx_hal_cortex.o
LOAD Drivers/STM32F7xx_HAL_Driver/Src/stm32f7xx_hal_dma.o
LOAD Drivers/STM32F7xx_HAL_Driver/Src/stm32f7xx_hal_dma_ex.o
LOAD Drivers/STM32F7xx_HAL_Driver/Src/stm32f7xx_hal_eth.o
LOAD Drivers/STM32F7xx_HAL_Driver/Src/stm32f7xx_hal_exti.o
LOAD Drivers/STM32F7xx_HAL_Driver/Src/stm32f7xx_hal_flash.o
LOAD Drivers/STM32F7xx_HAL_Driver/Src/stm32f7xx_hal_flash_ex.o
LOAD Drivers/STM32F7xx_HAL_Driver/Src/stm32f7xx_hal_gpio.o
LOAD Drivers/STM32F7xx_HAL_Driver/Src/stm32f7xx_hal_i2c.o
LOAD Drivers/STM32F7xx_HAL_Driver/Src/stm32f7xx_hal_i2c_ex.o
LOAD Drivers/STM32F7xx_HAL_Driver/Src/stm32f7xx_hal_pcd.o
LOAD Drivers/STM32F7xx_HAL_Driver/Src/stm32f7xx_hal_pcd_ex.o
LOAD Drivers/STM32F7xx_HAL_Driver/Src/stm32f7xx_hal_pwr.o
LOAD Drivers/STM32F7xx_HAL_Driver/Src/stm32f7xx_hal_pwr_ex.o
LOAD Drivers/STM32F7xx_HAL_Driver/Src/stm32f7xx_hal_rcc.o
LOAD Drivers/STM32F7xx_HAL_Driver/Src/stm32f7xx_hal_rcc_ex.o
LOAD Drivers/STM32F7xx_HAL_Driver/Src/stm32f7xx_hal_tim.o
LOAD Drivers/STM32F7xx_HAL_Driver/Src/stm32f7xx_hal_tim_ex.o
LOAD Drivers/STM32F7xx_HAL_Driver/Src/stm32f7xx_hal_uart.o
LOAD Drivers/STM32F7xx_HAL_Driver/Src/stm32f7xx_hal_uart_ex.o
LOAD Drivers/STM32F7xx_HAL_Driver/Src/stm32f7xx_ll_usb.o
START GROUP
LOAD c:/users/fons/.eclipse/com.st.stm32cube.ide.mcu.rcp.product_1.1.0_1296977402_win32_win32_x86_64/plugins/com.st.stm32cube.ide.mcu.externaltools.gnu-tools-for-stm32.7-2018-q2-update.win32_1.4.0.202007081208/tools/bin/../lib/gcc/arm-none-eabi/7.3.1/../../../../arm-none-eabi/lib/thumb/v7e-m/fpv5/hard\libc_nano.a
LOAD c:/users/fons/.eclipse/com.st.stm32cube.ide.mcu.rcp.product_1.1.0_1296977402_win32_win32_x86_64/plugins/com.st.stm32cube.ide.mcu.externaltools.gnu-tools-for-stm32.7-2018-q2-update.win32_1.4.0.202007081208/tools/bin/../lib/gcc/arm-none-eabi/7.3.1/../../../../arm-none-eabi/lib/thumb/v7e-m/fpv5/hard\libm.a
END GROUP
START GROUP
LOAD c:/users/fons/.eclipse/com.st.stm32cube.ide.mcu.rcp.product_1.1.0_1296977402_win32_win32_x86_64/plugins/com.st.stm32cube.ide.mcu.externaltools.gnu-tools-for-stm32.7-2018-q2-update.win32_1.4.0.202007081208/tools/bin/../lib/gcc/arm-none-eabi/7.3.1/thumb/v7e-m/fpv5/hard\libgcc.a
LOAD c:/users/fons/.eclipse/com.st.stm32cube.ide.mcu.rcp.product_1.1.0_1296977402_win32_win32_x86_64/plugins/com.st.stm32cube.ide.mcu.externaltools.gnu-tools-for-stm32.7-2018-q2-update.win32_1.4.0.202007081208/tools/bin/../lib/gcc/arm-none-eabi/7.3.1/../../../../arm-none-eabi/lib/thumb/v7e-m/fpv5/hard\libc_nano.a
END GROUP
START GROUP
LOAD c:/users/fons/.eclipse/com.st.stm32cube.ide.mcu.rcp.product_1.1.0_1296977402_win32_win32_x86_64/plugins/com.st.stm32cube.ide.mcu.externaltools.gnu-tools-for-stm32.7-2018-q2-update.win32_1.4.0.202007081208/tools/bin/../lib/gcc/arm-none-eabi/7.3.1/thumb/v7e-m/fpv5/hard\libgcc.a
LOAD c:/users/fons/.eclipse/com.st.stm32cube.ide.mcu.rcp.product_1.1.0_1296977402_win32_win32_x86_64/plugins/com.st.stm32cube.ide.mcu.externaltools.gnu-tools-for-stm32.7-2018-q2-update.win32_1.4.0.202007081208/tools/bin/../lib/gcc/arm-none-eabi/7.3.1/../../../../arm-none-eabi/lib/thumb/v7e-m/fpv5/hard\libc_nano.a
LOAD c:/users/fons/.eclipse/com.st.stm32cube.ide.mcu.rcp.product_1.1.0_1296977402_win32_win32_x86_64/plugins/com.st.stm32cube.ide.mcu.externaltools.gnu-tools-for-stm32.7-2018-q2-update.win32_1.4.0.202007081208/tools/bin/../lib/gcc/arm-none-eabi/7.3.1/../../../../arm-none-eabi/lib/thumb/v7e-m/fpv5/hard\libnosys.a
END GROUP
START GROUP
LOAD c:/users/fons/.eclipse/com.st.stm32cube.ide.mcu.rcp.product_1.1.0_1296977402_win32_win32_x86_64/plugins/com.st.stm32cube.ide.mcu.externaltools.gnu-tools-for-stm32.7-2018-q2-update.win32_1.4.0.202007081208/tools/bin/../lib/gcc/arm-none-eabi/7.3.1/thumb/v7e-m/fpv5/hard\libgcc.a
LOAD c:/users/fons/.eclipse/com.st.stm32cube.ide.mcu.rcp.product_1.1.0_1296977402_win32_win32_x86_64/plugins/com.st.stm32cube.ide.mcu.externaltools.gnu-tools-for-stm32.7-2018-q2-update.win32_1.4.0.202007081208/tools/bin/../lib/gcc/arm-none-eabi/7.3.1/../../../../arm-none-eabi/lib/thumb/v7e-m/fpv5/hard\libc_nano.a
LOAD c:/users/fons/.eclipse/com.st.stm32cube.ide.mcu.rcp.product_1.1.0_1296977402_win32_win32_x86_64/plugins/com.st.stm32cube.ide.mcu.externaltools.gnu-tools-for-stm32.7-2018-q2-update.win32_1.4.0.202007081208/tools/bin/../lib/gcc/arm-none-eabi/7.3.1/../../../../arm-none-eabi/lib/thumb/v7e-m/fpv5/hard\libnosys.a
END GROUP
LOAD c:/users/fons/.eclipse/com.st.stm32cube.ide.mcu.rcp.product_1.1.0_1296977402_win32_win32_x86_64/plugins/com.st.stm32cube.ide.mcu.externaltools.gnu-tools-for-stm32.7-2018-q2-update.win32_1.4.0.202007081208/tools/bin/../lib/gcc/arm-none-eabi/7.3.1/thumb/v7e-m/fpv5/hard/crtend.o
LOAD c:/users/fons/.eclipse/com.st.stm32cube.ide.mcu.rcp.product_1.1.0_1296977402_win32_win32_x86_64/plugins/com.st.stm32cube.ide.mcu.externaltools.gnu-tools-for-stm32.7-2018-q2-update.win32_1.4.0.202007081208/tools/bin/../lib/gcc/arm-none-eabi/7.3.1/thumb/v7e-m/fpv5/hard/crtn.o
                0x0000000020080000                _estack = (ORIGIN (RAM) + LENGTH (RAM))
                0x0000000000000200                _Min_Heap_Size = 0x200
                0x0000000000000400                _Min_Stack_Size = 0x400

.isr_vector     0x0000000008000000      0x1f8
                0x0000000008000000                . = ALIGN (0x4)
 *(.isr_vector)
 .isr_vector    0x0000000008000000      0x1f8 Core/Startup/startup_stm32f767zitx.o
                0x0000000008000000                g_pfnVectors
                0x00000000080001f8                . = ALIGN (0x4)

.text           0x0000000008000200     0x5d3c
                0x0000000008000200                . = ALIGN (0x4)
 *(.text)
 .text          0x0000000008000200       0x40 c:/users/fons/.eclipse/com.st.stm32cube.ide.mcu.rcp.product_1.1.0_1296977402_win32_win32_x86_64/plugins/com.st.stm32cube.ide.mcu.externaltools.gnu-tools-for-stm32.7-2018-q2-update.win32_1.4.0.202007081208/tools/bin/../lib/gcc/arm-none-eabi/7.3.1/thumb/v7e-m/fpv5/hard/crtbegin.o
 .text          0x0000000008000240       0x10 c:/users/fons/.eclipse/com.st.stm32cube.ide.mcu.rcp.product_1.1.0_1296977402_win32_win32_x86_64/plugins/com.st.stm32cube.ide.mcu.externaltools.gnu-tools-for-stm32.7-2018-q2-update.win32_1.4.0.202007081208/tools/bin/../lib/gcc/arm-none-eabi/7.3.1/../../../../arm-none-eabi/lib/thumb/v7e-m/fpv5/hard\libc_nano.a(lib_a-strlen.o)
                0x0000000008000240                strlen
 .text          0x0000000008000250       0xa0 c:/users/fons/.eclipse/com.st.stm32cube.ide.mcu.rcp.product_1.1.0_1296977402_win32_win32_x86_64/plugins/com.st.stm32cube.ide.mcu.externaltools.gnu-tools-for-stm32.7-2018-q2-update.win32_1.4.0.202007081208/tools/bin/../lib/gcc/arm-none-eabi/7.3.1/../../../../arm-none-eabi/lib/thumb/v7e-m/fpv5/hard\libc_nano.a(lib_a-memchr.o)
                0x0000000008000250                memchr
 .text          0x00000000080002f0       0x30 c:/users/fons/.eclipse/com.st.stm32cube.ide.mcu.rcp.product_1.1.0_1296977402_win32_win32_x86_64/plugins/com.st.stm32cube.ide.mcu.externaltools.gnu-tools-for-stm32.7-2018-q2-update.win32_1.4.0.202007081208/tools/bin/../lib/gcc/arm-none-eabi/7.3.1/thumb/v7e-m/fpv5/hard\libgcc.a(_aeabi_uldivmod.o)
                0x00000000080002f0                __aeabi_uldivmod
 .text          0x0000000008000320      0x2cc c:/users/fons/.eclipse/com.st.stm32cube.ide.mcu.rcp.product_1.1.0_1296977402_win32_win32_x86_64/plugins/com.st.stm32cube.ide.mcu.externaltools.gnu-tools-for-stm32.7-2018-q2-update.win32_1.4.0.202007081208/tools/bin/../lib/gcc/arm-none-eabi/7.3.1/thumb/v7e-m/fpv5/hard\libgcc.a(_udivmoddi4.o)
                0x0000000008000320                __udivmoddi4
 .text          0x00000000080005ec        0x4 c:/users/fons/.eclipse/com.st.stm32cube.ide.mcu.rcp.product_1.1.0_1296977402_win32_win32_x86_64/plugins/com.st.stm32cube.ide.mcu.externaltools.gnu-tools-for-stm32.7-2018-q2-update.win32_1.4.0.202007081208/tools/bin/../lib/gcc/arm-none-eabi/7.3.1/thumb/v7e-m/fpv5/hard\libgcc.a(_dvmd_tls.o)
                0x00000000080005ec                __aeabi_idiv0
                0x00000000080005ec                __aeabi_ldiv0
 *(.text*)
 .text.MX_ETH_Init
                0x00000000080005f0       0x80 Core/Src/eth.o
                0x00000000080005f0                MX_ETH_Init
 .text.HAL_ETH_MspInit
                0x0000000008000670      0x170 Core/Src/eth.o
                0x0000000008000670                HAL_ETH_MspInit
 .text.MX_GPIO_Init
                0x00000000080007e0      0x26c Core/Src/gpio.o
                0x00000000080007e0                MX_GPIO_Init
 .text.next_col
                0x0000000008000a4c       0xc4 Core/Src/keypad.o
                0x0000000008000a4c                next_col
 .text.main     0x0000000008000b10      0x104 Core/Src/main.o
                0x0000000008000b10                main
 .text.SystemClock_Config
                0x0000000008000c14      0x12c Core/Src/main.o
                0x0000000008000c14                SystemClock_Config
 .text.enviar   0x0000000008000d40       0x34 Core/Src/main.o
                0x0000000008000d40                enviar
 .text.HAL_GPIO_EXTI_Callback
                0x0000000008000d74       0x78 Core/Src/main.o
                0x0000000008000d74                HAL_GPIO_EXTI_Callback
 .text.HAL_TIM_IC_CaptureCallback
                0x0000000008000dec       0xc8 Core/Src/main.o
                0x0000000008000dec                HAL_TIM_IC_CaptureCallback
 .text.HAL_TIM_PeriodElapsedCallback
                0x0000000008000eb4       0xc8 Core/Src/main.o
                0x0000000008000eb4                HAL_TIM_PeriodElapsedCallback
 .text.Error_Handler
                0x0000000008000f7c        0xe Core/Src/main.o
                0x0000000008000f7c                Error_Handler
 *fill*         0x0000000008000f8a        0x2 
 .text.HAL_MspInit
                0x0000000008000f8c       0x48 Core/Src/stm32f7xx_hal_msp.o
                0x0000000008000f8c                HAL_MspInit
 .text.NMI_Handler
                0x0000000008000fd4        0xe Core/Src/stm32f7xx_it.o
                0x0000000008000fd4                NMI_Handler
 .text.HardFault_Handler
                0x0000000008000fe2        0x6 Core/Src/stm32f7xx_it.o
                0x0000000008000fe2                HardFault_Handler
 .text.MemManage_Handler
                0x0000000008000fe8        0x6 Core/Src/stm32f7xx_it.o
                0x0000000008000fe8                MemManage_Handler
 .text.BusFault_Handler
                0x0000000008000fee        0x6 Core/Src/stm32f7xx_it.o
                0x0000000008000fee                BusFault_Handler
 .text.UsageFault_Handler
                0x0000000008000ff4        0x6 Core/Src/stm32f7xx_it.o
                0x0000000008000ff4                UsageFault_Handler
 .text.SVC_Handler
                0x0000000008000ffa        0xe Core/Src/stm32f7xx_it.o
                0x0000000008000ffa                SVC_Handler
 .text.DebugMon_Handler
                0x0000000008001008        0xe Core/Src/stm32f7xx_it.o
                0x0000000008001008                DebugMon_Handler
 .text.PendSV_Handler
                0x0000000008001016        0xe Core/Src/stm32f7xx_it.o
                0x0000000008001016                PendSV_Handler
 .text.SysTick_Handler
                0x0000000008001024        0xc Core/Src/stm32f7xx_it.o
                0x0000000008001024                SysTick_Handler
 .text.EXTI9_5_IRQHandler
                0x0000000008001030       0x10 Core/Src/stm32f7xx_it.o
                0x0000000008001030                EXTI9_5_IRQHandler
 .text.TIM3_IRQHandler
                0x0000000008001040       0x14 Core/Src/stm32f7xx_it.o
                0x0000000008001040                TIM3_IRQHandler
 .text.EXTI15_10_IRQHandler
                0x0000000008001054       0x28 Core/Src/stm32f7xx_it.o
                0x0000000008001054                EXTI15_10_IRQHandler
 .text.TIM6_DAC_IRQHandler
                0x000000000800107c       0x14 Core/Src/stm32f7xx_it.o
                0x000000000800107c                TIM6_DAC_IRQHandler
 .text.TIM7_IRQHandler
                0x0000000008001090       0x14 Core/Src/stm32f7xx_it.o
                0x0000000008001090                TIM7_IRQHandler
 .text._sbrk    0x00000000080010a4       0x6c Core/Src/sysmem.o
                0x00000000080010a4                _sbrk
 .text.SystemInit
                0x0000000008001110       0x2c Core/Src/system_stm32f7xx.o
                0x0000000008001110                SystemInit
 .text.MX_TIM3_Init
                0x000000000800113c       0xa8 Core/Src/tim.o
                0x000000000800113c                MX_TIM3_Init
 .text.MX_TIM6_Init
                0x00000000080011e4       0x6c Core/Src/tim.o
                0x00000000080011e4                MX_TIM6_Init
 .text.MX_TIM7_Init
                0x0000000008001250       0x6c Core/Src/tim.o
                0x0000000008001250                MX_TIM7_Init
 .text.HAL_TIM_IC_MspInit
                0x00000000080012bc       0x98 Core/Src/tim.o
                0x00000000080012bc                HAL_TIM_IC_MspInit
 .text.HAL_TIM_Base_MspInit
                0x0000000008001354       0x84 Core/Src/tim.o
                0x0000000008001354                HAL_TIM_Base_MspInit
 .text.MX_USART3_UART_Init
                0x00000000080013d8       0x60 Core/Src/usart.o
                0x00000000080013d8                MX_USART3_UART_Init
 .text.HAL_UART_MspInit
                0x0000000008001438       0x88 Core/Src/usart.o
                0x0000000008001438                HAL_UART_MspInit
 .text.MX_USB_OTG_FS_PCD_Init
                0x00000000080014c0       0x5c Core/Src/usb_otg.o
                0x00000000080014c0                MX_USB_OTG_FS_PCD_Init
 .text.HAL_PCD_MspInit
                0x000000000800151c       0xb8 Core/Src/usb_otg.o
                0x000000000800151c                HAL_PCD_MspInit
 .text.Reset_Handler
                0x00000000080015d4       0x50 Core/Startup/startup_stm32f767zitx.o
                0x00000000080015d4                Reset_Handler
 .text.Default_Handler
                0x0000000008001624        0x2 Core/Startup/startup_stm32f767zitx.o
                0x0000000008001624                RTC_Alarm_IRQHandler
                0x0000000008001624                EXTI2_IRQHandler
                0x0000000008001624                TIM8_CC_IRQHandler
                0x0000000008001624                UART8_IRQHandler
                0x0000000008001624                SPI4_IRQHandler
                0x0000000008001624                TIM1_CC_IRQHandler
                0x0000000008001624                DMA2_Stream5_IRQHandler
                0x0000000008001624                JPEG_IRQHandler
                0x0000000008001624                DMA1_Stream5_IRQHandler
                0x0000000008001624                CAN3_RX1_IRQHandler
                0x0000000008001624                PVD_IRQHandler
                0x0000000008001624                TAMP_STAMP_IRQHandler
                0x0000000008001624                CAN2_RX1_IRQHandler
                0x0000000008001624                EXTI3_IRQHandler
                0x0000000008001624                TIM8_TRG_COM_TIM14_IRQHandler
                0x0000000008001624                DFSDM1_FLT1_IRQHandler
                0x0000000008001624                TIM1_UP_TIM10_IRQHandler
                0x0000000008001624                TIM8_UP_TIM13_IRQHandler
                0x0000000008001624                I2C3_ER_IRQHandler
                0x0000000008001624                DFSDM1_FLT2_IRQHandler
                0x0000000008001624                EXTI0_IRQHandler
                0x0000000008001624                I2C2_EV_IRQHandler
                0x0000000008001624                DMA1_Stream2_IRQHandler
                0x0000000008001624                CAN1_RX0_IRQHandler
                0x0000000008001624                FPU_IRQHandler
                0x0000000008001624                OTG_HS_WKUP_IRQHandler
                0x0000000008001624                CAN3_SCE_IRQHandler
                0x0000000008001624                LTDC_ER_IRQHandler
                0x0000000008001624                CAN2_SCE_IRQHandler
                0x0000000008001624                DMA2_Stream2_IRQHandler
                0x0000000008001624                SPI1_IRQHandler
                0x0000000008001624                TIM1_BRK_TIM9_IRQHandler
                0x0000000008001624                DCMI_IRQHandler
                0x0000000008001624                CAN2_RX0_IRQHandler
                0x0000000008001624                DMA2_Stream3_IRQHandler
                0x0000000008001624                SAI2_IRQHandler
                0x0000000008001624                DFSDM1_FLT3_IRQHandler
                0x0000000008001624                USART6_IRQHandler
                0x0000000008001624                CAN3_RX0_IRQHandler
                0x0000000008001624                USART3_IRQHandler
                0x0000000008001624                CAN1_RX1_IRQHandler
                0x0000000008001624                UART5_IRQHandler
                0x0000000008001624                DMA2_Stream0_IRQHandler
                0x0000000008001624                TIM4_IRQHandler
                0x0000000008001624                QUADSPI_IRQHandler
                0x0000000008001624                I2C1_EV_IRQHandler
                0x0000000008001624                DMA1_Stream6_IRQHandler
                0x0000000008001624                DMA1_Stream1_IRQHandler
                0x0000000008001624                UART4_IRQHandler
                0x0000000008001624                RCC_IRQHandler
                0x0000000008001624                TIM8_BRK_TIM12_IRQHandler
                0x0000000008001624                Default_Handler
                0x0000000008001624                CEC_IRQHandler
                0x0000000008001624                ADC_IRQHandler
                0x0000000008001624                DMA1_Stream7_IRQHandler
                0x0000000008001624                SPI5_IRQHandler
                0x0000000008001624                SDMMC1_IRQHandler
                0x0000000008001624                CAN2_TX_IRQHandler
                0x0000000008001624                TIM5_IRQHandler
                0x0000000008001624                DMA2_Stream7_IRQHandler
                0x0000000008001624                I2C3_EV_IRQHandler
                0x0000000008001624                RTC_WKUP_IRQHandler
                0x0000000008001624                LTDC_IRQHandler
                0x0000000008001624                ETH_WKUP_IRQHandler
                0x0000000008001624                SPDIF_RX_IRQHandler
                0x0000000008001624                SPI2_IRQHandler
                0x0000000008001624                OTG_HS_EP1_IN_IRQHandler
                0x0000000008001624                DMA1_Stream0_IRQHandler
                0x0000000008001624                CAN1_TX_IRQHandler
                0x0000000008001624                EXTI4_IRQHandler
                0x0000000008001624                RNG_IRQHandler
                0x0000000008001624                ETH_IRQHandler
                0x0000000008001624                OTG_HS_EP1_OUT_IRQHandler
                0x0000000008001624                WWDG_IRQHandler
                0x0000000008001624                SPI6_IRQHandler
                0x0000000008001624                MDIOS_IRQHandler
                0x0000000008001624                I2C4_EV_IRQHandler
                0x0000000008001624                CAN3_TX_IRQHandler
                0x0000000008001624                TIM2_IRQHandler
                0x0000000008001624                OTG_FS_WKUP_IRQHandler
                0x0000000008001624                TIM1_TRG_COM_TIM11_IRQHandler
                0x0000000008001624                OTG_HS_IRQHandler
                0x0000000008001624                DMA2D_IRQHandler
                0x0000000008001624                EXTI1_IRQHandler
                0x0000000008001624                SDMMC2_IRQHandler
                0x0000000008001624                UART7_IRQHandler
                0x0000000008001624                USART2_IRQHandler
                0x0000000008001624                DFSDM1_FLT0_IRQHandler
                0x0000000008001624                I2C2_ER_IRQHandler
                0x0000000008001624                DMA2_Stream1_IRQHandler
                0x0000000008001624                CAN1_SCE_IRQHandler
                0x0000000008001624                FLASH_IRQHandler
                0x0000000008001624                DMA2_Stream4_IRQHandler
                0x0000000008001624                USART1_IRQHandler
                0x0000000008001624                OTG_FS_IRQHandler
                0x0000000008001624                SPI3_IRQHandler
                0x0000000008001624                DMA1_Stream4_IRQHandler
                0x0000000008001624                I2C1_ER_IRQHandler
                0x0000000008001624                FMC_IRQHandler
                0x0000000008001624                LPTIM1_IRQHandler
                0x0000000008001624                I2C4_ER_IRQHandler
                0x0000000008001624                DMA2_Stream6_IRQHandler
                0x0000000008001624                SAI1_IRQHandler
                0x0000000008001624                DMA1_Stream3_IRQHandler
 .text.HAL_Init
                0x0000000008001626       0x1a Drivers/STM32F7xx_HAL_Driver/Src/stm32f7xx_hal.o
                0x0000000008001626                HAL_Init
 .text.HAL_InitTick
                0x0000000008001640       0x60 Drivers/STM32F7xx_HAL_Driver/Src/stm32f7xx_hal.o
                0x0000000008001640                HAL_InitTick
 .text.HAL_IncTick
                0x00000000080016a0       0x28 Drivers/STM32F7xx_HAL_Driver/Src/stm32f7xx_hal.o
                0x00000000080016a0                HAL_IncTick
 .text.HAL_GetTick
                0x00000000080016c8       0x18 Drivers/STM32F7xx_HAL_Driver/Src/stm32f7xx_hal.o
                0x00000000080016c8                HAL_GetTick
 .text.HAL_Delay
                0x00000000080016e0       0x44 Drivers/STM32F7xx_HAL_Driver/Src/stm32f7xx_hal.o
                0x00000000080016e0                HAL_Delay
 .text.__NVIC_SetPriorityGrouping
                0x0000000008001724       0x48 Drivers/STM32F7xx_HAL_Driver/Src/stm32f7xx_hal_cortex.o
 .text.__NVIC_GetPriorityGrouping
                0x000000000800176c       0x1c Drivers/STM32F7xx_HAL_Driver/Src/stm32f7xx_hal_cortex.o
 .text.__NVIC_EnableIRQ
                0x0000000008001788       0x3c Drivers/STM32F7xx_HAL_Driver/Src/stm32f7xx_hal_cortex.o
 .text.__NVIC_SetPriority
                0x00000000080017c4       0x54 Drivers/STM32F7xx_HAL_Driver/Src/stm32f7xx_hal_cortex.o
 .text.NVIC_EncodePriority
                0x0000000008001818       0x66 Drivers/STM32F7xx_HAL_Driver/Src/stm32f7xx_hal_cortex.o
 *fill*         0x000000000800187e        0x2 
 .text.SysTick_Config
                0x0000000008001880       0x44 Drivers/STM32F7xx_HAL_Driver/Src/stm32f7xx_hal_cortex.o
 .text.HAL_NVIC_SetPriorityGrouping
                0x00000000080018c4       0x16 Drivers/STM32F7xx_HAL_Driver/Src/stm32f7xx_hal_cortex.o
                0x00000000080018c4                HAL_NVIC_SetPriorityGrouping
 .text.HAL_NVIC_SetPriority
                0x00000000080018da       0x38 Drivers/STM32F7xx_HAL_Driver/Src/stm32f7xx_hal_cortex.o
                0x00000000080018da                HAL_NVIC_SetPriority
 .text.HAL_NVIC_EnableIRQ
                0x0000000008001912       0x1c Drivers/STM32F7xx_HAL_Driver/Src/stm32f7xx_hal_cortex.o
                0x0000000008001912                HAL_NVIC_EnableIRQ
 .text.HAL_SYSTICK_Config
                0x000000000800192e       0x18 Drivers/STM32F7xx_HAL_Driver/Src/stm32f7xx_hal_cortex.o
                0x000000000800192e                HAL_SYSTICK_Config
 *fill*         0x0000000008001946        0x2 
 .text.HAL_ETH_Init
                0x0000000008001948      0x338 Drivers/STM32F7xx_HAL_Driver/Src/stm32f7xx_hal_eth.o
                0x0000000008001948                HAL_ETH_Init
 .text.HAL_ETH_ReadPHYRegister
                0x0000000008001c80       0xd0 Drivers/STM32F7xx_HAL_Driver/Src/stm32f7xx_hal_eth.o
                0x0000000008001c80                HAL_ETH_ReadPHYRegister
 .text.HAL_ETH_WritePHYRegister
                0x0000000008001d50       0xcc Drivers/STM32F7xx_HAL_Driver/Src/stm32f7xx_hal_eth.o
                0x0000000008001d50                HAL_ETH_WritePHYRegister
 .text.ETH_MACDMAConfig
                0x0000000008001e1c      0x394 Drivers/STM32F7xx_HAL_Driver/Src/stm32f7xx_hal_eth.o
 .text.ETH_MACAddressConfig
                0x00000000080021b0       0x70 Drivers/STM32F7xx_HAL_Driver/Src/stm32f7xx_hal_eth.o
 .text.HAL_GPIO_Init
                0x0000000008002220      0x354 Drivers/STM32F7xx_HAL_Driver/Src/stm32f7xx_hal_gpio.o
                0x0000000008002220                HAL_GPIO_Init
 .text.HAL_GPIO_WritePin
                0x0000000008002574       0x32 Drivers/STM32F7xx_HAL_Driver/Src/stm32f7xx_hal_gpio.o
                0x0000000008002574                HAL_GPIO_WritePin
 .text.HAL_GPIO_TogglePin
                0x00000000080025a6       0x34 Drivers/STM32F7xx_HAL_Driver/Src/stm32f7xx_hal_gpio.o
                0x00000000080025a6                HAL_GPIO_TogglePin
 *fill*         0x00000000080025da        0x2 
 .text.HAL_GPIO_EXTI_IRQHandler
                0x00000000080025dc       0x30 Drivers/STM32F7xx_HAL_Driver/Src/stm32f7xx_hal_gpio.o
                0x00000000080025dc                HAL_GPIO_EXTI_IRQHandler
 .text.HAL_PCD_Init
                0x000000000800260c      0x248 Drivers/STM32F7xx_HAL_Driver/Src/stm32f7xx_hal_pcd.o
                0x000000000800260c                HAL_PCD_Init
 .text.HAL_PCDEx_ActivateLPM
                0x0000000008002854       0x48 Drivers/STM32F7xx_HAL_Driver/Src/stm32f7xx_hal_pcd_ex.o
                0x0000000008002854                HAL_PCDEx_ActivateLPM
 .text.HAL_PWR_EnableBkUpAccess
                0x000000000800289c       0x20 Drivers/STM32F7xx_HAL_Driver/Src/stm32f7xx_hal_pwr.o
                0x000000000800289c                HAL_PWR_EnableBkUpAccess
 .text.HAL_PWREx_EnableOverDrive
                0x00000000080028bc       0xa0 Drivers/STM32F7xx_HAL_Driver/Src/stm32f7xx_hal_pwr_ex.o
                0x00000000080028bc                HAL_PWREx_EnableOverDrive
 .text.HAL_RCC_OscConfig
                0x000000000800295c      0x55c Drivers/STM32F7xx_HAL_Driver/Src/stm32f7xx_hal_rcc.o
                0x000000000800295c                HAL_RCC_OscConfig
 .text.HAL_RCC_ClockConfig
                0x0000000008002eb8      0x1d8 Drivers/STM32F7xx_HAL_Driver/Src/stm32f7xx_hal_rcc.o
                0x0000000008002eb8                HAL_RCC_ClockConfig
 .text.HAL_RCC_GetSysClockFreq
                0x0000000008003090      0x1b0 Drivers/STM32F7xx_HAL_Driver/Src/stm32f7xx_hal_rcc.o
                0x0000000008003090                HAL_RCC_GetSysClockFreq
 .text.HAL_RCC_GetHCLKFreq
                0x0000000008003240       0x18 Drivers/STM32F7xx_HAL_Driver/Src/stm32f7xx_hal_rcc.o
                0x0000000008003240                HAL_RCC_GetHCLKFreq
 .text.HAL_RCC_GetPCLK1Freq
                0x0000000008003258       0x28 Drivers/STM32F7xx_HAL_Driver/Src/stm32f7xx_hal_rcc.o
                0x0000000008003258                HAL_RCC_GetPCLK1Freq
 .text.HAL_RCC_GetPCLK2Freq
                0x0000000008003280       0x28 Drivers/STM32F7xx_HAL_Driver/Src/stm32f7xx_hal_rcc.o
                0x0000000008003280                HAL_RCC_GetPCLK2Freq
 .text.HAL_RCCEx_PeriphCLKConfig
                0x00000000080032a8      0x84c Drivers/STM32F7xx_HAL_Driver/Src/stm32f7xx_hal_rcc_ex.o
                0x00000000080032a8                HAL_RCCEx_PeriphCLKConfig
 .text.HAL_TIM_Base_Init
                0x0000000008003af4       0x56 Drivers/STM32F7xx_HAL_Driver/Src/stm32f7xx_hal_tim.o
                0x0000000008003af4                HAL_TIM_Base_Init
 *fill*         0x0000000008003b4a        0x2 
 .text.HAL_TIM_Base_Start_IT
                0x0000000008003b4c       0x54 Drivers/STM32F7xx_HAL_Driver/Src/stm32f7xx_hal_tim.o
                0x0000000008003b4c                HAL_TIM_Base_Start_IT
 .text.HAL_TIM_Base_Stop_IT
                0x0000000008003ba0       0x56 Drivers/STM32F7xx_HAL_Driver/Src/stm32f7xx_hal_tim.o
                0x0000000008003ba0                HAL_TIM_Base_Stop_IT
 .text.HAL_TIM_IC_Init
                0x0000000008003bf6       0x56 Drivers/STM32F7xx_HAL_Driver/Src/stm32f7xx_hal_tim.o
                0x0000000008003bf6                HAL_TIM_IC_Init
 .text.HAL_TIM_IC_Start_IT
                0x0000000008003c4c       0xdc Drivers/STM32F7xx_HAL_Driver/Src/stm32f7xx_hal_tim.o
                0x0000000008003c4c                HAL_TIM_IC_Start_IT
 .text.HAL_TIM_IC_Stop_IT
                0x0000000008003d28       0xe0 Drivers/STM32F7xx_HAL_Driver/Src/stm32f7xx_hal_tim.o
                0x0000000008003d28                HAL_TIM_IC_Stop_IT
 .text.HAL_TIM_IRQHandler
                0x0000000008003e08      0x23e Drivers/STM32F7xx_HAL_Driver/Src/stm32f7xx_hal_tim.o
                0x0000000008003e08                HAL_TIM_IRQHandler
 .text.HAL_TIM_IC_ConfigChannel
                0x0000000008004046      0x138 Drivers/STM32F7xx_HAL_Driver/Src/stm32f7xx_hal_tim.o
                0x0000000008004046                HAL_TIM_IC_ConfigChannel
 *fill*         0x000000000800417e        0x2 
 .text.HAL_TIM_ReadCapturedValue
                0x0000000008004180       0x88 Drivers/STM32F7xx_HAL_Driver/Src/stm32f7xx_hal_tim.o
                0x0000000008004180                HAL_TIM_ReadCapturedValue
 .text.HAL_TIM_OC_DelayElapsedCallback
                0x0000000008004208       0x14 Drivers/STM32F7xx_HAL_Driver/Src/stm32f7xx_hal_tim.o
                0x0000000008004208                HAL_TIM_OC_DelayElapsedCallback
 .text.HAL_TIM_PWM_PulseFinishedCallback
                0x000000000800421c       0x14 Drivers/STM32F7xx_HAL_Driver/Src/stm32f7xx_hal_tim.o
                0x000000000800421c                HAL_TIM_PWM_PulseFinishedCallback
 .text.HAL_TIM_TriggerCallback
                0x0000000008004230       0x14 Drivers/STM32F7xx_HAL_Driver/Src/stm32f7xx_hal_tim.o
                0x0000000008004230                HAL_TIM_TriggerCallback
 .text.TIM_Base_SetConfig
                0x0000000008004244      0x140 Drivers/STM32F7xx_HAL_Driver/Src/stm32f7xx_hal_tim.o
                0x0000000008004244                TIM_Base_SetConfig
 .text.TIM_TI1_SetConfig
                0x0000000008004384       0xe8 Drivers/STM32F7xx_HAL_Driver/Src/stm32f7xx_hal_tim.o
                0x0000000008004384                TIM_TI1_SetConfig
 .text.TIM_TI2_SetConfig
                0x000000000800446c       0x7a Drivers/STM32F7xx_HAL_Driver/Src/stm32f7xx_hal_tim.o
 .text.TIM_TI3_SetConfig
                0x00000000080044e6       0x78 Drivers/STM32F7xx_HAL_Driver/Src/stm32f7xx_hal_tim.o
 .text.TIM_TI4_SetConfig
                0x000000000800455e       0x7a Drivers/STM32F7xx_HAL_Driver/Src/stm32f7xx_hal_tim.o
 .text.TIM_CCxChannelCmd
                0x00000000080045d8       0x4a Drivers/STM32F7xx_HAL_Driver/Src/stm32f7xx_hal_tim.o
                0x00000000080045d8                TIM_CCxChannelCmd
 *fill*         0x0000000008004622        0x2 
 .text.HAL_TIMEx_MasterConfigSynchronization
                0x0000000008004624      0x11c Drivers/STM32F7xx_HAL_Driver/Src/stm32f7xx_hal_tim_ex.o
                0x0000000008004624                HAL_TIMEx_MasterConfigSynchronization
 .text.HAL_TIMEx_CommutCallback
                0x0000000008004740       0x14 Drivers/STM32F7xx_HAL_Driver/Src/stm32f7xx_hal_tim_ex.o
                0x0000000008004740                HAL_TIMEx_CommutCallback
 .text.HAL_TIMEx_BreakCallback
                0x0000000008004754       0x14 Drivers/STM32F7xx_HAL_Driver/Src/stm32f7xx_hal_tim_ex.o
                0x0000000008004754                HAL_TIMEx_BreakCallback
 .text.HAL_TIMEx_Break2Callback
                0x0000000008004768       0x14 Drivers/STM32F7xx_HAL_Driver/Src/stm32f7xx_hal_tim_ex.o
                0x0000000008004768                HAL_TIMEx_Break2Callback
 .text.HAL_UART_Init
                0x000000000800477c       0x9c Drivers/STM32F7xx_HAL_Driver/Src/stm32f7xx_hal_uart.o
                0x000000000800477c                HAL_UART_Init
 .text.HAL_UART_Transmit
                0x0000000008004818      0x122 Drivers/STM32F7xx_HAL_Driver/Src/stm32f7xx_hal_uart.o
                0x0000000008004818                HAL_UART_Transmit
 *fill*         0x000000000800493a        0x2 
 .text.UART_SetConfig
                0x000000000800493c      0x554 Drivers/STM32F7xx_HAL_Driver/Src/stm32f7xx_hal_uart.o
                0x000000000800493c                UART_SetConfig
 .text.UART_AdvFeatureConfig
                0x0000000008004e90      0x144 Drivers/STM32F7xx_HAL_Driver/Src/stm32f7xx_hal_uart.o
                0x0000000008004e90                UART_AdvFeatureConfig
 .text.UART_CheckIdleState
                0x0000000008004fd4       0x8a Drivers/STM32F7xx_HAL_Driver/Src/stm32f7xx_hal_uart.o
                0x0000000008004fd4                UART_CheckIdleState
 .text.UART_WaitOnFlagUntilTimeout
                0x000000000800505e       0xf6 Drivers/STM32F7xx_HAL_Driver/Src/stm32f7xx_hal_uart.o
                0x000000000800505e                UART_WaitOnFlagUntilTimeout
 .text.USB_CoreInit
                0x0000000008005154       0xb0 Drivers/STM32F7xx_HAL_Driver/Src/stm32f7xx_ll_usb.o
                0x0000000008005154                USB_CoreInit
 .text.USB_DisableGlobalInt
                0x0000000008005204       0x22 Drivers/STM32F7xx_HAL_Driver/Src/stm32f7xx_ll_usb.o
                0x0000000008005204                USB_DisableGlobalInt
 .text.USB_SetCurrentMode
                0x0000000008005226       0x54 Drivers/STM32F7xx_HAL_Driver/Src/stm32f7xx_ll_usb.o
                0x0000000008005226                USB_SetCurrentMode
 *fill*         0x000000000800527a        0x2 
 .text.USB_DevInit
                0x000000000800527c      0x2dc Drivers/STM32F7xx_HAL_Driver/Src/stm32f7xx_ll_usb.o
                0x000000000800527c                USB_DevInit
 .text.USB_FlushTxFifo
                0x0000000008005558       0x4c Drivers/STM32F7xx_HAL_Driver/Src/stm32f7xx_ll_usb.o
                0x0000000008005558                USB_FlushTxFifo
 .text.USB_FlushRxFifo
                0x00000000080055a4       0x44 Drivers/STM32F7xx_HAL_Driver/Src/stm32f7xx_ll_usb.o
                0x00000000080055a4                USB_FlushRxFifo
 .text.USB_SetDevSpeed
                0x00000000080055e8       0x32 Drivers/STM32F7xx_HAL_Driver/Src/stm32f7xx_ll_usb.o
                0x00000000080055e8                USB_SetDevSpeed
 .text.USB_DevDisconnect
                0x000000000800561a       0x30 Drivers/STM32F7xx_HAL_Driver/Src/stm32f7xx_ll_usb.o
                0x000000000800561a                USB_DevDisconnect
 *fill*         0x000000000800564a        0x2 
 .text.USB_CoreReset
                0x000000000800564c       0x68 Drivers/STM32F7xx_HAL_Driver/Src/stm32f7xx_ll_usb.o
 .text.__errno  0x00000000080056b4        0xc c:/users/fons/.eclipse/com.st.stm32cube.ide.mcu.rcp.product_1.1.0_1296977402_win32_win32_x86_64/plugins/com.st.stm32cube.ide.mcu.externaltools.gnu-tools-for-stm32.7-2018-q2-update.win32_1.4.0.202007081208/tools/bin/../lib/gcc/arm-none-eabi/7.3.1/../../../../arm-none-eabi/lib/thumb/v7e-m/fpv5/hard\libc_nano.a(lib_a-errno.o)
                0x00000000080056b4                __errno
 .text.__libc_init_array
                0x00000000080056c0       0x48 c:/users/fons/.eclipse/com.st.stm32cube.ide.mcu.rcp.product_1.1.0_1296977402_win32_win32_x86_64/plugins/com.st.stm32cube.ide.mcu.externaltools.gnu-tools-for-stm32.7-2018-q2-update.win32_1.4.0.202007081208/tools/bin/../lib/gcc/arm-none-eabi/7.3.1/../../../../arm-none-eabi/lib/thumb/v7e-m/fpv5/hard\libc_nano.a(lib_a-init.o)
                0x00000000080056c0                __libc_init_array
 .text.memset   0x0000000008005708       0x10 c:/users/fons/.eclipse/com.st.stm32cube.ide.mcu.rcp.product_1.1.0_1296977402_win32_win32_x86_64/plugins/com.st.stm32cube.ide.mcu.externaltools.gnu-tools-for-stm32.7-2018-q2-update.win32_1.4.0.202007081208/tools/bin/../lib/gcc/arm-none-eabi/7.3.1/../../../../arm-none-eabi/lib/thumb/v7e-m/fpv5/hard\libc_nano.a(lib_a-memset.o)
                0x0000000008005708                memset
 .text._free_r  0x0000000008005718       0x9c c:/users/fons/.eclipse/com.st.stm32cube.ide.mcu.rcp.product_1.1.0_1296977402_win32_win32_x86_64/plugins/com.st.stm32cube.ide.mcu.externaltools.gnu-tools-for-stm32.7-2018-q2-update.win32_1.4.0.202007081208/tools/bin/../lib/gcc/arm-none-eabi/7.3.1/../../../../arm-none-eabi/lib/thumb/v7e-m/fpv5/hard\libc_nano.a(lib_a-nano-freer.o)
                0x0000000008005718                _free_r
 .text._malloc_r
                0x00000000080057b4       0xb4 c:/users/fons/.eclipse/com.st.stm32cube.ide.mcu.rcp.product_1.1.0_1296977402_win32_win32_x86_64/plugins/com.st.stm32cube.ide.mcu.externaltools.gnu-tools-for-stm32.7-2018-q2-update.win32_1.4.0.202007081208/tools/bin/../lib/gcc/arm-none-eabi/7.3.1/../../../../arm-none-eabi/lib/thumb/v7e-m/fpv5/hard\libc_nano.a(lib_a-nano-mallocr.o)
                0x00000000080057b4                _malloc_r
 .text._sbrk_r  0x0000000008005868       0x20 c:/users/fons/.eclipse/com.st.stm32cube.ide.mcu.rcp.product_1.1.0_1296977402_win32_win32_x86_64/plugins/com.st.stm32cube.ide.mcu.externaltools.gnu-tools-for-stm32.7-2018-q2-update.win32_1.4.0.202007081208/tools/bin/../lib/gcc/arm-none-eabi/7.3.1/../../../../arm-none-eabi/lib/thumb/v7e-m/fpv5/hard\libc_nano.a(lib_a-sbrkr.o)
                0x0000000008005868                _sbrk_r
 .text.sprintf  0x0000000008005888       0x40 c:/users/fons/.eclipse/com.st.stm32cube.ide.mcu.rcp.product_1.1.0_1296977402_win32_win32_x86_64/plugins/com.st.stm32cube.ide.mcu.externaltools.gnu-tools-for-stm32.7-2018-q2-update.win32_1.4.0.202007081208/tools/bin/../lib/gcc/arm-none-eabi/7.3.1/../../../../arm-none-eabi/lib/thumb/v7e-m/fpv5/hard\libc_nano.a(lib_a-sprintf.o)
                0x0000000008005888                siprintf
                0x0000000008005888                sprintf
 .text.__malloc_lock
                0x00000000080058c8        0x2 c:/users/fons/.eclipse/com.st.stm32cube.ide.mcu.rcp.product_1.1.0_1296977402_win32_win32_x86_64/plugins/com.st.stm32cube.ide.mcu.externaltools.gnu-tools-for-stm32.7-2018-q2-update.win32_1.4.0.202007081208/tools/bin/../lib/gcc/arm-none-eabi/7.3.1/../../../../arm-none-eabi/lib/thumb/v7e-m/fpv5/hard\libc_nano.a(lib_a-mlock.o)
                0x00000000080058c8                __malloc_lock
 .text.__malloc_unlock
                0x00000000080058ca        0x2 c:/users/fons/.eclipse/com.st.stm32cube.ide.mcu.rcp.product_1.1.0_1296977402_win32_win32_x86_64/plugins/com.st.stm32cube.ide.mcu.externaltools.gnu-tools-for-stm32.7-2018-q2-update.win32_1.4.0.202007081208/tools/bin/../lib/gcc/arm-none-eabi/7.3.1/../../../../arm-none-eabi/lib/thumb/v7e-m/fpv5/hard\libc_nano.a(lib_a-mlock.o)
                0x00000000080058ca                __malloc_unlock
 .text.__ssputs_r
                0x00000000080058cc       0xb4 c:/users/fons/.eclipse/com.st.stm32cube.ide.mcu.rcp.product_1.1.0_1296977402_win32_win32_x86_64/plugins/com.st.stm32cube.ide.mcu.externaltools.gnu-tools-for-stm32.7-2018-q2-update.win32_1.4.0.202007081208/tools/bin/../lib/gcc/arm-none-eabi/7.3.1/../../../../arm-none-eabi/lib/thumb/v7e-m/fpv5/hard\libc_nano.a(lib_a-nano-svfprintf.o)
                0x00000000080058cc                __ssputs_r
 .text._svfprintf_r
                0x0000000008005980      0x1f0 c:/users/fons/.eclipse/com.st.stm32cube.ide.mcu.rcp.product_1.1.0_1296977402_win32_win32_x86_64/plugins/com.st.stm32cube.ide.mcu.externaltools.gnu-tools-for-stm32.7-2018-q2-update.win32_1.4.0.202007081208/tools/bin/../lib/gcc/arm-none-eabi/7.3.1/../../../../arm-none-eabi/lib/thumb/v7e-m/fpv5/hard\libc_nano.a(lib_a-nano-svfprintf.o)
                0x0000000008005980                _svfiprintf_r
                0x0000000008005980                _svfprintf_r
 .text._printf_common
                0x0000000008005b70       0xea c:/users/fons/.eclipse/com.st.stm32cube.ide.mcu.rcp.product_1.1.0_1296977402_win32_win32_x86_64/plugins/com.st.stm32cube.ide.mcu.externaltools.gnu-tools-for-stm32.7-2018-q2-update.win32_1.4.0.202007081208/tools/bin/../lib/gcc/arm-none-eabi/7.3.1/../../../../arm-none-eabi/lib/thumb/v7e-m/fpv5/hard\libc_nano.a(lib_a-nano-vfprintf_i.o)
                0x0000000008005b70                _printf_common
 *fill*         0x0000000008005c5a        0x2 
 .text._printf_i
                0x0000000008005c5c      0x224 c:/users/fons/.eclipse/com.st.stm32cube.ide.mcu.rcp.product_1.1.0_1296977402_win32_win32_x86_64/plugins/com.st.stm32cube.ide.mcu.externaltools.gnu-tools-for-stm32.7-2018-q2-update.win32_1.4.0.202007081208/tools/bin/../lib/gcc/arm-none-eabi/7.3.1/../../../../arm-none-eabi/lib/thumb/v7e-m/fpv5/hard\libc_nano.a(lib_a-nano-vfprintf_i.o)
                0x0000000008005c5c                _printf_i
 .text.memcpy   0x0000000008005e80       0x16 c:/users/fons/.eclipse/com.st.stm32cube.ide.mcu.rcp.product_1.1.0_1296977402_win32_win32_x86_64/plugins/com.st.stm32cube.ide.mcu.externaltools.gnu-tools-for-stm32.7-2018-q2-update.win32_1.4.0.202007081208/tools/bin/../lib/gcc/arm-none-eabi/7.3.1/../../../../arm-none-eabi/lib/thumb/v7e-m/fpv5/hard\libc_nano.a(lib_a-memcpy-stub.o)
                0x0000000008005e80                memcpy
 .text.memmove  0x0000000008005e96       0x32 c:/users/fons/.eclipse/com.st.stm32cube.ide.mcu.rcp.product_1.1.0_1296977402_win32_win32_x86_64/plugins/com.st.stm32cube.ide.mcu.externaltools.gnu-tools-for-stm32.7-2018-q2-update.win32_1.4.0.202007081208/tools/bin/../lib/gcc/arm-none-eabi/7.3.1/../../../../arm-none-eabi/lib/thumb/v7e-m/fpv5/hard\libc_nano.a(lib_a-memmove.o)
                0x0000000008005e96                memmove
 .text._realloc_r
                0x0000000008005ec8       0x4c c:/users/fons/.eclipse/com.st.stm32cube.ide.mcu.rcp.product_1.1.0_1296977402_win32_win32_x86_64/plugins/com.st.stm32cube.ide.mcu.externaltools.gnu-tools-for-stm32.7-2018-q2-update.win32_1.4.0.202007081208/tools/bin/../lib/gcc/arm-none-eabi/7.3.1/../../../../arm-none-eabi/lib/thumb/v7e-m/fpv5/hard\libc_nano.a(lib_a-nano-reallocr.o)
                0x0000000008005ec8                _realloc_r
 .text._malloc_usable_size_r
                0x0000000008005f14       0x10 c:/users/fons/.eclipse/com.st.stm32cube.ide.mcu.rcp.product_1.1.0_1296977402_win32_win32_x86_64/plugins/com.st.stm32cube.ide.mcu.externaltools.gnu-tools-for-stm32.7-2018-q2-update.win32_1.4.0.202007081208/tools/bin/../lib/gcc/arm-none-eabi/7.3.1/../../../../arm-none-eabi/lib/thumb/v7e-m/fpv5/hard\libc_nano.a(lib_a-nano-msizer.o)
                0x0000000008005f14                _malloc_usable_size_r
 *(.glue_7)
 .glue_7        0x0000000008005f24        0x0 linker stubs
 *(.glue_7t)
 .glue_7t       0x0000000008005f24        0x0 linker stubs
 *(.eh_frame)
 .eh_frame      0x0000000008005f24        0x0 c:/users/fons/.eclipse/com.st.stm32cube.ide.mcu.rcp.product_1.1.0_1296977402_win32_win32_x86_64/plugins/com.st.stm32cube.ide.mcu.externaltools.gnu-tools-for-stm32.7-2018-q2-update.win32_1.4.0.202007081208/tools/bin/../lib/gcc/arm-none-eabi/7.3.1/thumb/v7e-m/fpv5/hard/crtbegin.o
 *(.init)
 .init          0x0000000008005f24        0x4 c:/users/fons/.eclipse/com.st.stm32cube.ide.mcu.rcp.product_1.1.0_1296977402_win32_win32_x86_64/plugins/com.st.stm32cube.ide.mcu.externaltools.gnu-tools-for-stm32.7-2018-q2-update.win32_1.4.0.202007081208/tools/bin/../lib/gcc/arm-none-eabi/7.3.1/thumb/v7e-m/fpv5/hard/crti.o
                0x0000000008005f24                _init
 .init          0x0000000008005f28        0x8 c:/users/fons/.eclipse/com.st.stm32cube.ide.mcu.rcp.product_1.1.0_1296977402_win32_win32_x86_64/plugins/com.st.stm32cube.ide.mcu.externaltools.gnu-tools-for-stm32.7-2018-q2-update.win32_1.4.0.202007081208/tools/bin/../lib/gcc/arm-none-eabi/7.3.1/thumb/v7e-m/fpv5/hard/crtn.o
 *(.fini)
 .fini          0x0000000008005f30        0x4 c:/users/fons/.eclipse/com.st.stm32cube.ide.mcu.rcp.product_1.1.0_1296977402_win32_win32_x86_64/plugins/com.st.stm32cube.ide.mcu.externaltools.gnu-tools-for-stm32.7-2018-q2-update.win32_1.4.0.202007081208/tools/bin/../lib/gcc/arm-none-eabi/7.3.1/thumb/v7e-m/fpv5/hard/crti.o
                0x0000000008005f30                _fini
 .fini          0x0000000008005f34        0x8 c:/users/fons/.eclipse/com.st.stm32cube.ide.mcu.rcp.product_1.1.0_1296977402_win32_win32_x86_64/plugins/com.st.stm32cube.ide.mcu.externaltools.gnu-tools-for-stm32.7-2018-q2-update.win32_1.4.0.202007081208/tools/bin/../lib/gcc/arm-none-eabi/7.3.1/thumb/v7e-m/fpv5/hard/crtn.o
                0x0000000008005f3c                . = ALIGN (0x4)
                0x0000000008005f3c                _etext = .

.vfp11_veneer   0x0000000008005f3c        0x0
 .vfp11_veneer  0x0000000008005f3c        0x0 linker stubs

.v4_bx          0x0000000008005f3c        0x0
 .v4_bx         0x0000000008005f3c        0x0 linker stubs

.iplt           0x0000000008005f3c        0x0
 .iplt          0x0000000008005f3c        0x0 c:/users/fons/.eclipse/com.st.stm32cube.ide.mcu.rcp.product_1.1.0_1296977402_win32_win32_x86_64/plugins/com.st.stm32cube.ide.mcu.externaltools.gnu-tools-for-stm32.7-2018-q2-update.win32_1.4.0.202007081208/tools/bin/../lib/gcc/arm-none-eabi/7.3.1/thumb/v7e-m/fpv5/hard/crtbegin.o

.rodata         0x0000000008005f3c       0x6c
                0x0000000008005f3c                . = ALIGN (0x4)
 *(.rodata)
 .rodata        0x0000000008005f3c       0x20 Core/Src/main.o
 *(.rodata*)
 .rodata.AHBPrescTable
                0x0000000008005f5c       0x10 Core/Src/system_stm32f7xx.o
                0x0000000008005f5c                AHBPrescTable
 .rodata.APBPrescTable
                0x0000000008005f6c        0x8 Core/Src/system_stm32f7xx.o
                0x0000000008005f6c                APBPrescTable
 .rodata._svfprintf_r.str1.1
                0x0000000008005f74       0x11 c:/users/fons/.eclipse/com.st.stm32cube.ide.mcu.rcp.product_1.1.0_1296977402_win32_win32_x86_64/plugins/com.st.stm32cube.ide.mcu.externaltools.gnu-tools-for-stm32.7-2018-q2-update.win32_1.4.0.202007081208/tools/bin/../lib/gcc/arm-none-eabi/7.3.1/../../../../arm-none-eabi/lib/thumb/v7e-m/fpv5/hard\libc_nano.a(lib_a-nano-svfprintf.o)
 .rodata._printf_i.str1.1
                0x0000000008005f85       0x22 c:/users/fons/.eclipse/com.st.stm32cube.ide.mcu.rcp.product_1.1.0_1296977402_win32_win32_x86_64/plugins/com.st.stm32cube.ide.mcu.externaltools.gnu-tools-for-stm32.7-2018-q2-update.win32_1.4.0.202007081208/tools/bin/../lib/gcc/arm-none-eabi/7.3.1/../../../../arm-none-eabi/lib/thumb/v7e-m/fpv5/hard\libc_nano.a(lib_a-nano-vfprintf_i.o)
                0x0000000008005fa8                . = ALIGN (0x4)
 *fill*         0x0000000008005fa7        0x1 

.ARM.extab      0x0000000008005fa8        0x0
                0x0000000008005fa8                . = ALIGN (0x4)
 *(.ARM.extab* .gnu.linkonce.armextab.*)
                0x0000000008005fa8                . = ALIGN (0x4)

.ARM            0x0000000008005fa8        0x8
                0x0000000008005fa8                . = ALIGN (0x4)
                0x0000000008005fa8                __exidx_start = .
 *(.ARM.exidx*)
 .ARM.exidx     0x0000000008005fa8        0x8 c:/users/fons/.eclipse/com.st.stm32cube.ide.mcu.rcp.product_1.1.0_1296977402_win32_win32_x86_64/plugins/com.st.stm32cube.ide.mcu.externaltools.gnu-tools-for-stm32.7-2018-q2-update.win32_1.4.0.202007081208/tools/bin/../lib/gcc/arm-none-eabi/7.3.1/thumb/v7e-m/fpv5/hard\libgcc.a(_udivmoddi4.o)
                0x0000000008005fb0                __exidx_end = .
                0x0000000008005fb0                . = ALIGN (0x4)

.rel.dyn        0x0000000008005fb0        0x0
 .rel.iplt      0x0000000008005fb0        0x0 c:/users/fons/.eclipse/com.st.stm32cube.ide.mcu.rcp.product_1.1.0_1296977402_win32_win32_x86_64/plugins/com.st.stm32cube.ide.mcu.externaltools.gnu-tools-for-stm32.7-2018-q2-update.win32_1.4.0.202007081208/tools/bin/../lib/gcc/arm-none-eabi/7.3.1/thumb/v7e-m/fpv5/hard/crtbegin.o

.preinit_array  0x0000000008005fb0        0x0
                0x0000000008005fb0                . = ALIGN (0x4)
                0x0000000008005fb0                PROVIDE (__preinit_array_start = .)
 *(.preinit_array*)
                0x0000000008005fb0                PROVIDE (__preinit_array_end = .)
                0x0000000008005fb0                . = ALIGN (0x4)

.init_array     0x0000000008005fb0        0x4
                0x0000000008005fb0                . = ALIGN (0x4)
                0x0000000008005fb0                PROVIDE (__init_array_start = .)
 *(SORT_BY_NAME(.init_array.*))
 *(.init_array*)
 .init_array    0x0000000008005fb0        0x4 c:/users/fons/.eclipse/com.st.stm32cube.ide.mcu.rcp.product_1.1.0_1296977402_win32_win32_x86_64/plugins/com.st.stm32cube.ide.mcu.externaltools.gnu-tools-for-stm32.7-2018-q2-update.win32_1.4.0.202007081208/tools/bin/../lib/gcc/arm-none-eabi/7.3.1/thumb/v7e-m/fpv5/hard/crtbegin.o
                0x0000000008005fb4                PROVIDE (__init_array_end = .)
                0x0000000008005fb4                . = ALIGN (0x4)

.fini_array     0x0000000008005fb4        0x4
                0x0000000008005fb4                . = ALIGN (0x4)
                [!provide]                        PROVIDE (__fini_array_start = .)
 *(SORT_BY_NAME(.fini_array.*))
 *(.fini_array*)
 .fini_array    0x0000000008005fb4        0x4 c:/users/fons/.eclipse/com.st.stm32cube.ide.mcu.rcp.product_1.1.0_1296977402_win32_win32_x86_64/plugins/com.st.stm32cube.ide.mcu.externaltools.gnu-tools-for-stm32.7-2018-q2-update.win32_1.4.0.202007081208/tools/bin/../lib/gcc/arm-none-eabi/7.3.1/thumb/v7e-m/fpv5/hard/crtbegin.o
                [!provide]                        PROVIDE (__fini_array_end = .)
                0x0000000008005fb8                . = ALIGN (0x4)
                0x0000000008005fb8                _sidata = LOADADDR (.data)

.data           0x0000000020000000       0x70 load address 0x0000000008005fb8
                0x0000000020000000                . = ALIGN (0x4)
                0x0000000020000000                _sdata = .
 *(.data)
 *(.data*)
 .data.SystemCoreClock
                0x0000000020000000        0x4 Core/Src/system_stm32f7xx.o
                0x0000000020000000                SystemCoreClock
 .data.uwTickPrio
                0x0000000020000004        0x4 Drivers/STM32F7xx_HAL_Driver/Src/stm32f7xx_hal.o
                0x0000000020000004                uwTickPrio
 .data.uwTickFreq
                0x0000000020000008        0x1 Drivers/STM32F7xx_HAL_Driver/Src/stm32f7xx_hal.o
                0x0000000020000008                uwTickFreq
 *fill*         0x0000000020000009        0x3 
 .data._impure_ptr
                0x000000002000000c        0x4 c:/users/fons/.eclipse/com.st.stm32cube.ide.mcu.rcp.product_1.1.0_1296977402_win32_win32_x86_64/plugins/com.st.stm32cube.ide.mcu.externaltools.gnu-tools-for-stm32.7-2018-q2-update.win32_1.4.0.202007081208/tools/bin/../lib/gcc/arm-none-eabi/7.3.1/../../../../arm-none-eabi/lib/thumb/v7e-m/fpv5/hard\libc_nano.a(lib_a-impure.o)
                0x000000002000000c                _impure_ptr
 .data.impure_data
                0x0000000020000010       0x60 c:/users/fons/.eclipse/com.st.stm32cube.ide.mcu.rcp.product_1.1.0_1296977402_win32_win32_x86_64/plugins/com.st.stm32cube.ide.mcu.externaltools.gnu-tools-for-stm32.7-2018-q2-update.win32_1.4.0.202007081208/tools/bin/../lib/gcc/arm-none-eabi/7.3.1/../../../../arm-none-eabi/lib/thumb/v7e-m/fpv5/hard\libc_nano.a(lib_a-impure.o)
                0x0000000020000070                . = ALIGN (0x4)
                0x0000000020000070                _edata = .

.igot.plt       0x0000000020000070        0x0 load address 0x0000000008006028
 .igot.plt      0x0000000020000070        0x0 c:/users/fons/.eclipse/com.st.stm32cube.ide.mcu.rcp.product_1.1.0_1296977402_win32_win32_x86_64/plugins/com.st.stm32cube.ide.mcu.externaltools.gnu-tools-for-stm32.7-2018-q2-update.win32_1.4.0.202007081208/tools/bin/../lib/gcc/arm-none-eabi/7.3.1/thumb/v7e-m/fpv5/hard/crtbegin.o
                0x0000000020000070                . = ALIGN (0x4)

.bss            0x0000000020000070      0x650 load address 0x0000000008006028
                0x0000000020000070                _sbss = .
                0x0000000020000070                __bss_start__ = _sbss
 *(.bss)
 .bss           0x0000000020000070       0x1c c:/users/fons/.eclipse/com.st.stm32cube.ide.mcu.rcp.product_1.1.0_1296977402_win32_win32_x86_64/plugins/com.st.stm32cube.ide.mcu.externaltools.gnu-tools-for-stm32.7-2018-q2-update.win32_1.4.0.202007081208/tools/bin/../lib/gcc/arm-none-eabi/7.3.1/thumb/v7e-m/fpv5/hard/crtbegin.o
 *(.bss*)
 .bss.cuenta    0x000000002000008c        0x4 Core/Src/main.o
                0x000000002000008c                cuenta
 .bss.FLAG_ENVIO
                0x0000000020000090        0x1 Core/Src/main.o
                0x0000000020000090                FLAG_ENVIO
 .bss.Is_First_Captured
                0x0000000020000091        0x1 Core/Src/main.o
                0x0000000020000091                Is_First_Captured
 .bss.diffCapture
                0x0000000020000092        0x2 Core/Src/main.o
                0x0000000020000092                diffCapture
 .bss.captureDone
                0x0000000020000094        0x1 Core/Src/main.o
                0x0000000020000094                captureDone
 *fill*         0x0000000020000095        0x3 
 .bss.frequency
                0x0000000020000098        0x8 Core/Src/main.o
                0x0000000020000098                frequency
 .bss.distanciacm
                0x00000000200000a0        0x8 Core/Src/main.o
                0x00000000200000a0                distanciacm
 .bss.__sbrk_heap_end
                0x00000000200000a8        0x4 Core/Src/sysmem.o
 .bss.__malloc_free_list
                0x00000000200000ac        0x4 c:/users/fons/.eclipse/com.st.stm32cube.ide.mcu.rcp.product_1.1.0_1296977402_win32_win32_x86_64/plugins/com.st.stm32cube.ide.mcu.externaltools.gnu-tools-for-stm32.7-2018-q2-update.win32_1.4.0.202007081208/tools/bin/../lib/gcc/arm-none-eabi/7.3.1/../../../../arm-none-eabi/lib/thumb/v7e-m/fpv5/hard\libc_nano.a(lib_a-nano-mallocr.o)
                0x00000000200000ac                __malloc_free_list
 .bss.__malloc_sbrk_start
                0x00000000200000b0        0x4 c:/users/fons/.eclipse/com.st.stm32cube.ide.mcu.rcp.product_1.1.0_1296977402_win32_win32_x86_64/plugins/com.st.stm32cube.ide.mcu.externaltools.gnu-tools-for-stm32.7-2018-q2-update.win32_1.4.0.202007081208/tools/bin/../lib/gcc/arm-none-eabi/7.3.1/../../../../arm-none-eabi/lib/thumb/v7e-m/fpv5/hard\libc_nano.a(lib_a-nano-mallocr.o)
                0x00000000200000b0                __malloc_sbrk_start
 *(COMMON)
 COMMON         0x00000000200000b4       0x48 Core/Src/eth.o
                0x00000000200000b4                heth
 COMMON         0x00000000200000fc       0x78 Core/Src/main.o
                0x00000000200000fc                teclado
                0x0000000020000108                captures
                0x0000000020000110                str_name
 COMMON         0x0000000020000174       0xc0 Core/Src/tim.o
                0x0000000020000174                htim3
                0x00000000200001b4                htim6
                0x00000000200001f4                htim7
 COMMON         0x0000000020000234       0x80 Core/Src/usart.o
                0x0000000020000234                huart3
 COMMON         0x00000000200002b4      0x404 Core/Src/usb_otg.o
                0x00000000200002b4                hpcd_USB_OTG_FS
 COMMON         0x00000000200006b8        0x4 Drivers/STM32F7xx_HAL_Driver/Src/stm32f7xx_hal.o
                0x00000000200006b8                uwTick
 COMMON         0x00000000200006bc        0x4 c:/users/fons/.eclipse/com.st.stm32cube.ide.mcu.rcp.product_1.1.0_1296977402_win32_win32_x86_64/plugins/com.st.stm32cube.ide.mcu.externaltools.gnu-tools-for-stm32.7-2018-q2-update.win32_1.4.0.202007081208/tools/bin/../lib/gcc/arm-none-eabi/7.3.1/../../../../arm-none-eabi/lib/thumb/v7e-m/fpv5/hard\libc_nano.a(lib_a-reent.o)
                0x00000000200006bc                errno
                0x00000000200006c0                . = ALIGN (0x4)
                0x00000000200006c0                _ebss = .
                0x00000000200006c0                __bss_end__ = _ebss

._user_heap_stack
                0x00000000200006c0      0x600 load address 0x0000000008006028
                0x00000000200006c0                . = ALIGN (0x8)
                [!provide]                        PROVIDE (end = .)
                0x00000000200006c0                PROVIDE (_end = .)
                0x00000000200008c0                . = (. + _Min_Heap_Size)
 *fill*         0x00000000200006c0      0x200 
                0x0000000020000cc0                . = (. + _Min_Stack_Size)
 *fill*         0x00000000200008c0      0x400 
                0x0000000020000cc0                . = ALIGN (0x8)

/DISCARD/
 libc.a(*)
 libm.a(*)
 libgcc.a(*)

.ARM.attributes
                0x0000000000000000       0x2e
 *(.ARM.attributes)
 .ARM.attributes
                0x0000000000000000       0x20 c:/users/fons/.eclipse/com.st.stm32cube.ide.mcu.rcp.product_1.1.0_1296977402_win32_win32_x86_64/plugins/com.st.stm32cube.ide.mcu.externaltools.gnu-tools-for-stm32.7-2018-q2-update.win32_1.4.0.202007081208/tools/bin/../lib/gcc/arm-none-eabi/7.3.1/thumb/v7e-m/fpv5/hard/crti.o
 .ARM.attributes
                0x0000000000000020       0x32 c:/users/fons/.eclipse/com.st.stm32cube.ide.mcu.rcp.product_1.1.0_1296977402_win32_win32_x86_64/plugins/com.st.stm32cube.ide.mcu.externaltools.gnu-tools-for-stm32.7-2018-q2-update.win32_1.4.0.202007081208/tools/bin/../lib/gcc/arm-none-eabi/7.3.1/thumb/v7e-m/fpv5/hard/crtbegin.o
 .ARM.attributes
                0x0000000000000052       0x37 Core/Src/eth.o
 .ARM.attributes
                0x0000000000000089       0x37 Core/Src/gpio.o
 .ARM.attributes
                0x00000000000000c0       0x37 Core/Src/keypad.o
 .ARM.attributes
                0x00000000000000f7       0x37 Core/Src/main.o
 .ARM.attributes
                0x000000000000012e       0x37 Core/Src/stm32f7xx_hal_msp.o
 .ARM.attributes
                0x0000000000000165       0x37 Core/Src/stm32f7xx_it.o
 .ARM.attributes
                0x000000000000019c       0x37 Core/Src/sysmem.o
 .ARM.attributes
                0x00000000000001d3       0x37 Core/Src/system_stm32f7xx.o
 .ARM.attributes
                0x000000000000020a       0x37 Core/Src/tim.o
 .ARM.attributes
                0x0000000000000241       0x37 Core/Src/usart.o
 .ARM.attributes
                0x0000000000000278       0x37 Core/Src/usb_otg.o
 .ARM.attributes
                0x00000000000002af       0x21 Core/Startup/startup_stm32f767zitx.o
 .ARM.attributes
                0x00000000000002d0       0x37 Drivers/STM32F7xx_HAL_Driver/Src/stm32f7xx_hal.o
 .ARM.attributes
                0x0000000000000307       0x37 Drivers/STM32F7xx_HAL_Driver/Src/stm32f7xx_hal_cortex.o
 .ARM.attributes
                0x000000000000033e       0x37 Drivers/STM32F7xx_HAL_Driver/Src/stm32f7xx_hal_eth.o
 .ARM.attributes
                0x0000000000000375       0x37 Drivers/STM32F7xx_HAL_Driver/Src/stm32f7xx_hal_gpio.o
 .ARM.attributes
                0x00000000000003ac       0x37 Drivers/STM32F7xx_HAL_Driver/Src/stm32f7xx_hal_pcd.o
 .ARM.attributes
                0x00000000000003e3       0x37 Drivers/STM32F7xx_HAL_Driver/Src/stm32f7xx_hal_pcd_ex.o
 .ARM.attributes
                0x000000000000041a       0x37 Drivers/STM32F7xx_HAL_Driver/Src/stm32f7xx_hal_pwr.o
 .ARM.attributes
                0x0000000000000451       0x37 Drivers/STM32F7xx_HAL_Driver/Src/stm32f7xx_hal_pwr_ex.o
 .ARM.attributes
                0x0000000000000488       0x37 Drivers/STM32F7xx_HAL_Driver/Src/stm32f7xx_hal_rcc.o
 .ARM.attributes
                0x00000000000004bf       0x37 Drivers/STM32F7xx_HAL_Driver/Src/stm32f7xx_hal_rcc_ex.o
 .ARM.attributes
                0x00000000000004f6       0x37 Drivers/STM32F7xx_HAL_Driver/Src/stm32f7xx_hal_tim.o
 .ARM.attributes
                0x000000000000052d       0x37 Drivers/STM32F7xx_HAL_Driver/Src/stm32f7xx_hal_tim_ex.o
 .ARM.attributes
                0x0000000000000564       0x37 Drivers/STM32F7xx_HAL_Driver/Src/stm32f7xx_hal_uart.o
 .ARM.attributes
                0x000000000000059b       0x37 Drivers/STM32F7xx_HAL_Driver/Src/stm32f7xx_ll_usb.o
 .ARM.attributes
                0x00000000000005d2       0x32 c:/users/fons/.eclipse/com.st.stm32cube.ide.mcu.rcp.product_1.1.0_1296977402_win32_win32_x86_64/plugins/com.st.stm32cube.ide.mcu.externaltools.gnu-tools-for-stm32.7-2018-q2-update.win32_1.4.0.202007081208/tools/bin/../lib/gcc/arm-none-eabi/7.3.1/../../../../arm-none-eabi/lib/thumb/v7e-m/fpv5/hard\libc_nano.a(lib_a-errno.o)
 .ARM.attributes
                0x0000000000000604       0x32 c:/users/fons/.eclipse/com.st.stm32cube.ide.mcu.rcp.product_1.1.0_1296977402_win32_win32_x86_64/plugins/com.st.stm32cube.ide.mcu.externaltools.gnu-tools-for-stm32.7-2018-q2-update.win32_1.4.0.202007081208/tools/bin/../lib/gcc/arm-none-eabi/7.3.1/../../../../arm-none-eabi/lib/thumb/v7e-m/fpv5/hard\libc_nano.a(lib_a-impure.o)
 .ARM.attributes
                0x0000000000000636       0x32 c:/users/fons/.eclipse/com.st.stm32cube.ide.mcu.rcp.product_1.1.0_1296977402_win32_win32_x86_64/plugins/com.st.stm32cube.ide.mcu.externaltools.gnu-tools-for-stm32.7-2018-q2-update.win32_1.4.0.202007081208/tools/bin/../lib/gcc/arm-none-eabi/7.3.1/../../../../arm-none-eabi/lib/thumb/v7e-m/fpv5/hard\libc_nano.a(lib_a-init.o)
 .ARM.attributes
                0x0000000000000668       0x32 c:/users/fons/.eclipse/com.st.stm32cube.ide.mcu.rcp.product_1.1.0_1296977402_win32_win32_x86_64/plugins/com.st.stm32cube.ide.mcu.externaltools.gnu-tools-for-stm32.7-2018-q2-update.win32_1.4.0.202007081208/tools/bin/../lib/gcc/arm-none-eabi/7.3.1/../../../../arm-none-eabi/lib/thumb/v7e-m/fpv5/hard\libc_nano.a(lib_a-memset.o)
 .ARM.attributes
                0x000000000000069a       0x32 c:/users/fons/.eclipse/com.st.stm32cube.ide.mcu.rcp.product_1.1.0_1296977402_win32_win32_x86_64/plugins/com.st.stm32cube.ide.mcu.externaltools.gnu-tools-for-stm32.7-2018-q2-update.win32_1.4.0.202007081208/tools/bin/../lib/gcc/arm-none-eabi/7.3.1/../../../../arm-none-eabi/lib/thumb/v7e-m/fpv5/hard\libc_nano.a(lib_a-nano-freer.o)
 .ARM.attributes
                0x00000000000006cc       0x32 c:/users/fons/.eclipse/com.st.stm32cube.ide.mcu.rcp.product_1.1.0_1296977402_win32_win32_x86_64/plugins/com.st.stm32cube.ide.mcu.externaltools.gnu-tools-for-stm32.7-2018-q2-update.win32_1.4.0.202007081208/tools/bin/../lib/gcc/arm-none-eabi/7.3.1/../../../../arm-none-eabi/lib/thumb/v7e-m/fpv5/hard\libc_nano.a(lib_a-nano-mallocr.o)
 .ARM.attributes
                0x00000000000006fe       0x32 c:/users/fons/.eclipse/com.st.stm32cube.ide.mcu.rcp.product_1.1.0_1296977402_win32_win32_x86_64/plugins/com.st.stm32cube.ide.mcu.externaltools.gnu-tools-for-stm32.7-2018-q2-update.win32_1.4.0.202007081208/tools/bin/../lib/gcc/arm-none-eabi/7.3.1/../../../../arm-none-eabi/lib/thumb/v7e-m/fpv5/hard\libc_nano.a(lib_a-sbrkr.o)
 .ARM.attributes
                0x0000000000000730       0x32 c:/users/fons/.eclipse/com.st.stm32cube.ide.mcu.rcp.product_1.1.0_1296977402_win32_win32_x86_64/plugins/com.st.stm32cube.ide.mcu.externaltools.gnu-tools-for-stm32.7-2018-q2-update.win32_1.4.0.202007081208/tools/bin/../lib/gcc/arm-none-eabi/7.3.1/../../../../arm-none-eabi/lib/thumb/v7e-m/fpv5/hard\libc_nano.a(lib_a-sprintf.o)
 .ARM.attributes
                0x0000000000000762       0x19 c:/users/fons/.eclipse/com.st.stm32cube.ide.mcu.rcp.product_1.1.0_1296977402_win32_win32_x86_64/plugins/com.st.stm32cube.ide.mcu.externaltools.gnu-tools-for-stm32.7-2018-q2-update.win32_1.4.0.202007081208/tools/bin/../lib/gcc/arm-none-eabi/7.3.1/../../../../arm-none-eabi/lib/thumb/v7e-m/fpv5/hard\libc_nano.a(lib_a-strlen.o)
 .ARM.attributes
                0x000000000000077b       0x32 c:/users/fons/.eclipse/com.st.stm32cube.ide.mcu.rcp.product_1.1.0_1296977402_win32_win32_x86_64/plugins/com.st.stm32cube.ide.mcu.externaltools.gnu-tools-for-stm32.7-2018-q2-update.win32_1.4.0.202007081208/tools/bin/../lib/gcc/arm-none-eabi/7.3.1/../../../../arm-none-eabi/lib/thumb/v7e-m/fpv5/hard\libc_nano.a(lib_a-mlock.o)
 .ARM.attributes
                0x00000000000007ad       0x32 c:/users/fons/.eclipse/com.st.stm32cube.ide.mcu.rcp.product_1.1.0_1296977402_win32_win32_x86_64/plugins/com.st.stm32cube.ide.mcu.externaltools.gnu-tools-for-stm32.7-2018-q2-update.win32_1.4.0.202007081208/tools/bin/../lib/gcc/arm-none-eabi/7.3.1/../../../../arm-none-eabi/lib/thumb/v7e-m/fpv5/hard\libc_nano.a(lib_a-nano-svfprintf.o)
 .ARM.attributes
                0x00000000000007df       0x32 c:/users/fons/.eclipse/com.st.stm32cube.ide.mcu.rcp.product_1.1.0_1296977402_win32_win32_x86_64/plugins/com.st.stm32cube.ide.mcu.externaltools.gnu-tools-for-stm32.7-2018-q2-update.win32_1.4.0.202007081208/tools/bin/../lib/gcc/arm-none-eabi/7.3.1/../../../../arm-none-eabi/lib/thumb/v7e-m/fpv5/hard\libc_nano.a(lib_a-nano-vfprintf_i.o)
 .ARM.attributes
                0x0000000000000811       0x32 c:/users/fons/.eclipse/com.st.stm32cube.ide.mcu.rcp.product_1.1.0_1296977402_win32_win32_x86_64/plugins/com.st.stm32cube.ide.mcu.externaltools.gnu-tools-for-stm32.7-2018-q2-update.win32_1.4.0.202007081208/tools/bin/../lib/gcc/arm-none-eabi/7.3.1/../../../../arm-none-eabi/lib/thumb/v7e-m/fpv5/hard\libc_nano.a(lib_a-reent.o)
 .ARM.attributes
                0x0000000000000843       0x1e c:/users/fons/.eclipse/com.st.stm32cube.ide.mcu.rcp.product_1.1.0_1296977402_win32_win32_x86_64/plugins/com.st.stm32cube.ide.mcu.externaltools.gnu-tools-for-stm32.7-2018-q2-update.win32_1.4.0.202007081208/tools/bin/../lib/gcc/arm-none-eabi/7.3.1/../../../../arm-none-eabi/lib/thumb/v7e-m/fpv5/hard\libc_nano.a(lib_a-memchr.o)
 .ARM.attributes
                0x0000000000000861       0x32 c:/users/fons/.eclipse/com.st.stm32cube.ide.mcu.rcp.product_1.1.0_1296977402_win32_win32_x86_64/plugins/com.st.stm32cube.ide.mcu.externaltools.gnu-tools-for-stm32.7-2018-q2-update.win32_1.4.0.202007081208/tools/bin/../lib/gcc/arm-none-eabi/7.3.1/../../../../arm-none-eabi/lib/thumb/v7e-m/fpv5/hard\libc_nano.a(lib_a-memcpy-stub.o)
 .ARM.attributes
                0x0000000000000893       0x32 c:/users/fons/.eclipse/com.st.stm32cube.ide.mcu.rcp.product_1.1.0_1296977402_win32_win32_x86_64/plugins/com.st.stm32cube.ide.mcu.externaltools.gnu-tools-for-stm32.7-2018-q2-update.win32_1.4.0.202007081208/tools/bin/../lib/gcc/arm-none-eabi/7.3.1/../../../../arm-none-eabi/lib/thumb/v7e-m/fpv5/hard\libc_nano.a(lib_a-memmove.o)
 .ARM.attributes
                0x00000000000008c5       0x32 c:/users/fons/.eclipse/com.st.stm32cube.ide.mcu.rcp.product_1.1.0_1296977402_win32_win32_x86_64/plugins/com.st.stm32cube.ide.mcu.externaltools.gnu-tools-for-stm32.7-2018-q2-update.win32_1.4.0.202007081208/tools/bin/../lib/gcc/arm-none-eabi/7.3.1/../../../../arm-none-eabi/lib/thumb/v7e-m/fpv5/hard\libc_nano.a(lib_a-nano-reallocr.o)
 .ARM.attributes
                0x00000000000008f7       0x32 c:/users/fons/.eclipse/com.st.stm32cube.ide.mcu.rcp.product_1.1.0_1296977402_win32_win32_x86_64/plugins/com.st.stm32cube.ide.mcu.externaltools.gnu-tools-for-stm32.7-2018-q2-update.win32_1.4.0.202007081208/tools/bin/../lib/gcc/arm-none-eabi/7.3.1/../../../../arm-none-eabi/lib/thumb/v7e-m/fpv5/hard\libc_nano.a(lib_a-nano-msizer.o)
 .ARM.attributes
                0x0000000000000929       0x20 c:/users/fons/.eclipse/com.st.stm32cube.ide.mcu.rcp.product_1.1.0_1296977402_win32_win32_x86_64/plugins/com.st.stm32cube.ide.mcu.externaltools.gnu-tools-for-stm32.7-2018-q2-update.win32_1.4.0.202007081208/tools/bin/../lib/gcc/arm-none-eabi/7.3.1/thumb/v7e-m/fpv5/hard\libgcc.a(_aeabi_uldivmod.o)
 .ARM.attributes
                0x0000000000000949       0x32 c:/users/fons/.eclipse/com.st.stm32cube.ide.mcu.rcp.product_1.1.0_1296977402_win32_win32_x86_64/plugins/com.st.stm32cube.ide.mcu.externaltools.gnu-tools-for-stm32.7-2018-q2-update.win32_1.4.0.202007081208/tools/bin/../lib/gcc/arm-none-eabi/7.3.1/thumb/v7e-m/fpv5/hard\libgcc.a(_udivmoddi4.o)
 .ARM.attributes
                0x000000000000097b       0x20 c:/users/fons/.eclipse/com.st.stm32cube.ide.mcu.rcp.product_1.1.0_1296977402_win32_win32_x86_64/plugins/com.st.stm32cube.ide.mcu.externaltools.gnu-tools-for-stm32.7-2018-q2-update.win32_1.4.0.202007081208/tools/bin/../lib/gcc/arm-none-eabi/7.3.1/thumb/v7e-m/fpv5/hard\libgcc.a(_dvmd_tls.o)
 .ARM.attributes
                0x000000000000099b       0x20 c:/users/fons/.eclipse/com.st.stm32cube.ide.mcu.rcp.product_1.1.0_1296977402_win32_win32_x86_64/plugins/com.st.stm32cube.ide.mcu.externaltools.gnu-tools-for-stm32.7-2018-q2-update.win32_1.4.0.202007081208/tools/bin/../lib/gcc/arm-none-eabi/7.3.1/thumb/v7e-m/fpv5/hard/crtn.o
OUTPUT(Basic_driver_sensor.elf elf32-littlearm)

.debug_info     0x0000000000000000    0x15f36
 .debug_info    0x0000000000000000      0xc33 Core/Src/eth.o
 .debug_info    0x0000000000000c33      0x825 Core/Src/gpio.o
 .debug_info    0x0000000000001458      0x89d Core/Src/keypad.o
 .debug_info    0x0000000000001cf5     0x2547 Core/Src/main.o
 .debug_info    0x000000000000423c      0x389 Core/Src/stm32f7xx_hal_msp.o
 .debug_info    0x00000000000045c5      0x7a9 Core/Src/stm32f7xx_it.o
 .debug_info    0x0000000000004d6e      0x985 Core/Src/sysmem.o
 .debug_info    0x00000000000056f3      0x73d Core/Src/system_stm32f7xx.o
 .debug_info    0x0000000000005e30      0xe8d Core/Src/tim.o
 .debug_info    0x0000000000006cbd      0xa48 Core/Src/usart.o
 .debug_info    0x0000000000007705      0x9d4 Core/Src/usb_otg.o
 .debug_info    0x00000000000080d9       0x22 Core/Startup/startup_stm32f767zitx.o
 .debug_info    0x00000000000080fb      0xa46 Drivers/STM32F7xx_HAL_Driver/Src/stm32f7xx_hal.o
 .debug_info    0x0000000000008b41     0x108c Drivers/STM32F7xx_HAL_Driver/Src/stm32f7xx_hal_cortex.o
 .debug_info    0x0000000000009bcd     0x14a9 Drivers/STM32F7xx_HAL_Driver/Src/stm32f7xx_hal_eth.o
 .debug_info    0x000000000000b076      0x7e9 Drivers/STM32F7xx_HAL_Driver/Src/stm32f7xx_hal_gpio.o
 .debug_info    0x000000000000b85f     0x1147 Drivers/STM32F7xx_HAL_Driver/Src/stm32f7xx_hal_pcd.o
 .debug_info    0x000000000000c9a6      0x810 Drivers/STM32F7xx_HAL_Driver/Src/stm32f7xx_hal_pcd_ex.o
 .debug_info    0x000000000000d1b6      0x9b4 Drivers/STM32F7xx_HAL_Driver/Src/stm32f7xx_hal_pwr.o
 .debug_info    0x000000000000db6a      0x96b Drivers/STM32F7xx_HAL_Driver/Src/stm32f7xx_hal_pwr_ex.o
 .debug_info    0x000000000000e4d5      0x996 Drivers/STM32F7xx_HAL_Driver/Src/stm32f7xx_hal_rcc.o
 .debug_info    0x000000000000ee6b      0x7d1 Drivers/STM32F7xx_HAL_Driver/Src/stm32f7xx_hal_rcc_ex.o
 .debug_info    0x000000000000f63c     0x25bc Drivers/STM32F7xx_HAL_Driver/Src/stm32f7xx_hal_tim.o
 .debug_info    0x0000000000011bf8     0x1307 Drivers/STM32F7xx_HAL_Driver/Src/stm32f7xx_hal_tim_ex.o
 .debug_info    0x0000000000012eff     0x16f7 Drivers/STM32F7xx_HAL_Driver/Src/stm32f7xx_hal_uart.o
 .debug_info    0x00000000000145f6     0x1940 Drivers/STM32F7xx_HAL_Driver/Src/stm32f7xx_ll_usb.o

.debug_abbrev   0x0000000000000000     0x2f06
 .debug_abbrev  0x0000000000000000      0x1a9 Core/Src/eth.o
 .debug_abbrev  0x00000000000001a9      0x13d Core/Src/gpio.o
 .debug_abbrev  0x00000000000002e6      0x1d4 Core/Src/keypad.o
 .debug_abbrev  0x00000000000004ba      0x2ca Core/Src/main.o
 .debug_abbrev  0x0000000000000784      0x109 Core/Src/stm32f7xx_hal_msp.o
 .debug_abbrev  0x000000000000088d      0x172 Core/Src/stm32f7xx_it.o
 .debug_abbrev  0x00000000000009ff      0x19b Core/Src/sysmem.o
 .debug_abbrev  0x0000000000000b9a      0x147 Core/Src/system_stm32f7xx.o
 .debug_abbrev  0x0000000000000ce1      0x1b3 Core/Src/tim.o
 .debug_abbrev  0x0000000000000e94      0x199 Core/Src/usart.o
 .debug_abbrev  0x000000000000102d      0x1b2 Core/Src/usb_otg.o
 .debug_abbrev  0x00000000000011df       0x12 Core/Startup/startup_stm32f767zitx.o
 .debug_abbrev  0x00000000000011f1      0x1c7 Drivers/STM32F7xx_HAL_Driver/Src/stm32f7xx_hal.o
 .debug_abbrev  0x00000000000013b8      0x2fa Drivers/STM32F7xx_HAL_Driver/Src/stm32f7xx_hal_cortex.o
 .debug_abbrev  0x00000000000016b2      0x23e Drivers/STM32F7xx_HAL_Driver/Src/stm32f7xx_hal_eth.o
 .debug_abbrev  0x00000000000018f0      0x1c9 Drivers/STM32F7xx_HAL_Driver/Src/stm32f7xx_hal_gpio.o
 .debug_abbrev  0x0000000000001ab9      0x266 Drivers/STM32F7xx_HAL_Driver/Src/stm32f7xx_hal_pcd.o
 .debug_abbrev  0x0000000000001d1f      0x1c0 Drivers/STM32F7xx_HAL_Driver/Src/stm32f7xx_hal_pcd_ex.o
 .debug_abbrev  0x0000000000001edf      0x1b6 Drivers/STM32F7xx_HAL_Driver/Src/stm32f7xx_hal_pwr.o
 .debug_abbrev  0x0000000000002095      0x1b8 Drivers/STM32F7xx_HAL_Driver/Src/stm32f7xx_hal_pwr_ex.o
 .debug_abbrev  0x000000000000224d      0x268 Drivers/STM32F7xx_HAL_Driver/Src/stm32f7xx_hal_rcc.o
 .debug_abbrev  0x00000000000024b5      0x1ad Drivers/STM32F7xx_HAL_Driver/Src/stm32f7xx_hal_rcc_ex.o
 .debug_abbrev  0x0000000000002662      0x230 Drivers/STM32F7xx_HAL_Driver/Src/stm32f7xx_hal_tim.o
 .debug_abbrev  0x0000000000002892      0x21e Drivers/STM32F7xx_HAL_Driver/Src/stm32f7xx_hal_tim_ex.o
 .debug_abbrev  0x0000000000002ab0      0x205 Drivers/STM32F7xx_HAL_Driver/Src/stm32f7xx_hal_uart.o
 .debug_abbrev  0x0000000000002cb5      0x251 Drivers/STM32F7xx_HAL_Driver/Src/stm32f7xx_ll_usb.o

.debug_aranges  0x0000000000000000     0x1270
 .debug_aranges
                0x0000000000000000       0x30 Core/Src/eth.o
 .debug_aranges
                0x0000000000000030       0x20 Core/Src/gpio.o
 .debug_aranges
                0x0000000000000050       0x38 Core/Src/keypad.o
 .debug_aranges
                0x0000000000000088       0x50 Core/Src/main.o
 .debug_aranges
                0x00000000000000d8       0x20 Core/Src/stm32f7xx_hal_msp.o
 .debug_aranges
                0x00000000000000f8       0x88 Core/Src/stm32f7xx_it.o
 .debug_aranges
                0x0000000000000180       0x20 Core/Src/sysmem.o
 .debug_aranges
                0x00000000000001a0       0x28 Core/Src/system_stm32f7xx.o
 .debug_aranges
                0x00000000000001c8       0x50 Core/Src/tim.o
 .debug_aranges
                0x0000000000000218       0x30 Core/Src/usart.o
 .debug_aranges
                0x0000000000000248       0x30 Core/Src/usb_otg.o
 .debug_aranges
                0x0000000000000278       0x28 Core/Startup/startup_stm32f767zitx.o
 .debug_aranges
                0x00000000000002a0      0x110 Drivers/STM32F7xx_HAL_Driver/Src/stm32f7xx_hal.o
 .debug_aranges
                0x00000000000003b0      0x118 Drivers/STM32F7xx_HAL_Driver/Src/stm32f7xx_hal_cortex.o
 .debug_aranges
                0x00000000000004c8      0x110 Drivers/STM32F7xx_HAL_Driver/Src/stm32f7xx_hal_eth.o
 .debug_aranges
                0x00000000000005d8       0x58 Drivers/STM32F7xx_HAL_Driver/Src/stm32f7xx_hal_gpio.o
 .debug_aranges
                0x0000000000000630      0x130 Drivers/STM32F7xx_HAL_Driver/Src/stm32f7xx_hal_pcd.o
 .debug_aranges
                0x0000000000000760       0x48 Drivers/STM32F7xx_HAL_Driver/Src/stm32f7xx_hal_pcd_ex.o
 .debug_aranges
                0x00000000000007a8       0xa0 Drivers/STM32F7xx_HAL_Driver/Src/stm32f7xx_hal_pwr.o
 .debug_aranges
                0x0000000000000848       0x80 Drivers/STM32F7xx_HAL_Driver/Src/stm32f7xx_hal_pwr_ex.o
 .debug_aranges
                0x00000000000008c8       0x88 Drivers/STM32F7xx_HAL_Driver/Src/stm32f7xx_hal_rcc.o
 .debug_aranges
                0x0000000000000950       0x50 Drivers/STM32F7xx_HAL_Driver/Src/stm32f7xx_hal_rcc_ex.o
 .debug_aranges
                0x00000000000009a0      0x3b8 Drivers/STM32F7xx_HAL_Driver/Src/stm32f7xx_hal_tim.o
 .debug_aranges
                0x0000000000000d58      0x168 Drivers/STM32F7xx_HAL_Driver/Src/stm32f7xx_hal_tim_ex.o
 .debug_aranges
                0x0000000000000ec0      0x218 Drivers/STM32F7xx_HAL_Driver/Src/stm32f7xx_hal_uart.o
 .debug_aranges
                0x00000000000010d8      0x198 Drivers/STM32F7xx_HAL_Driver/Src/stm32f7xx_ll_usb.o

.debug_ranges   0x0000000000000000     0x10d8
 .debug_ranges  0x0000000000000000       0x20 Core/Src/eth.o
 .debug_ranges  0x0000000000000020       0x10 Core/Src/gpio.o
 .debug_ranges  0x0000000000000030       0x28 Core/Src/keypad.o
 .debug_ranges  0x0000000000000058       0x40 Core/Src/main.o
 .debug_ranges  0x0000000000000098       0x10 Core/Src/stm32f7xx_hal_msp.o
 .debug_ranges  0x00000000000000a8       0x78 Core/Src/stm32f7xx_it.o
 .debug_ranges  0x0000000000000120       0x10 Core/Src/sysmem.o
 .debug_ranges  0x0000000000000130       0x18 Core/Src/system_stm32f7xx.o
 .debug_ranges  0x0000000000000148       0x40 Core/Src/tim.o
 .debug_ranges  0x0000000000000188       0x20 Core/Src/usart.o
 .debug_ranges  0x00000000000001a8       0x20 Core/Src/usb_otg.o
 .debug_ranges  0x00000000000001c8       0x20 Core/Startup/startup_stm32f767zitx.o
 .debug_ranges  0x00000000000001e8      0x100 Drivers/STM32F7xx_HAL_Driver/Src/stm32f7xx_hal.o
 .debug_ranges  0x00000000000002e8      0x108 Drivers/STM32F7xx_HAL_Driver/Src/stm32f7xx_hal_cortex.o
 .debug_ranges  0x00000000000003f0      0x100 Drivers/STM32F7xx_HAL_Driver/Src/stm32f7xx_hal_eth.o
 .debug_ranges  0x00000000000004f0       0x48 Drivers/STM32F7xx_HAL_Driver/Src/stm32f7xx_hal_gpio.o
 .debug_ranges  0x0000000000000538      0x120 Drivers/STM32F7xx_HAL_Driver/Src/stm32f7xx_hal_pcd.o
 .debug_ranges  0x0000000000000658       0x38 Drivers/STM32F7xx_HAL_Driver/Src/stm32f7xx_hal_pcd_ex.o
 .debug_ranges  0x0000000000000690       0x90 Drivers/STM32F7xx_HAL_Driver/Src/stm32f7xx_hal_pwr.o
 .debug_ranges  0x0000000000000720       0x70 Drivers/STM32F7xx_HAL_Driver/Src/stm32f7xx_hal_pwr_ex.o
 .debug_ranges  0x0000000000000790       0x78 Drivers/STM32F7xx_HAL_Driver/Src/stm32f7xx_hal_rcc.o
 .debug_ranges  0x0000000000000808       0x40 Drivers/STM32F7xx_HAL_Driver/Src/stm32f7xx_hal_rcc_ex.o
 .debug_ranges  0x0000000000000848      0x3a8 Drivers/STM32F7xx_HAL_Driver/Src/stm32f7xx_hal_tim.o
 .debug_ranges  0x0000000000000bf0      0x158 Drivers/STM32F7xx_HAL_Driver/Src/stm32f7xx_hal_tim_ex.o
 .debug_ranges  0x0000000000000d48      0x208 Drivers/STM32F7xx_HAL_Driver/Src/stm32f7xx_hal_uart.o
 .debug_ranges  0x0000000000000f50      0x188 Drivers/STM32F7xx_HAL_Driver/Src/stm32f7xx_ll_usb.o

.debug_macro    0x0000000000000000    0x2a661
 .debug_macro   0x0000000000000000      0x22a Core/Src/eth.o
 .debug_macro   0x000000000000022a      0xa66 Core/Src/eth.o
 .debug_macro   0x0000000000000c90      0x2ad Core/Src/eth.o
 .debug_macro   0x0000000000000f3d       0x2e Core/Src/eth.o
 .debug_macro   0x0000000000000f6b       0x3b Core/Src/eth.o
 .debug_macro   0x0000000000000fa6       0x22 Core/Src/eth.o
 .debug_macro   0x0000000000000fc8       0x8e Core/Src/eth.o
 .debug_macro   0x0000000000001056       0x51 Core/Src/eth.o
 .debug_macro   0x00000000000010a7       0xef Core/Src/eth.o
 .debug_macro   0x0000000000001196       0x6a Core/Src/eth.o
 .debug_macro   0x0000000000001200      0x1df Core/Src/eth.o
 .debug_macro   0x00000000000013df       0x1c Core/Src/eth.o
 .debug_macro   0x00000000000013fb       0x22 Core/Src/eth.o
 .debug_macro   0x000000000000141d       0xdf Core/Src/eth.o
 .debug_macro   0x00000000000014fc     0x12cd Core/Src/eth.o
 .debug_macro   0x00000000000027c9      0x11f Core/Src/eth.o
 .debug_macro   0x00000000000028e8       0x19 Core/Src/eth.o
 .debug_macro   0x0000000000002901    0x1a9b4 Core/Src/eth.o
 .debug_macro   0x000000000001d2b5       0x43 Core/Src/eth.o
 .debug_macro   0x000000000001d2f8     0x36b4 Core/Src/eth.o
 .debug_macro   0x00000000000209ac      0x174 Core/Src/eth.o
 .debug_macro   0x0000000000020b20       0x61 Core/Src/eth.o
 .debug_macro   0x0000000000020b81     0x1add Core/Src/eth.o
 .debug_macro   0x000000000002265e      0x6c4 Core/Src/eth.o
 .debug_macro   0x0000000000022d22      0x18b Core/Src/eth.o
 .debug_macro   0x0000000000022ead      0x117 Core/Src/eth.o
 .debug_macro   0x0000000000022fc4      0x26f Core/Src/eth.o
 .debug_macro   0x0000000000023233       0x27 Core/Src/eth.o
 .debug_macro   0x000000000002325a      0x24f Core/Src/eth.o
 .debug_macro   0x00000000000234a9       0x71 Core/Src/eth.o
 .debug_macro   0x000000000002351a       0x58 Core/Src/eth.o
 .debug_macro   0x0000000000023572      0x236 Core/Src/eth.o
 .debug_macro   0x00000000000237a8      0xccf Core/Src/eth.o
 .debug_macro   0x0000000000024477      0x14f Core/Src/eth.o
 .debug_macro   0x00000000000245c6      0x3dc Core/Src/eth.o
 .debug_macro   0x00000000000249a2       0x12 Core/Src/eth.o
 .debug_macro   0x00000000000249b4      0x22c Core/Src/eth.o
 .debug_macro   0x0000000000024be0       0x61 Core/Src/eth.o
 .debug_macro   0x0000000000024c41       0xa5 Core/Src/eth.o
 .debug_macro   0x0000000000024ce6      0x12f Core/Src/eth.o
 .debug_macro   0x0000000000024e15      0x108 Core/Src/eth.o
 .debug_macro   0x0000000000024f1d       0x35 Core/Src/eth.o
 .debug_macro   0x0000000000024f52      0xa3d Core/Src/eth.o
 .debug_macro   0x000000000002598f       0xa9 Core/Src/eth.o
 .debug_macro   0x0000000000025a38      0x589 Core/Src/eth.o
 .debug_macro   0x0000000000025fc1       0x44 Core/Src/eth.o
 .debug_macro   0x0000000000026005      0x233 Core/Src/eth.o
 .debug_macro   0x0000000000026238       0xba Core/Src/eth.o
 .debug_macro   0x00000000000262f2      0x15c Core/Src/eth.o
 .debug_macro   0x000000000002644e      0x1ce Core/Src/eth.o
 .debug_macro   0x000000000002661c      0x22a Core/Src/gpio.o
 .debug_macro   0x0000000000026846      0x239 Core/Src/keypad.o
 .debug_macro   0x0000000000026a7f       0x10 Core/Src/keypad.o
 .debug_macro   0x0000000000026a8f      0x435 Core/Src/main.o
 .debug_macro   0x0000000000026ec4       0x46 Core/Src/main.o
 .debug_macro   0x0000000000026f0a       0x16 Core/Src/main.o
 .debug_macro   0x0000000000026f20       0x35 Core/Src/main.o
 .debug_macro   0x0000000000026f55      0x32a Core/Src/main.o
 .debug_macro   0x000000000002727f       0x10 Core/Src/main.o
 .debug_macro   0x000000000002728f       0x10 Core/Src/main.o
 .debug_macro   0x000000000002729f       0x1c Core/Src/main.o
 .debug_macro   0x00000000000272bb       0x52 Core/Src/main.o
 .debug_macro   0x000000000002730d       0x40 Core/Src/main.o
 .debug_macro   0x000000000002734d       0x10 Core/Src/main.o
 .debug_macro   0x000000000002735d       0x40 Core/Src/main.o
 .debug_macro   0x000000000002739d       0xd7 Core/Src/main.o
 .debug_macro   0x0000000000027474       0x1c Core/Src/main.o
 .debug_macro   0x0000000000027490       0x3d Core/Src/main.o
 .debug_macro   0x00000000000274cd       0x16 Core/Src/main.o
 .debug_macro   0x00000000000274e3      0x145 Core/Src/main.o
 .debug_macro   0x0000000000027628      0x1e1 Core/Src/main.o
 .debug_macro   0x0000000000027809       0x16 Core/Src/main.o
 .debug_macro   0x000000000002781f       0x20 Core/Src/main.o
 .debug_macro   0x000000000002783f       0x22 Core/Src/main.o
 .debug_macro   0x0000000000027861       0x16 Core/Src/main.o
 .debug_macro   0x0000000000027877      0x220 Core/Src/stm32f7xx_hal_msp.o
 .debug_macro   0x0000000000027a97      0x22a Core/Src/stm32f7xx_it.o
 .debug_macro   0x0000000000027cc1       0xee Core/Src/sysmem.o
 .debug_macro   0x0000000000027daf      0x23b Core/Src/sysmem.o
 .debug_macro   0x0000000000027fea      0x217 Core/Src/system_stm32f7xx.o
 .debug_macro   0x0000000000028201      0x22a Core/Src/tim.o
 .debug_macro   0x000000000002842b      0x22a Core/Src/usart.o
 .debug_macro   0x0000000000028655      0x22a Core/Src/usb_otg.o
 .debug_macro   0x000000000002887f      0x235 Drivers/STM32F7xx_HAL_Driver/Src/stm32f7xx_hal.o
 .debug_macro   0x0000000000028ab4      0x211 Drivers/STM32F7xx_HAL_Driver/Src/stm32f7xx_hal_cortex.o
 .debug_macro   0x0000000000028cc5      0x227 Drivers/STM32F7xx_HAL_Driver/Src/stm32f7xx_hal_eth.o
 .debug_macro   0x0000000000028eec      0x247 Drivers/STM32F7xx_HAL_Driver/Src/stm32f7xx_hal_gpio.o
 .debug_macro   0x0000000000029133      0x21d Drivers/STM32F7xx_HAL_Driver/Src/stm32f7xx_hal_pcd.o
 .debug_macro   0x0000000000029350      0x211 Drivers/STM32F7xx_HAL_Driver/Src/stm32f7xx_hal_pcd_ex.o
 .debug_macro   0x0000000000029561      0x22f Drivers/STM32F7xx_HAL_Driver/Src/stm32f7xx_hal_pwr.o
 .debug_macro   0x0000000000029790      0x229 Drivers/STM32F7xx_HAL_Driver/Src/stm32f7xx_hal_pwr_ex.o
 .debug_macro   0x00000000000299b9      0x235 Drivers/STM32F7xx_HAL_Driver/Src/stm32f7xx_hal_rcc.o
 .debug_macro   0x0000000000029bee      0x211 Drivers/STM32F7xx_HAL_Driver/Src/stm32f7xx_hal_rcc_ex.o
 .debug_macro   0x0000000000029dff      0x212 Drivers/STM32F7xx_HAL_Driver/Src/stm32f7xx_hal_tim.o
 .debug_macro   0x000000000002a011      0x211 Drivers/STM32F7xx_HAL_Driver/Src/stm32f7xx_hal_tim_ex.o
 .debug_macro   0x000000000002a222      0x22e Drivers/STM32F7xx_HAL_Driver/Src/stm32f7xx_hal_uart.o
 .debug_macro   0x000000000002a450      0x211 Drivers/STM32F7xx_HAL_Driver/Src/stm32f7xx_ll_usb.o

.debug_line     0x0000000000000000    0x12997
 .debug_line    0x0000000000000000      0x918 Core/Src/eth.o
 .debug_line    0x0000000000000918      0x8ff Core/Src/gpio.o
 .debug_line    0x0000000000001217      0x92e Core/Src/keypad.o
 .debug_line    0x0000000000001b45      0xc5c Core/Src/main.o
 .debug_line    0x00000000000027a1      0x8c6 Core/Src/stm32f7xx_hal_msp.o
 .debug_line    0x0000000000003067      0x9c7 Core/Src/stm32f7xx_it.o
 .debug_line    0x0000000000003a2e      0x684 Core/Src/sysmem.o
 .debug_line    0x00000000000040b2      0x8df Core/Src/system_stm32f7xx.o
 .debug_line    0x0000000000004991      0x978 Core/Src/tim.o
 .debug_line    0x0000000000005309      0x8fc Core/Src/usart.o
 .debug_line    0x0000000000005c05      0x907 Core/Src/usb_otg.o
 .debug_line    0x000000000000650c       0x85 Core/Startup/startup_stm32f767zitx.o
 .debug_line    0x0000000000006591      0xb12 Drivers/STM32F7xx_HAL_Driver/Src/stm32f7xx_hal.o
 .debug_line    0x00000000000070a3      0xbef Drivers/STM32F7xx_HAL_Driver/Src/stm32f7xx_hal_cortex.o
 .debug_line    0x0000000000007c92      0xf9c Drivers/STM32F7xx_HAL_Driver/Src/stm32f7xx_hal_eth.o
 .debug_line    0x0000000000008c2e      0xad3 Drivers/STM32F7xx_HAL_Driver/Src/stm32f7xx_hal_gpio.o
 .debug_line    0x0000000000009701      0xe43 Drivers/STM32F7xx_HAL_Driver/Src/stm32f7xx_hal_pcd.o
 .debug_line    0x000000000000a544      0x951 Drivers/STM32F7xx_HAL_Driver/Src/stm32f7xx_hal_pcd_ex.o
 .debug_line    0x000000000000ae95      0xa33 Drivers/STM32F7xx_HAL_Driver/Src/stm32f7xx_hal_pwr.o
 .debug_line    0x000000000000b8c8      0xa0f Drivers/STM32F7xx_HAL_Driver/Src/stm32f7xx_hal_pwr_ex.o
 .debug_line    0x000000000000c2d7      0xb78 Drivers/STM32F7xx_HAL_Driver/Src/stm32f7xx_hal_rcc.o
 .debug_line    0x000000000000ce4f      0xaef Drivers/STM32F7xx_HAL_Driver/Src/stm32f7xx_hal_rcc_ex.o
 .debug_line    0x000000000000d93e     0x1c0b Drivers/STM32F7xx_HAL_Driver/Src/stm32f7xx_hal_tim.o
 .debug_line    0x000000000000f549      0xfc5 Drivers/STM32F7xx_HAL_Driver/Src/stm32f7xx_hal_tim_ex.o
 .debug_line    0x000000000001050e     0x1492 Drivers/STM32F7xx_HAL_Driver/Src/stm32f7xx_hal_uart.o
 .debug_line    0x00000000000119a0      0xff7 Drivers/STM32F7xx_HAL_Driver/Src/stm32f7xx_ll_usb.o

.debug_str      0x0000000000000000   0x106eb3
 .debug_str     0x0000000000000000    0xfc4fa Core/Src/eth.o
                                      0xfcc11 (size before relaxing)
 .debug_str     0x00000000000fc4fa      0x654 Core/Src/gpio.o
                                      0xfcd8e (size before relaxing)
 .debug_str     0x00000000000fcb4e      0x481 Core/Src/keypad.o
                                      0xfcb17 (size before relaxing)
 .debug_str     0x00000000000fcfcf     0x5476 Core/Src/main.o
                                     0x10260a (size before relaxing)
 .debug_str     0x0000000000102445       0x2c Core/Src/stm32f7xx_hal_msp.o
                                      0xfc6b4 (size before relaxing)
 .debug_str     0x0000000000102471      0x119 Core/Src/stm32f7xx_it.o
                                      0xfcb08 (size before relaxing)
 .debug_str     0x000000000010258a      0x4e9 Core/Src/sysmem.o
                                       0x5f94 (size before relaxing)
 .debug_str     0x0000000000102a73      0x179 Core/Src/system_stm32f7xx.o
                                      0xfc0f3 (size before relaxing)
 .debug_str     0x0000000000102bec      0x131 Core/Src/tim.o
                                      0xfd336 (size before relaxing)
 .debug_str     0x0000000000102d1d       0x57 Core/Src/usart.o
                                      0xfcbbb (size before relaxing)
 .debug_str     0x0000000000102d74       0x59 Core/Src/usb_otg.o
                                      0xfcb53 (size before relaxing)
 .debug_str     0x0000000000102dcd       0x36 Core/Startup/startup_stm32f767zitx.o
                                         0x82 (size before relaxing)
 .debug_str     0x0000000000102e03      0x3c7 Drivers/STM32F7xx_HAL_Driver/Src/stm32f7xx_hal.o
                                      0xfca7c (size before relaxing)
 .debug_str     0x00000000001031ca      0x38a Drivers/STM32F7xx_HAL_Driver/Src/stm32f7xx_hal_cortex.o
                                      0xfcae8 (size before relaxing)
 .debug_str     0x0000000000103554      0x749 Drivers/STM32F7xx_HAL_Driver/Src/stm32f7xx_hal_eth.o
                                      0xfcbff (size before relaxing)
 .debug_str     0x0000000000103c9d      0x224 Drivers/STM32F7xx_HAL_Driver/Src/stm32f7xx_hal_gpio.o
                                      0xfc2c9 (size before relaxing)
 .debug_str     0x0000000000103ec1      0x535 Drivers/STM32F7xx_HAL_Driver/Src/stm32f7xx_hal_pcd.o
                                      0xfc7d8 (size before relaxing)
 .debug_str     0x00000000001043f6      0x16d Drivers/STM32F7xx_HAL_Driver/Src/stm32f7xx_hal_pcd_ex.o
                                      0xfc400 (size before relaxing)
 .debug_str     0x0000000000104563      0x2c5 Drivers/STM32F7xx_HAL_Driver/Src/stm32f7xx_hal_pwr.o
                                      0xfc3ab (size before relaxing)
 .debug_str     0x0000000000104828      0x1b5 Drivers/STM32F7xx_HAL_Driver/Src/stm32f7xx_hal_pwr_ex.o
                                      0xfc36d (size before relaxing)
 .debug_str     0x00000000001049dd      0x27f Drivers/STM32F7xx_HAL_Driver/Src/stm32f7xx_hal_rcc.o
                                      0xfc427 (size before relaxing)
 .debug_str     0x0000000000104c5c      0x157 Drivers/STM32F7xx_HAL_Driver/Src/stm32f7xx_hal_rcc_ex.o
                                      0xfc3dc (size before relaxing)
 .debug_str     0x0000000000104db3      0xceb Drivers/STM32F7xx_HAL_Driver/Src/stm32f7xx_hal_tim.o
                                      0xfd17f (size before relaxing)
 .debug_str     0x0000000000105a9e      0x5a2 Drivers/STM32F7xx_HAL_Driver/Src/stm32f7xx_hal_tim_ex.o
                                      0xfca92 (size before relaxing)
 .debug_str     0x0000000000106040      0x7f9 Drivers/STM32F7xx_HAL_Driver/Src/stm32f7xx_hal_uart.o
                                      0xfcc6c (size before relaxing)
 .debug_str     0x0000000000106839      0x67a Drivers/STM32F7xx_HAL_Driver/Src/stm32f7xx_ll_usb.o
                                      0xfc924 (size before relaxing)

.comment        0x0000000000000000       0x7b
 .comment       0x0000000000000000       0x7b Core/Src/eth.o
                                         0x7c (size before relaxing)
 .comment       0x000000000000007b       0x7c Core/Src/gpio.o
 .comment       0x000000000000007b       0x7c Core/Src/keypad.o
 .comment       0x000000000000007b       0x7c Core/Src/main.o
 .comment       0x000000000000007b       0x7c Core/Src/stm32f7xx_hal_msp.o
 .comment       0x000000000000007b       0x7c Core/Src/stm32f7xx_it.o
 .comment       0x000000000000007b       0x7c Core/Src/sysmem.o
 .comment       0x000000000000007b       0x7c Core/Src/system_stm32f7xx.o
 .comment       0x000000000000007b       0x7c Core/Src/tim.o
 .comment       0x000000000000007b       0x7c Core/Src/usart.o
 .comment       0x000000000000007b       0x7c Core/Src/usb_otg.o
 .comment       0x000000000000007b       0x7c Drivers/STM32F7xx_HAL_Driver/Src/stm32f7xx_hal.o
 .comment       0x000000000000007b       0x7c Drivers/STM32F7xx_HAL_Driver/Src/stm32f7xx_hal_cortex.o
 .comment       0x000000000000007b       0x7c Drivers/STM32F7xx_HAL_Driver/Src/stm32f7xx_hal_eth.o
 .comment       0x000000000000007b       0x7c Drivers/STM32F7xx_HAL_Driver/Src/stm32f7xx_hal_gpio.o
 .comment       0x000000000000007b       0x7c Drivers/STM32F7xx_HAL_Driver/Src/stm32f7xx_hal_pcd.o
 .comment       0x000000000000007b       0x7c Drivers/STM32F7xx_HAL_Driver/Src/stm32f7xx_hal_pcd_ex.o
 .comment       0x000000000000007b       0x7c Drivers/STM32F7xx_HAL_Driver/Src/stm32f7xx_hal_pwr.o
 .comment       0x000000000000007b       0x7c Drivers/STM32F7xx_HAL_Driver/Src/stm32f7xx_hal_pwr_ex.o
 .comment       0x000000000000007b       0x7c Drivers/STM32F7xx_HAL_Driver/Src/stm32f7xx_hal_rcc.o
 .comment       0x000000000000007b       0x7c Drivers/STM32F7xx_HAL_Driver/Src/stm32f7xx_hal_rcc_ex.o
 .comment       0x000000000000007b       0x7c Drivers/STM32F7xx_HAL_Driver/Src/stm32f7xx_hal_tim.o